
2025-01-14T07:59:47.719447+00:00 virtual3 systemd[1]: Listening on syslog.socket - Syslog Socket.
2025-01-14T07:59:47.724616+00:00 virtual3 systemd[1]: Starting rsyslog.service - System Logging Service...
2025-01-14T07:59:47.728161+00:00 virtual3 systemd[1]: Started rsyslog.service - System Logging Service.
2025-01-14T07:59:47.731901+00:00 virtual3 kernel: [    0.000000] Linux version 6.1.0-29-amd64 (debian-kernel@lists.debian.org) (gcc-12 (Debian 12.2.0-14) 12.2.0, GNU ld (GNU Binutils for Debian) 2.40) #1 SMP PREEMPT_DYNAMIC Debian 6.1.123-1 (2025-01-02)
2025-01-14T07:59:47.731928+00:00 virtual3 kernel: [    0.000000] Command line: BOOT_IMAGE=/boot/vmlinuz-6.1.0-29-amd64 root=UUID=4826af56-a920-4c87-b564-09cd7bb1bc85 ro quiet
2025-01-14T07:59:47.731933+00:00 virtual3 kernel: [    0.000000] BIOS-provided physical RAM map:
2025-01-14T07:59:47.731933+00:00 virtual3 kernel: [    0.000000] BIOS-e820: [mem 0x0000000000000000-0x000000000009e7ff] usable
2025-01-14T07:59:47.731934+00:00 virtual3 kernel: [    0.000000] BIOS-e820: [mem 0x000000000009e800-0x000000000009ffff] reserved
2025-01-14T07:59:47.731935+00:00 virtual3 kernel: [    0.000000] BIOS-e820: [mem 0x00000000000dc000-0x00000000000fffff] reserved
2025-01-14T07:59:47.731936+00:00 virtual3 kernel: [    0.000000] BIOS-e820: [mem 0x0000000000100000-0x00000000bfedffff] usable
2025-01-14T07:59:47.731949+00:00 virtual3 kernel: [    0.000000] BIOS-e820: [mem 0x00000000bfee0000-0x00000000bfefefff] ACPI data
2025-01-14T07:59:47.731953+00:00 virtual3 kernel: [    0.000000] BIOS-e820: [mem 0x00000000bfeff000-0x00000000bfefffff] ACPI NVS
2025-01-14T07:59:47.731954+00:00 virtual3 kernel: [    0.000000] BIOS-e820: [mem 0x00000000bff00000-0x00000000bfffffff] usable
2025-01-14T07:59:47.731954+00:00 virtual3 kernel: [    0.000000] BIOS-e820: [mem 0x00000000f0000000-0x00000000f7ffffff] reserved
2025-01-14T07:59:47.731955+00:00 virtual3 kernel: [    0.000000] BIOS-e820: [mem 0x00000000fec00000-0x00000000fec0ffff] reserved
2025-01-14T07:59:47.731956+00:00 virtual3 kernel: [    0.000000] BIOS-e820: [mem 0x00000000fee00000-0x00000000fee00fff] reserved
2025-01-14T07:59:47.731956+00:00 virtual3 kernel: [    0.000000] BIOS-e820: [mem 0x00000000fffe0000-0x00000000ffffffff] reserved
2025-01-14T07:59:47.731969+00:00 virtual3 kernel: [    0.000000] BIOS-e820: [mem 0x0000000100000000-0x000000013fffffff] usable
2025-01-14T07:59:47.731973+00:00 virtual3 kernel: [    0.000000] NX (Execute Disable) protection: active
2025-01-14T07:59:47.731974+00:00 virtual3 kernel: [    0.000000] SMBIOS 2.7 present.
2025-01-14T07:59:47.731975+00:00 virtual3 kernel: [    0.000000] DMI: VMware, Inc. VMware Virtual Platform/440BX Desktop Reference Platform, BIOS 6.00 11/12/2020
2025-01-14T07:59:47.731976+00:00 virtual3 kernel: [    0.000000] vmware: hypercall mode: 0x02
2025-01-14T07:59:47.731976+00:00 virtual3 kernel: [    0.000000] Hypervisor detected: VMware
2025-01-14T07:59:47.731988+00:00 virtual3 kernel: [    0.000000] vmware: TSC freq read from hypervisor : 2688.011 MHz
2025-01-14T07:59:47.731992+00:00 virtual3 kernel: [    0.000000] vmware: Host bus clock speed read from hypervisor : 66000000 Hz
2025-01-14T07:59:47.731993+00:00 virtual3 kernel: [    0.000000] vmware: using clock offset of 71344590257 ns
2025-01-14T07:59:47.731994+00:00 virtual3 kernel: [    0.000034] tsc: Detected 2688.011 MHz processor
2025-01-14T07:59:47.731994+00:00 virtual3 kernel: [    0.002924] e820: update [mem 0x00000000-0x00000fff] usable ==> reserved
2025-01-14T07:59:47.731995+00:00 virtual3 kernel: [    0.002927] e820: remove [mem 0x000a0000-0x000fffff] usable
2025-01-14T07:59:47.732006+00:00 virtual3 kernel: [    0.002938] last_pfn = 0x140000 max_arch_pfn = 0x400000000
2025-01-14T07:59:47.732010+00:00 virtual3 kernel: [    0.003035] x86/PAT: Configuration [0-7]: WB  WC  UC- UC  WB  WP  UC- WT  
2025-01-14T07:59:47.732011+00:00 virtual3 kernel: [    0.003060] e820: update [mem 0xc0000000-0xffffffff] usable ==> reserved
2025-01-14T07:59:47.732012+00:00 virtual3 kernel: [    0.003070] last_pfn = 0xc0000 max_arch_pfn = 0x400000000
2025-01-14T07:59:47.732012+00:00 virtual3 kernel: [    0.024757] found SMP MP-table at [mem 0x000f6a70-0x000f6a7f]
2025-01-14T07:59:47.732013+00:00 virtual3 kernel: [    0.024806] Using GB pages for direct mapping
2025-01-14T07:59:47.732014+00:00 virtual3 kernel: [    0.024808] Incomplete global flushes, disabling PCID
2025-01-14T07:59:47.732025+00:00 virtual3 kernel: [    0.025290] RAMDISK: [mem 0x31187000-0x348bafff]
2025-01-14T07:59:47.732029+00:00 virtual3 kernel: [    0.025302] ACPI: Early table checksum verification disabled
2025-01-14T07:59:47.732030+00:00 virtual3 kernel: [    0.025309] ACPI: RSDP 0x00000000000F6A00 000024 (v02 PTLTD )
2025-01-14T07:59:47.732031+00:00 virtual3 kernel: [    0.025320] ACPI: XSDT 0x00000000BFEEA65B 00005C (v01 INTEL  440BX    06040000 VMW  01324272)
2025-01-14T07:59:47.732032+00:00 virtual3 kernel: [    0.025332] ACPI: FACP 0x00000000BFEFEE73 0000F4 (v04 INTEL  440BX    06040000 PTL  000F4240)
2025-01-14T07:59:47.732033+00:00 virtual3 kernel: [    0.025344] ACPI: DSDT 0x00000000BFEEB7E9 01368A (v01 PTLTD  Custom   06040000 MSFT 03000001)
2025-01-14T07:59:47.732045+00:00 virtual3 kernel: [    0.025378] ACPI: FACS 0x00000000BFEFFFC0 000040
2025-01-14T07:59:47.732049+00:00 virtual3 kernel: [    0.025386] ACPI: FACS 0x00000000BFEFFFC0 000040
2025-01-14T07:59:47.732050+00:00 virtual3 kernel: [    0.025393] ACPI: BOOT 0x00000000BFEEB7C1 000028 (v01 PTLTD  $SBFTBL$ 06040000  LTP 00000001)
2025-01-14T07:59:47.732050+00:00 virtual3 kernel: [    0.025400] ACPI: APIC 0x00000000BFEEB07F 000742 (v01 PTLTD  ? APIC   06040000  LTP 00000000)
2025-01-14T07:59:47.732051+00:00 virtual3 kernel: [    0.025408] ACPI: MCFG 0x00000000BFEEB043 00003C (v01 PTLTD  $PCITBL$ 06040000  LTP 00000001)
2025-01-14T07:59:47.732052+00:00 virtual3 kernel: [    0.025415] ACPI: SRAT 0x00000000BFEEA757 0008A8 (v02 VMWARE MEMPLUG  06040000 VMW  00000001)
2025-01-14T07:59:47.732064+00:00 virtual3 kernel: [    0.025422] ACPI: HPET 0x00000000BFEEA71F 000038 (v01 VMWARE VMW HPET 06040000 VMW  00000001)
2025-01-14T07:59:47.732068+00:00 virtual3 kernel: [    0.025429] ACPI: WAET 0x00000000BFEEA6F7 000028 (v01 VMWARE VMW WAET 06040000 VMW  00000001)
2025-01-14T07:59:47.732069+00:00 virtual3 kernel: [    0.025435] ACPI: Reserving FACP table memory at [mem 0xbfefee73-0xbfefef66]
2025-01-14T07:59:47.732070+00:00 virtual3 kernel: [    0.025438] ACPI: Reserving DSDT table memory at [mem 0xbfeeb7e9-0xbfefee72]
2025-01-14T07:59:47.732071+00:00 virtual3 kernel: [    0.025439] ACPI: Reserving FACS table memory at [mem 0xbfefffc0-0xbfefffff]
2025-01-14T07:59:47.732071+00:00 virtual3 kernel: [    0.025441] ACPI: Reserving FACS table memory at [mem 0xbfefffc0-0xbfefffff]
2025-01-14T07:59:47.732072+00:00 virtual3 kernel: [    0.025442] ACPI: Reserving BOOT table memory at [mem 0xbfeeb7c1-0xbfeeb7e8]
2025-01-14T07:59:47.732088+00:00 virtual3 kernel: [    0.025443] ACPI: Reserving APIC table memory at [mem 0xbfeeb07f-0xbfeeb7c0]
2025-01-14T07:59:47.732092+00:00 virtual3 kernel: [    0.025445] ACPI: Reserving MCFG table memory at [mem 0xbfeeb043-0xbfeeb07e]
2025-01-14T07:59:47.732093+00:00 virtual3 kernel: [    0.025446] ACPI: Reserving SRAT table memory at [mem 0xbfeea757-0xbfeeaffe]
2025-01-14T07:59:47.732176+00:00 virtual3 kernel: [    0.025447] ACPI: Reserving HPET table memory at [mem 0xbfeea71f-0xbfeea756]
2025-01-14T07:59:47.732181+00:00 virtual3 kernel: [    0.025449] ACPI: Reserving WAET table memory at [mem 0xbfeea6f7-0xbfeea71e]
2025-01-14T07:59:47.732182+00:00 virtual3 kernel: [    0.025582] system APIC only can use physical flat
2025-01-14T07:59:47.732203+00:00 virtual3 kernel: [    0.025584] Setting APIC routing to physical flat.
2025-01-14T07:59:47.732208+00:00 virtual3 kernel: [    0.025614] SRAT: PXM 0 -> APIC 0x00 -> Node 0
2025-01-14T07:59:47.732208+00:00 virtual3 kernel: [    0.025617] SRAT: PXM 0 -> APIC 0x02 -> Node 0
2025-01-14T07:59:47.732209+00:00 virtual3 kernel: [    0.025619] SRAT: PXM 0 -> APIC 0x04 -> Node 0
2025-01-14T07:59:47.732210+00:00 virtual3 kernel: [    0.025620] SRAT: PXM 0 -> APIC 0x06 -> Node 0
2025-01-14T07:59:47.732210+00:00 virtual3 kernel: [    0.025621] SRAT: PXM 0 -> APIC 0x08 -> Node 0
2025-01-14T07:59:47.732211+00:00 virtual3 kernel: [    0.025622] SRAT: PXM 0 -> APIC 0x0a -> Node 0
2025-01-14T07:59:47.732223+00:00 virtual3 kernel: [    0.025623] SRAT: PXM 0 -> APIC 0x0c -> Node 0
2025-01-14T07:59:47.732227+00:00 virtual3 kernel: [    0.025624] SRAT: PXM 0 -> APIC 0x0e -> Node 0
2025-01-14T07:59:47.732227+00:00 virtual3 kernel: [    0.025625] SRAT: PXM 0 -> APIC 0x10 -> Node 0
2025-01-14T07:59:47.732228+00:00 virtual3 kernel: [    0.025627] SRAT: PXM 0 -> APIC 0x12 -> Node 0
2025-01-14T07:59:47.732229+00:00 virtual3 kernel: [    0.025628] SRAT: PXM 0 -> APIC 0x14 -> Node 0
2025-01-14T07:59:47.732229+00:00 virtual3 kernel: [    0.025629] SRAT: PXM 0 -> APIC 0x16 -> Node 0
2025-01-14T07:59:47.732241+00:00 virtual3 kernel: [    0.025630] SRAT: PXM 0 -> APIC 0x18 -> Node 0
2025-01-14T07:59:47.732244+00:00 virtual3 kernel: [    0.025631] SRAT: PXM 0 -> APIC 0x1a -> Node 0
2025-01-14T07:59:47.732245+00:00 virtual3 kernel: [    0.025632] SRAT: PXM 0 -> APIC 0x1c -> Node 0
2025-01-14T07:59:47.732246+00:00 virtual3 kernel: [    0.025633] SRAT: PXM 0 -> APIC 0x1e -> Node 0
2025-01-14T07:59:47.732246+00:00 virtual3 kernel: [    0.025634] SRAT: PXM 0 -> APIC 0x20 -> Node 0
2025-01-14T07:59:47.732247+00:00 virtual3 kernel: [    0.025636] SRAT: PXM 0 -> APIC 0x22 -> Node 0
2025-01-14T07:59:47.732258+00:00 virtual3 kernel: [    0.025637] SRAT: PXM 0 -> APIC 0x24 -> Node 0
2025-01-14T07:59:47.732262+00:00 virtual3 kernel: [    0.025638] SRAT: PXM 0 -> APIC 0x26 -> Node 0
2025-01-14T07:59:47.732262+00:00 virtual3 kernel: [    0.025639] SRAT: PXM 0 -> APIC 0x28 -> Node 0
2025-01-14T07:59:47.732263+00:00 virtual3 kernel: [    0.025640] SRAT: PXM 0 -> APIC 0x2a -> Node 0
2025-01-14T07:59:47.732264+00:00 virtual3 kernel: [    0.025641] SRAT: PXM 0 -> APIC 0x2c -> Node 0
2025-01-14T07:59:47.732264+00:00 virtual3 kernel: [    0.025643] SRAT: PXM 0 -> APIC 0x2e -> Node 0
2025-01-14T07:59:47.732265+00:00 virtual3 kernel: [    0.025644] SRAT: PXM 0 -> APIC 0x30 -> Node 0
2025-01-14T07:59:47.732276+00:00 virtual3 kernel: [    0.025645] SRAT: PXM 0 -> APIC 0x32 -> Node 0
2025-01-14T07:59:47.732280+00:00 virtual3 kernel: [    0.025646] SRAT: PXM 0 -> APIC 0x34 -> Node 0
2025-01-14T07:59:47.732280+00:00 virtual3 kernel: [    0.025647] SRAT: PXM 0 -> APIC 0x36 -> Node 0
2025-01-14T07:59:47.732281+00:00 virtual3 kernel: [    0.025648] SRAT: PXM 0 -> APIC 0x38 -> Node 0
2025-01-14T07:59:47.732282+00:00 virtual3 kernel: [    0.025649] SRAT: PXM 0 -> APIC 0x3a -> Node 0
2025-01-14T07:59:47.732282+00:00 virtual3 kernel: [    0.025650] SRAT: PXM 0 -> APIC 0x3c -> Node 0
2025-01-14T07:59:47.732293+00:00 virtual3 kernel: [    0.025652] SRAT: PXM 0 -> APIC 0x3e -> Node 0
2025-01-14T07:59:47.732297+00:00 virtual3 kernel: [    0.025653] SRAT: PXM 0 -> APIC 0x40 -> Node 0
2025-01-14T07:59:47.732298+00:00 virtual3 kernel: [    0.025654] SRAT: PXM 0 -> APIC 0x42 -> Node 0
2025-01-14T07:59:47.732298+00:00 virtual3 kernel: [    0.025655] SRAT: PXM 0 -> APIC 0x44 -> Node 0
2025-01-14T07:59:47.732299+00:00 virtual3 kernel: [    0.025656] SRAT: PXM 0 -> APIC 0x46 -> Node 0
2025-01-14T07:59:47.732300+00:00 virtual3 kernel: [    0.025657] SRAT: PXM 0 -> APIC 0x48 -> Node 0
2025-01-14T07:59:47.732300+00:00 virtual3 kernel: [    0.025658] SRAT: PXM 0 -> APIC 0x4a -> Node 0
2025-01-14T07:59:47.732311+00:00 virtual3 kernel: [    0.025659] SRAT: PXM 0 -> APIC 0x4c -> Node 0
2025-01-14T07:59:47.732315+00:00 virtual3 kernel: [    0.025660] SRAT: PXM 0 -> APIC 0x4e -> Node 0
2025-01-14T07:59:47.732315+00:00 virtual3 kernel: [    0.025662] SRAT: PXM 0 -> APIC 0x50 -> Node 0
2025-01-14T07:59:47.732316+00:00 virtual3 kernel: [    0.025663] SRAT: PXM 0 -> APIC 0x52 -> Node 0
2025-01-14T07:59:47.732317+00:00 virtual3 kernel: [    0.025664] SRAT: PXM 0 -> APIC 0x54 -> Node 0
2025-01-14T07:59:47.732317+00:00 virtual3 kernel: [    0.025665] SRAT: PXM 0 -> APIC 0x56 -> Node 0
2025-01-14T07:59:47.732329+00:00 virtual3 kernel: [    0.025666] SRAT: PXM 0 -> APIC 0x58 -> Node 0
2025-01-14T07:59:47.732332+00:00 virtual3 kernel: [    0.025667] SRAT: PXM 0 -> APIC 0x5a -> Node 0
2025-01-14T07:59:47.732333+00:00 virtual3 kernel: [    0.025668] SRAT: PXM 0 -> APIC 0x5c -> Node 0
2025-01-14T07:59:47.732333+00:00 virtual3 kernel: [    0.025669] SRAT: PXM 0 -> APIC 0x5e -> Node 0
2025-01-14T07:59:47.732334+00:00 virtual3 kernel: [    0.025671] SRAT: PXM 0 -> APIC 0x60 -> Node 0
2025-01-14T07:59:47.732335+00:00 virtual3 kernel: [    0.025672] SRAT: PXM 0 -> APIC 0x62 -> Node 0
2025-01-14T07:59:47.732346+00:00 virtual3 kernel: [    0.025673] SRAT: PXM 0 -> APIC 0x64 -> Node 0
2025-01-14T07:59:47.732349+00:00 virtual3 kernel: [    0.025674] SRAT: PXM 0 -> APIC 0x66 -> Node 0
2025-01-14T07:59:47.732350+00:00 virtual3 kernel: [    0.025675] SRAT: PXM 0 -> APIC 0x68 -> Node 0
2025-01-14T07:59:47.732351+00:00 virtual3 kernel: [    0.025676] SRAT: PXM 0 -> APIC 0x6a -> Node 0
2025-01-14T07:59:47.732351+00:00 virtual3 kernel: [    0.025677] SRAT: PXM 0 -> APIC 0x6c -> Node 0
2025-01-14T07:59:47.732352+00:00 virtual3 kernel: [    0.025678] SRAT: PXM 0 -> APIC 0x6e -> Node 0
2025-01-14T07:59:47.732353+00:00 virtual3 kernel: [    0.025679] SRAT: PXM 0 -> APIC 0x70 -> Node 0
2025-01-14T07:59:47.732364+00:00 virtual3 kernel: [    0.025681] SRAT: PXM 0 -> APIC 0x72 -> Node 0
2025-01-14T07:59:47.732368+00:00 virtual3 kernel: [    0.025682] SRAT: PXM 0 -> APIC 0x74 -> Node 0
2025-01-14T07:59:47.732369+00:00 virtual3 kernel: [    0.025683] SRAT: PXM 0 -> APIC 0x76 -> Node 0
2025-01-14T07:59:47.732369+00:00 virtual3 kernel: [    0.025684] SRAT: PXM 0 -> APIC 0x78 -> Node 0
2025-01-14T07:59:47.732370+00:00 virtual3 kernel: [    0.025685] SRAT: PXM 0 -> APIC 0x7a -> Node 0
2025-01-14T07:59:47.732371+00:00 virtual3 kernel: [    0.025686] SRAT: PXM 0 -> APIC 0x7c -> Node 0
2025-01-14T07:59:47.732382+00:00 virtual3 kernel: [    0.025687] SRAT: PXM 0 -> APIC 0x7e -> Node 0
2025-01-14T07:59:47.732498+00:00 virtual3 kernel: [    0.025688] SRAT: PXM 0 -> APIC 0x80 -> Node 0
2025-01-14T07:59:47.732502+00:00 virtual3 kernel: [    0.025690] SRAT: PXM 0 -> APIC 0x82 -> Node 0
2025-01-14T07:59:47.732503+00:00 virtual3 kernel: [    0.025691] SRAT: PXM 0 -> APIC 0x84 -> Node 0
2025-01-14T07:59:47.732503+00:00 virtual3 kernel: [    0.025692] SRAT: PXM 0 -> APIC 0x86 -> Node 0
2025-01-14T07:59:47.732504+00:00 virtual3 kernel: [    0.025693] SRAT: PXM 0 -> APIC 0x88 -> Node 0
2025-01-14T07:59:47.732505+00:00 virtual3 kernel: [    0.025694] SRAT: PXM 0 -> APIC 0x8a -> Node 0
2025-01-14T07:59:47.732518+00:00 virtual3 kernel: [    0.025695] SRAT: PXM 0 -> APIC 0x8c -> Node 0
2025-01-14T07:59:47.732522+00:00 virtual3 kernel: [    0.025696] SRAT: PXM 0 -> APIC 0x8e -> Node 0
2025-01-14T07:59:47.732523+00:00 virtual3 kernel: [    0.025697] SRAT: PXM 0 -> APIC 0x90 -> Node 0
2025-01-14T07:59:47.732524+00:00 virtual3 kernel: [    0.025699] SRAT: PXM 0 -> APIC 0x92 -> Node 0
2025-01-14T07:59:47.732525+00:00 virtual3 kernel: [    0.025700] SRAT: PXM 0 -> APIC 0x94 -> Node 0
2025-01-14T07:59:47.732525+00:00 virtual3 kernel: [    0.025701] SRAT: PXM 0 -> APIC 0x96 -> Node 0
2025-01-14T07:59:47.732537+00:00 virtual3 kernel: [    0.025702] SRAT: PXM 0 -> APIC 0x98 -> Node 0
2025-01-14T07:59:47.732541+00:00 virtual3 kernel: [    0.025703] SRAT: PXM 0 -> APIC 0x9a -> Node 0
2025-01-14T07:59:47.732542+00:00 virtual3 kernel: [    0.025704] SRAT: PXM 0 -> APIC 0x9c -> Node 0
2025-01-14T07:59:47.732543+00:00 virtual3 kernel: [    0.025705] SRAT: PXM 0 -> APIC 0x9e -> Node 0
2025-01-14T07:59:47.732544+00:00 virtual3 kernel: [    0.025706] SRAT: PXM 0 -> APIC 0xa0 -> Node 0
2025-01-14T07:59:47.732544+00:00 virtual3 kernel: [    0.025708] SRAT: PXM 0 -> APIC 0xa2 -> Node 0
2025-01-14T07:59:47.732556+00:00 virtual3 kernel: [    0.025709] SRAT: PXM 0 -> APIC 0xa4 -> Node 0
2025-01-14T07:59:47.732560+00:00 virtual3 kernel: [    0.025710] SRAT: PXM 0 -> APIC 0xa6 -> Node 0
2025-01-14T07:59:47.732561+00:00 virtual3 kernel: [    0.025711] SRAT: PXM 0 -> APIC 0xa8 -> Node 0
2025-01-14T07:59:47.732562+00:00 virtual3 kernel: [    0.025712] SRAT: PXM 0 -> APIC 0xaa -> Node 0
2025-01-14T07:59:47.732563+00:00 virtual3 kernel: [    0.025713] SRAT: PXM 0 -> APIC 0xac -> Node 0
2025-01-14T07:59:47.732563+00:00 virtual3 kernel: [    0.025714] SRAT: PXM 0 -> APIC 0xae -> Node 0
2025-01-14T07:59:47.732564+00:00 virtual3 kernel: [    0.025715] SRAT: PXM 0 -> APIC 0xb0 -> Node 0
2025-01-14T07:59:47.732580+00:00 virtual3 kernel: [    0.025717] SRAT: PXM 0 -> APIC 0xb2 -> Node 0
2025-01-14T07:59:47.732584+00:00 virtual3 kernel: [    0.025718] SRAT: PXM 0 -> APIC 0xb4 -> Node 0
2025-01-14T07:59:47.732585+00:00 virtual3 kernel: [    0.025719] SRAT: PXM 0 -> APIC 0xb6 -> Node 0
2025-01-14T07:59:47.732586+00:00 virtual3 kernel: [    0.025720] SRAT: PXM 0 -> APIC 0xb8 -> Node 0
2025-01-14T07:59:47.732586+00:00 virtual3 kernel: [    0.025721] SRAT: PXM 0 -> APIC 0xba -> Node 0
2025-01-14T07:59:47.732587+00:00 virtual3 kernel: [    0.025722] SRAT: PXM 0 -> APIC 0xbc -> Node 0
2025-01-14T07:59:47.732599+00:00 virtual3 kernel: [    0.025723] SRAT: PXM 0 -> APIC 0xbe -> Node 0
2025-01-14T07:59:47.732603+00:00 virtual3 kernel: [    0.025724] SRAT: PXM 0 -> APIC 0xc0 -> Node 0
2025-01-14T07:59:47.732604+00:00 virtual3 kernel: [    0.025725] SRAT: PXM 0 -> APIC 0xc2 -> Node 0
2025-01-14T07:59:47.732605+00:00 virtual3 kernel: [    0.025727] SRAT: PXM 0 -> APIC 0xc4 -> Node 0
2025-01-14T07:59:47.732605+00:00 virtual3 kernel: [    0.025728] SRAT: PXM 0 -> APIC 0xc6 -> Node 0
2025-01-14T07:59:47.732606+00:00 virtual3 kernel: [    0.025729] SRAT: PXM 0 -> APIC 0xc8 -> Node 0
2025-01-14T07:59:47.732607+00:00 virtual3 kernel: [    0.025730] SRAT: PXM 0 -> APIC 0xca -> Node 0
2025-01-14T07:59:47.732618+00:00 virtual3 kernel: [    0.025731] SRAT: PXM 0 -> APIC 0xcc -> Node 0
2025-01-14T07:59:47.732622+00:00 virtual3 kernel: [    0.025732] SRAT: PXM 0 -> APIC 0xce -> Node 0
2025-01-14T07:59:47.732623+00:00 virtual3 kernel: [    0.025733] SRAT: PXM 0 -> APIC 0xd0 -> Node 0
2025-01-14T07:59:47.732624+00:00 virtual3 kernel: [    0.025734] SRAT: PXM 0 -> APIC 0xd2 -> Node 0
2025-01-14T07:59:47.732625+00:00 virtual3 kernel: [    0.025736] SRAT: PXM 0 -> APIC 0xd4 -> Node 0
2025-01-14T07:59:47.732625+00:00 virtual3 kernel: [    0.025737] SRAT: PXM 0 -> APIC 0xd6 -> Node 0
2025-01-14T07:59:47.732637+00:00 virtual3 kernel: [    0.025738] SRAT: PXM 0 -> APIC 0xd8 -> Node 0
2025-01-14T07:59:47.732693+00:00 virtual3 kernel: [    0.025739] SRAT: PXM 0 -> APIC 0xda -> Node 0
2025-01-14T07:59:47.732694+00:00 virtual3 kernel: [    0.025740] SRAT: PXM 0 -> APIC 0xdc -> Node 0
2025-01-14T07:59:47.732695+00:00 virtual3 kernel: [    0.025741] SRAT: PXM 0 -> APIC 0xde -> Node 0
2025-01-14T07:59:47.732696+00:00 virtual3 kernel: [    0.025742] SRAT: PXM 0 -> APIC 0xe0 -> Node 0
2025-01-14T07:59:47.732697+00:00 virtual3 kernel: [    0.025744] SRAT: PXM 0 -> APIC 0xe2 -> Node 0
2025-01-14T07:59:47.732710+00:00 virtual3 kernel: [    0.025745] SRAT: PXM 0 -> APIC 0xe4 -> Node 0
2025-01-14T07:59:47.732714+00:00 virtual3 kernel: [    0.025746] SRAT: PXM 0 -> APIC 0xe6 -> Node 0
2025-01-14T07:59:47.732714+00:00 virtual3 kernel: [    0.025747] SRAT: PXM 0 -> APIC 0xe8 -> Node 0
2025-01-14T07:59:47.732715+00:00 virtual3 kernel: [    0.025748] SRAT: PXM 0 -> APIC 0xea -> Node 0
2025-01-14T07:59:47.732716+00:00 virtual3 kernel: [    0.025749] SRAT: PXM 0 -> APIC 0xec -> Node 0
2025-01-14T07:59:47.732717+00:00 virtual3 kernel: [    0.025750] SRAT: PXM 0 -> APIC 0xee -> Node 0
2025-01-14T07:59:47.732717+00:00 virtual3 kernel: [    0.025751] SRAT: PXM 0 -> APIC 0xf0 -> Node 0
2025-01-14T07:59:47.732730+00:00 virtual3 kernel: [    0.025753] SRAT: PXM 0 -> APIC 0xf2 -> Node 0
2025-01-14T07:59:47.732734+00:00 virtual3 kernel: [    0.025754] SRAT: PXM 0 -> APIC 0xf4 -> Node 0
2025-01-14T07:59:47.732734+00:00 virtual3 kernel: [    0.025755] SRAT: PXM 0 -> APIC 0xf6 -> Node 0
2025-01-14T07:59:47.732735+00:00 virtual3 kernel: [    0.025756] SRAT: PXM 0 -> APIC 0xf8 -> Node 0
2025-01-14T07:59:47.732736+00:00 virtual3 kernel: [    0.025757] SRAT: PXM 0 -> APIC 0xfa -> Node 0
2025-01-14T07:59:47.732737+00:00 virtual3 kernel: [    0.025758] SRAT: PXM 0 -> APIC 0xfc -> Node 0
2025-01-14T07:59:47.732748+00:00 virtual3 kernel: [    0.025759] SRAT: PXM 0 -> APIC 0xfe -> Node 0
2025-01-14T07:59:47.732752+00:00 virtual3 kernel: [    0.025765] ACPI: SRAT: Node 0 PXM 0 [mem 0x00000000-0x0009ffff]
2025-01-14T07:59:47.732753+00:00 virtual3 kernel: [    0.025769] ACPI: SRAT: Node 0 PXM 0 [mem 0x00100000-0xbfffffff]
2025-01-14T07:59:47.732754+00:00 virtual3 kernel: [    0.025771] ACPI: SRAT: Node 0 PXM 0 [mem 0x100000000-0x13fffffff]
2025-01-14T07:59:47.732755+00:00 virtual3 kernel: [    0.025777] NUMA: Node 0 [mem 0x00000000-0x0009ffff] + [mem 0x00100000-0xbfffffff] -> [mem 0x00000000-0xbfffffff]
2025-01-14T07:59:47.732756+00:00 virtual3 kernel: [    0.025781] NUMA: Node 0 [mem 0x00000000-0xbfffffff] + [mem 0x100000000-0x13fffffff] -> [mem 0x00000000-0x13fffffff]
2025-01-14T07:59:47.732768+00:00 virtual3 kernel: [    0.025797] NODE_DATA(0) allocated [mem 0x13ffd3000-0x13fffdfff]
2025-01-14T07:59:47.732772+00:00 virtual3 kernel: [    0.027680] Zone ranges:
2025-01-14T07:59:47.732773+00:00 virtual3 kernel: [    0.027682]   DMA      [mem 0x0000000000001000-0x0000000000ffffff]
2025-01-14T07:59:47.732774+00:00 virtual3 kernel: [    0.027687]   DMA32    [mem 0x0000000001000000-0x00000000ffffffff]
2025-01-14T07:59:47.732774+00:00 virtual3 kernel: [    0.027690]   Normal   [mem 0x0000000100000000-0x000000013fffffff]
2025-01-14T07:59:47.732775+00:00 virtual3 kernel: [    0.027692]   Device   empty
2025-01-14T07:59:47.732776+00:00 virtual3 kernel: [    0.027694] Movable zone start for each node
2025-01-14T07:59:47.732788+00:00 virtual3 kernel: [    0.027697] Early memory node ranges
2025-01-14T07:59:47.732792+00:00 virtual3 kernel: [    0.027698]   node   0: [mem 0x0000000000001000-0x000000000009dfff]
2025-01-14T07:59:47.732793+00:00 virtual3 kernel: [    0.027701]   node   0: [mem 0x0000000000100000-0x00000000bfedffff]
2025-01-14T07:59:47.732793+00:00 virtual3 kernel: [    0.027703]   node   0: [mem 0x00000000bff00000-0x00000000bfffffff]
2025-01-14T07:59:47.732794+00:00 virtual3 kernel: [    0.027705]   node   0: [mem 0x0000000100000000-0x000000013fffffff]
2025-01-14T07:59:47.732795+00:00 virtual3 kernel: [    0.027708] Initmem setup node 0 [mem 0x0000000000001000-0x000000013fffffff]
2025-01-14T07:59:47.732832+00:00 virtual3 kernel: [    0.027826] On node 0, zone DMA: 1 pages in unavailable ranges
2025-01-14T07:59:47.732837+00:00 virtual3 kernel: [    0.029410] On node 0, zone DMA: 98 pages in unavailable ranges
2025-01-14T07:59:47.732837+00:00 virtual3 kernel: [    0.350172] On node 0, zone DMA32: 32 pages in unavailable ranges
2025-01-14T07:59:47.732838+00:00 virtual3 kernel: [    0.407510] ACPI: PM-Timer IO Port: 0x1008
2025-01-14T07:59:47.732839+00:00 virtual3 kernel: [    0.407529] system APIC only can use physical flat
2025-01-14T07:59:47.732840+00:00 virtual3 kernel: [    0.407556] ACPI: LAPIC_NMI (acpi_id[0x00] high edge lint[0x1])
2025-01-14T07:59:47.732862+00:00 virtual3 kernel: [    0.407560] ACPI: LAPIC_NMI (acpi_id[0x01] high edge lint[0x1])
2025-01-14T07:59:47.732867+00:00 virtual3 kernel: [    0.407562] ACPI: LAPIC_NMI (acpi_id[0x02] high edge lint[0x1])
2025-01-14T07:59:47.732867+00:00 virtual3 kernel: [    0.407563] ACPI: LAPIC_NMI (acpi_id[0x03] high edge lint[0x1])
2025-01-14T07:59:47.732868+00:00 virtual3 kernel: [    0.407564] ACPI: LAPIC_NMI (acpi_id[0x04] high edge lint[0x1])
2025-01-14T07:59:47.732869+00:00 virtual3 kernel: [    0.407566] ACPI: LAPIC_NMI (acpi_id[0x05] high edge lint[0x1])
2025-01-14T07:59:47.732870+00:00 virtual3 kernel: [    0.407567] ACPI: LAPIC_NMI (acpi_id[0x06] high edge lint[0x1])
2025-01-14T07:59:47.732870+00:00 virtual3 kernel: [    0.407568] ACPI: LAPIC_NMI (acpi_id[0x07] high edge lint[0x1])
2025-01-14T07:59:47.732892+00:00 virtual3 kernel: [    0.407569] ACPI: LAPIC_NMI (acpi_id[0x08] high edge lint[0x1])
2025-01-14T07:59:47.732897+00:00 virtual3 kernel: [    0.407570] ACPI: LAPIC_NMI (acpi_id[0x09] high edge lint[0x1])
2025-01-14T07:59:47.732897+00:00 virtual3 kernel: [    0.407572] ACPI: LAPIC_NMI (acpi_id[0x0a] high edge lint[0x1])
2025-01-14T07:59:47.732898+00:00 virtual3 kernel: [    0.407573] ACPI: LAPIC_NMI (acpi_id[0x0b] high edge lint[0x1])
2025-01-14T07:59:47.732899+00:00 virtual3 kernel: [    0.407574] ACPI: LAPIC_NMI (acpi_id[0x0c] high edge lint[0x1])
2025-01-14T07:59:47.732900+00:00 virtual3 kernel: [    0.407575] ACPI: LAPIC_NMI (acpi_id[0x0d] high edge lint[0x1])
2025-01-14T07:59:47.732922+00:00 virtual3 kernel: [    0.407577] ACPI: LAPIC_NMI (acpi_id[0x0e] high edge lint[0x1])
2025-01-14T07:59:47.732926+00:00 virtual3 kernel: [    0.407578] ACPI: LAPIC_NMI (acpi_id[0x0f] high edge lint[0x1])
2025-01-14T07:59:47.732927+00:00 virtual3 kernel: [    0.407579] ACPI: LAPIC_NMI (acpi_id[0x10] high edge lint[0x1])
2025-01-14T07:59:47.732927+00:00 virtual3 kernel: [    0.407580] ACPI: LAPIC_NMI (acpi_id[0x11] high edge lint[0x1])
2025-01-14T07:59:47.732928+00:00 virtual3 kernel: [    0.407582] ACPI: LAPIC_NMI (acpi_id[0x12] high edge lint[0x1])
2025-01-14T07:59:47.732929+00:00 virtual3 kernel: [    0.407583] ACPI: LAPIC_NMI (acpi_id[0x13] high edge lint[0x1])
2025-01-14T07:59:47.732941+00:00 virtual3 kernel: [    0.407584] ACPI: LAPIC_NMI (acpi_id[0x14] high edge lint[0x1])
2025-01-14T07:59:47.732957+00:00 virtual3 kernel: [    0.407585] ACPI: LAPIC_NMI (acpi_id[0x15] high edge lint[0x1])
2025-01-14T07:59:47.732960+00:00 virtual3 kernel: [    0.407587] ACPI: LAPIC_NMI (acpi_id[0x16] high edge lint[0x1])
2025-01-14T07:59:47.732961+00:00 virtual3 kernel: [    0.407588] ACPI: LAPIC_NMI (acpi_id[0x17] high edge lint[0x1])
2025-01-14T07:59:47.732962+00:00 virtual3 kernel: [    0.407589] ACPI: LAPIC_NMI (acpi_id[0x18] high edge lint[0x1])
2025-01-14T07:59:47.732962+00:00 virtual3 kernel: [    0.407590] ACPI: LAPIC_NMI (acpi_id[0x19] high edge lint[0x1])
2025-01-14T07:59:47.732963+00:00 virtual3 kernel: [    0.407591] ACPI: LAPIC_NMI (acpi_id[0x1a] high edge lint[0x1])
2025-01-14T07:59:47.732985+00:00 virtual3 kernel: [    0.407593] ACPI: LAPIC_NMI (acpi_id[0x1b] high edge lint[0x1])
2025-01-14T07:59:47.732989+00:00 virtual3 kernel: [    0.407594] ACPI: LAPIC_NMI (acpi_id[0x1c] high edge lint[0x1])
2025-01-14T07:59:47.732990+00:00 virtual3 kernel: [    0.407595] ACPI: LAPIC_NMI (acpi_id[0x1d] high edge lint[0x1])
2025-01-14T07:59:47.732991+00:00 virtual3 kernel: [    0.407596] ACPI: LAPIC_NMI (acpi_id[0x1e] high edge lint[0x1])
2025-01-14T07:59:47.732991+00:00 virtual3 kernel: [    0.407597] ACPI: LAPIC_NMI (acpi_id[0x1f] high edge lint[0x1])
2025-01-14T07:59:47.732992+00:00 virtual3 kernel: [    0.407599] ACPI: LAPIC_NMI (acpi_id[0x20] high edge lint[0x1])
2025-01-14T07:59:47.733016+00:00 virtual3 kernel: [    0.407600] ACPI: LAPIC_NMI (acpi_id[0x21] high edge lint[0x1])
2025-01-14T07:59:47.733021+00:00 virtual3 kernel: [    0.407601] ACPI: LAPIC_NMI (acpi_id[0x22] high edge lint[0x1])
2025-01-14T07:59:47.733021+00:00 virtual3 kernel: [    0.407602] ACPI: LAPIC_NMI (acpi_id[0x23] high edge lint[0x1])
2025-01-14T07:59:47.733022+00:00 virtual3 kernel: [    0.407603] ACPI: LAPIC_NMI (acpi_id[0x24] high edge lint[0x1])
2025-01-14T07:59:47.733023+00:00 virtual3 kernel: [    0.407605] ACPI: LAPIC_NMI (acpi_id[0x25] high edge lint[0x1])
2025-01-14T07:59:47.733024+00:00 virtual3 kernel: [    0.407606] ACPI: LAPIC_NMI (acpi_id[0x26] high edge lint[0x1])
2025-01-14T07:59:47.733024+00:00 virtual3 kernel: [    0.407607] ACPI: LAPIC_NMI (acpi_id[0x27] high edge lint[0x1])
2025-01-14T07:59:47.733047+00:00 virtual3 kernel: [    0.407608] ACPI: LAPIC_NMI (acpi_id[0x28] high edge lint[0x1])
2025-01-14T07:59:47.733051+00:00 virtual3 kernel: [    0.407610] ACPI: LAPIC_NMI (acpi_id[0x29] high edge lint[0x1])
2025-01-14T07:59:47.733052+00:00 virtual3 kernel: [    0.407611] ACPI: LAPIC_NMI (acpi_id[0x2a] high edge lint[0x1])
2025-01-14T07:59:47.733052+00:00 virtual3 kernel: [    0.407612] ACPI: LAPIC_NMI (acpi_id[0x2b] high edge lint[0x1])
2025-01-14T07:59:47.733151+00:00 virtual3 kernel: [    0.407613] ACPI: LAPIC_NMI (acpi_id[0x2c] high edge lint[0x1])
2025-01-14T07:59:47.733154+00:00 virtual3 kernel: [    0.407614] ACPI: LAPIC_NMI (acpi_id[0x2d] high edge lint[0x1])
2025-01-14T07:59:47.733177+00:00 virtual3 kernel: [    0.407616] ACPI: LAPIC_NMI (acpi_id[0x2e] high edge lint[0x1])
2025-01-14T07:59:47.733181+00:00 virtual3 kernel: [    0.407617] ACPI: LAPIC_NMI (acpi_id[0x2f] high edge lint[0x1])
2025-01-14T07:59:47.733182+00:00 virtual3 kernel: [    0.407618] ACPI: LAPIC_NMI (acpi_id[0x30] high edge lint[0x1])
2025-01-14T07:59:47.733182+00:00 virtual3 kernel: [    0.407619] ACPI: LAPIC_NMI (acpi_id[0x31] high edge lint[0x1])
2025-01-14T07:59:47.733183+00:00 virtual3 kernel: [    0.407620] ACPI: LAPIC_NMI (acpi_id[0x32] high edge lint[0x1])
2025-01-14T07:59:47.733184+00:00 virtual3 kernel: [    0.407622] ACPI: LAPIC_NMI (acpi_id[0x33] high edge lint[0x1])
2025-01-14T07:59:47.733197+00:00 virtual3 kernel: [    0.407623] ACPI: LAPIC_NMI (acpi_id[0x34] high edge lint[0x1])
2025-01-14T07:59:47.733213+00:00 virtual3 kernel: [    0.407624] ACPI: LAPIC_NMI (acpi_id[0x35] high edge lint[0x1])
2025-01-14T07:59:47.733217+00:00 virtual3 kernel: [    0.407625] ACPI: LAPIC_NMI (acpi_id[0x36] high edge lint[0x1])
2025-01-14T07:59:47.733218+00:00 virtual3 kernel: [    0.407626] ACPI: LAPIC_NMI (acpi_id[0x37] high edge lint[0x1])
2025-01-14T07:59:47.733219+00:00 virtual3 kernel: [    0.407628] ACPI: LAPIC_NMI (acpi_id[0x38] high edge lint[0x1])
2025-01-14T07:59:47.733219+00:00 virtual3 kernel: [    0.407629] ACPI: LAPIC_NMI (acpi_id[0x39] high edge lint[0x1])
2025-01-14T07:59:47.733220+00:00 virtual3 kernel: [    0.407630] ACPI: LAPIC_NMI (acpi_id[0x3a] high edge lint[0x1])
2025-01-14T07:59:47.733243+00:00 virtual3 kernel: [    0.407631] ACPI: LAPIC_NMI (acpi_id[0x3b] high edge lint[0x1])
2025-01-14T07:59:47.733248+00:00 virtual3 kernel: [    0.407633] ACPI: LAPIC_NMI (acpi_id[0x3c] high edge lint[0x1])
2025-01-14T07:59:47.733248+00:00 virtual3 kernel: [    0.407634] ACPI: LAPIC_NMI (acpi_id[0x3d] high edge lint[0x1])
2025-01-14T07:59:47.733249+00:00 virtual3 kernel: [    0.407635] ACPI: LAPIC_NMI (acpi_id[0x3e] high edge lint[0x1])
2025-01-14T07:59:47.733250+00:00 virtual3 kernel: [    0.407636] ACPI: LAPIC_NMI (acpi_id[0x3f] high edge lint[0x1])
2025-01-14T07:59:47.733251+00:00 virtual3 kernel: [    0.407637] ACPI: LAPIC_NMI (acpi_id[0x40] high edge lint[0x1])
2025-01-14T07:59:47.733273+00:00 virtual3 kernel: [    0.407639] ACPI: LAPIC_NMI (acpi_id[0x41] high edge lint[0x1])
2025-01-14T07:59:47.733278+00:00 virtual3 kernel: [    0.407640] ACPI: LAPIC_NMI (acpi_id[0x42] high edge lint[0x1])
2025-01-14T07:59:47.733278+00:00 virtual3 kernel: [    0.407641] ACPI: LAPIC_NMI (acpi_id[0x43] high edge lint[0x1])
2025-01-14T07:59:47.733279+00:00 virtual3 kernel: [    0.407642] ACPI: LAPIC_NMI (acpi_id[0x44] high edge lint[0x1])
2025-01-14T07:59:47.733280+00:00 virtual3 kernel: [    0.407643] ACPI: LAPIC_NMI (acpi_id[0x45] high edge lint[0x1])
2025-01-14T07:59:47.733280+00:00 virtual3 kernel: [    0.407645] ACPI: LAPIC_NMI (acpi_id[0x46] high edge lint[0x1])
2025-01-14T07:59:47.733281+00:00 virtual3 kernel: [    0.407646] ACPI: LAPIC_NMI (acpi_id[0x47] high edge lint[0x1])
2025-01-14T07:59:47.733520+00:00 virtual3 kernel: [    0.407647] ACPI: LAPIC_NMI (acpi_id[0x48] high edge lint[0x1])
2025-01-14T07:59:47.733532+00:00 virtual3 kernel: [    0.407648] ACPI: LAPIC_NMI (acpi_id[0x49] high edge lint[0x1])
2025-01-14T07:59:47.733533+00:00 virtual3 kernel: [    0.407649] ACPI: LAPIC_NMI (acpi_id[0x4a] high edge lint[0x1])
2025-01-14T07:59:47.733534+00:00 virtual3 kernel: [    0.407651] ACPI: LAPIC_NMI (acpi_id[0x4b] high edge lint[0x1])
2025-01-14T07:59:47.733535+00:00 virtual3 kernel: [    0.407652] ACPI: LAPIC_NMI (acpi_id[0x4c] high edge lint[0x1])
2025-01-14T07:59:47.733536+00:00 virtual3 kernel: [    0.407653] ACPI: LAPIC_NMI (acpi_id[0x4d] high edge lint[0x1])
2025-01-14T07:59:47.733571+00:00 virtual3 kernel: [    0.407654] ACPI: LAPIC_NMI (acpi_id[0x4e] high edge lint[0x1])
2025-01-14T07:59:47.733576+00:00 virtual3 kernel: [    0.407655] ACPI: LAPIC_NMI (acpi_id[0x4f] high edge lint[0x1])
2025-01-14T07:59:47.733577+00:00 virtual3 kernel: [    0.407657] ACPI: LAPIC_NMI (acpi_id[0x50] high edge lint[0x1])
2025-01-14T07:59:47.733578+00:00 virtual3 kernel: [    0.407658] ACPI: LAPIC_NMI (acpi_id[0x51] high edge lint[0x1])
2025-01-14T07:59:47.733579+00:00 virtual3 kernel: [    0.407659] ACPI: LAPIC_NMI (acpi_id[0x52] high edge lint[0x1])
2025-01-14T07:59:47.733580+00:00 virtual3 kernel: [    0.407660] ACPI: LAPIC_NMI (acpi_id[0x53] high edge lint[0x1])
2025-01-14T07:59:47.733594+00:00 virtual3 kernel: [    0.407662] ACPI: LAPIC_NMI (acpi_id[0x54] high edge lint[0x1])
2025-01-14T07:59:47.733610+00:00 virtual3 kernel: [    0.407663] ACPI: LAPIC_NMI (acpi_id[0x55] high edge lint[0x1])
2025-01-14T07:59:47.733614+00:00 virtual3 kernel: [    0.407664] ACPI: LAPIC_NMI (acpi_id[0x56] high edge lint[0x1])
2025-01-14T07:59:47.733615+00:00 virtual3 kernel: [    0.407665] ACPI: LAPIC_NMI (acpi_id[0x57] high edge lint[0x1])
2025-01-14T07:59:47.733616+00:00 virtual3 kernel: [    0.407666] ACPI: LAPIC_NMI (acpi_id[0x58] high edge lint[0x1])
2025-01-14T07:59:47.733617+00:00 virtual3 kernel: [    0.407668] ACPI: LAPIC_NMI (acpi_id[0x59] high edge lint[0x1])
2025-01-14T07:59:47.733617+00:00 virtual3 kernel: [    0.407669] ACPI: LAPIC_NMI (acpi_id[0x5a] high edge lint[0x1])
2025-01-14T07:59:47.733640+00:00 virtual3 kernel: [    0.407670] ACPI: LAPIC_NMI (acpi_id[0x5b] high edge lint[0x1])
2025-01-14T07:59:47.733644+00:00 virtual3 kernel: [    0.407671] ACPI: LAPIC_NMI (acpi_id[0x5c] high edge lint[0x1])
2025-01-14T07:59:47.733645+00:00 virtual3 kernel: [    0.407672] ACPI: LAPIC_NMI (acpi_id[0x5d] high edge lint[0x1])
2025-01-14T07:59:47.733646+00:00 virtual3 kernel: [    0.407674] ACPI: LAPIC_NMI (acpi_id[0x5e] high edge lint[0x1])
2025-01-14T07:59:47.733647+00:00 virtual3 kernel: [    0.407675] ACPI: LAPIC_NMI (acpi_id[0x5f] high edge lint[0x1])
2025-01-14T07:59:47.733647+00:00 virtual3 kernel: [    0.407676] ACPI: LAPIC_NMI (acpi_id[0x60] high edge lint[0x1])
2025-01-14T07:59:47.733669+00:00 virtual3 kernel: [    0.407677] ACPI: LAPIC_NMI (acpi_id[0x61] high edge lint[0x1])
2025-01-14T07:59:47.733674+00:00 virtual3 kernel: [    0.407679] ACPI: LAPIC_NMI (acpi_id[0x62] high edge lint[0x1])
2025-01-14T07:59:47.733675+00:00 virtual3 kernel: [    0.407680] ACPI: LAPIC_NMI (acpi_id[0x63] high edge lint[0x1])
2025-01-14T07:59:47.733675+00:00 virtual3 kernel: [    0.407681] ACPI: LAPIC_NMI (acpi_id[0x64] high edge lint[0x1])
2025-01-14T07:59:47.733676+00:00 virtual3 kernel: [    0.407682] ACPI: LAPIC_NMI (acpi_id[0x65] high edge lint[0x1])
2025-01-14T07:59:47.733677+00:00 virtual3 kernel: [    0.407683] ACPI: LAPIC_NMI (acpi_id[0x66] high edge lint[0x1])
2025-01-14T07:59:47.733678+00:00 virtual3 kernel: [    0.407685] ACPI: LAPIC_NMI (acpi_id[0x67] high edge lint[0x1])
2025-01-14T07:59:47.733699+00:00 virtual3 kernel: [    0.407686] ACPI: LAPIC_NMI (acpi_id[0x68] high edge lint[0x1])
2025-01-14T07:59:47.733704+00:00 virtual3 kernel: [    0.407687] ACPI: LAPIC_NMI (acpi_id[0x69] high edge lint[0x1])
2025-01-14T07:59:47.733705+00:00 virtual3 kernel: [    0.407688] ACPI: LAPIC_NMI (acpi_id[0x6a] high edge lint[0x1])
2025-01-14T07:59:47.733706+00:00 virtual3 kernel: [    0.407689] ACPI: LAPIC_NMI (acpi_id[0x6b] high edge lint[0x1])
2025-01-14T07:59:47.733706+00:00 virtual3 kernel: [    0.407691] ACPI: LAPIC_NMI (acpi_id[0x6c] high edge lint[0x1])
2025-01-14T07:59:47.733707+00:00 virtual3 kernel: [    0.407692] ACPI: LAPIC_NMI (acpi_id[0x6d] high edge lint[0x1])
2025-01-14T07:59:47.733729+00:00 virtual3 kernel: [    0.407693] ACPI: LAPIC_NMI (acpi_id[0x6e] high edge lint[0x1])
2025-01-14T07:59:47.733733+00:00 virtual3 kernel: [    0.407694] ACPI: LAPIC_NMI (acpi_id[0x6f] high edge lint[0x1])
2025-01-14T07:59:47.733734+00:00 virtual3 kernel: [    0.407696] ACPI: LAPIC_NMI (acpi_id[0x70] high edge lint[0x1])
2025-01-14T07:59:47.733735+00:00 virtual3 kernel: [    0.407697] ACPI: LAPIC_NMI (acpi_id[0x71] high edge lint[0x1])
2025-01-14T07:59:47.733736+00:00 virtual3 kernel: [    0.407698] ACPI: LAPIC_NMI (acpi_id[0x72] high edge lint[0x1])
2025-01-14T07:59:47.733737+00:00 virtual3 kernel: [    0.407699] ACPI: LAPIC_NMI (acpi_id[0x73] high edge lint[0x1])
2025-01-14T07:59:47.733749+00:00 virtual3 kernel: [    0.407700] ACPI: LAPIC_NMI (acpi_id[0x74] high edge lint[0x1])
2025-01-14T07:59:47.733765+00:00 virtual3 kernel: [    0.407702] ACPI: LAPIC_NMI (acpi_id[0x75] high edge lint[0x1])
2025-01-14T07:59:47.733769+00:00 virtual3 kernel: [    0.407703] ACPI: LAPIC_NMI (acpi_id[0x76] high edge lint[0x1])
2025-01-14T07:59:47.733769+00:00 virtual3 kernel: [    0.407704] ACPI: LAPIC_NMI (acpi_id[0x77] high edge lint[0x1])
2025-01-14T07:59:47.733770+00:00 virtual3 kernel: [    0.407705] ACPI: LAPIC_NMI (acpi_id[0x78] high edge lint[0x1])
2025-01-14T07:59:47.733771+00:00 virtual3 kernel: [    0.407706] ACPI: LAPIC_NMI (acpi_id[0x79] high edge lint[0x1])
2025-01-14T07:59:47.733772+00:00 virtual3 kernel: [    0.407708] ACPI: LAPIC_NMI (acpi_id[0x7a] high edge lint[0x1])
2025-01-14T07:59:47.733794+00:00 virtual3 kernel: [    0.407709] ACPI: LAPIC_NMI (acpi_id[0x7b] high edge lint[0x1])
2025-01-14T07:59:47.733798+00:00 virtual3 kernel: [    0.407710] ACPI: LAPIC_NMI (acpi_id[0x7c] high edge lint[0x1])
2025-01-14T07:59:47.733799+00:00 virtual3 kernel: [    0.407711] ACPI: LAPIC_NMI (acpi_id[0x7d] high edge lint[0x1])
2025-01-14T07:59:47.733800+00:00 virtual3 kernel: [    0.407712] ACPI: LAPIC_NMI (acpi_id[0x7e] high edge lint[0x1])
2025-01-14T07:59:47.733800+00:00 virtual3 kernel: [    0.407714] ACPI: LAPIC_NMI (acpi_id[0x7f] high edge lint[0x1])
2025-01-14T07:59:47.733801+00:00 virtual3 kernel: [    0.408278] IOAPIC[0]: apic_id 1, version 32, address 0xfec00000, GSI 0-23
2025-01-14T07:59:47.733827+00:00 virtual3 kernel: [    0.408293] ACPI: INT_SRC_OVR (bus 0 bus_irq 0 global_irq 2 high edge)
2025-01-14T07:59:47.733832+00:00 virtual3 kernel: [    0.408310] ACPI: Using ACPI (MADT) for SMP configuration information
2025-01-14T07:59:47.733832+00:00 virtual3 kernel: [    0.408313] ACPI: HPET id: 0x8086af01 base: 0xfed00000
2025-01-14T07:59:47.733833+00:00 virtual3 kernel: [    0.408324] smpboot: Allowing 128 CPUs, 126 hotplug CPUs
2025-01-14T07:59:47.733834+00:00 virtual3 kernel: [    0.408426] PM: hibernation: Registered nosave memory: [mem 0x00000000-0x00000fff]
2025-01-14T07:59:47.733835+00:00 virtual3 kernel: [    0.408431] PM: hibernation: Registered nosave memory: [mem 0x0009e000-0x0009efff]
2025-01-14T07:59:47.733836+00:00 virtual3 kernel: [    0.408432] PM: hibernation: Registered nosave memory: [mem 0x0009f000-0x0009ffff]
2025-01-14T07:59:47.733858+00:00 virtual3 kernel: [    0.408434] PM: hibernation: Registered nosave memory: [mem 0x000a0000-0x000dbfff]
2025-01-14T07:59:47.733862+00:00 virtual3 kernel: [    0.408435] PM: hibernation: Registered nosave memory: [mem 0x000dc000-0x000fffff]
2025-01-14T07:59:47.733863+00:00 virtual3 kernel: [    0.408437] PM: hibernation: Registered nosave memory: [mem 0xbfee0000-0xbfefefff]
2025-01-14T07:59:47.733864+00:00 virtual3 kernel: [    0.408439] PM: hibernation: Registered nosave memory: [mem 0xbfeff000-0xbfefffff]
2025-01-14T07:59:47.733865+00:00 virtual3 kernel: [    0.408441] PM: hibernation: Registered nosave memory: [mem 0xc0000000-0xefffffff]
2025-01-14T07:59:47.733866+00:00 virtual3 kernel: [    0.408442] PM: hibernation: Registered nosave memory: [mem 0xf0000000-0xf7ffffff]
2025-01-14T07:59:47.733887+00:00 virtual3 kernel: [    0.408443] PM: hibernation: Registered nosave memory: [mem 0xf8000000-0xfebfffff]
2025-01-14T07:59:47.733892+00:00 virtual3 kernel: [    0.408444] PM: hibernation: Registered nosave memory: [mem 0xfec00000-0xfec0ffff]
2025-01-14T07:59:47.733892+00:00 virtual3 kernel: [    0.408446] PM: hibernation: Registered nosave memory: [mem 0xfec10000-0xfedfffff]
2025-01-14T07:59:47.733893+00:00 virtual3 kernel: [    0.408447] PM: hibernation: Registered nosave memory: [mem 0xfee00000-0xfee00fff]
2025-01-14T07:59:47.733894+00:00 virtual3 kernel: [    0.408448] PM: hibernation: Registered nosave memory: [mem 0xfee01000-0xfffdffff]
2025-01-14T07:59:47.733895+00:00 virtual3 kernel: [    0.408449] PM: hibernation: Registered nosave memory: [mem 0xfffe0000-0xffffffff]
2025-01-14T07:59:47.733907+00:00 virtual3 kernel: [    0.408452] [mem 0xc0000000-0xefffffff] available for PCI devices
2025-01-14T07:59:47.733924+00:00 virtual3 kernel: [    0.408454] Booting paravirtualized kernel on VMware hypervisor
2025-01-14T07:59:47.733928+00:00 virtual3 kernel: [    0.408458] clocksource: refined-jiffies: mask: 0xffffffff max_cycles: 0xffffffff, max_idle_ns: 7645519600211568 ns
2025-01-14T07:59:47.733929+00:00 virtual3 kernel: [    0.418790] setup_percpu: NR_CPUS:8192 nr_cpumask_bits:128 nr_cpu_ids:128 nr_node_ids:1
2025-01-14T07:59:47.733930+00:00 virtual3 kernel: [    0.671840] percpu: Embedded 61 pages/cpu s212992 r8192 d28672 u262144
2025-01-14T07:59:47.733931+00:00 virtual3 kernel: [    0.671865] pcpu-alloc: s212992 r8192 d28672 u262144 alloc=1*2097152
2025-01-14T07:59:47.734043+00:00 virtual3 kernel: [    0.671871] pcpu-alloc: [0] 000 001 002 003 004 005 006 007 
2025-01-14T07:59:47.734070+00:00 virtual3 kernel: [    0.671880] pcpu-alloc: [0] 008 009 010 011 012 013 014 015 
2025-01-14T07:59:47.734076+00:00 virtual3 kernel: [    0.671887] pcpu-alloc: [0] 016 017 018 019 020 021 022 023 
2025-01-14T07:59:47.734076+00:00 virtual3 kernel: [    0.671895] pcpu-alloc: [0] 024 025 026 027 028 029 030 031 
2025-01-14T07:59:47.734077+00:00 virtual3 kernel: [    0.671902] pcpu-alloc: [0] 032 033 034 035 036 037 038 039 
2025-01-14T07:59:47.734078+00:00 virtual3 kernel: [    0.671909] pcpu-alloc: [0] 040 041 042 043 044 045 046 047 
2025-01-14T07:59:47.734079+00:00 virtual3 kernel: [    0.671917] pcpu-alloc: [0] 048 049 050 051 052 053 054 055 
2025-01-14T07:59:47.734101+00:00 virtual3 kernel: [    0.671924] pcpu-alloc: [0] 056 057 058 059 060 061 062 063 
2025-01-14T07:59:47.734105+00:00 virtual3 kernel: [    0.671931] pcpu-alloc: [0] 064 065 066 067 068 069 070 071 
2025-01-14T07:59:47.734106+00:00 virtual3 kernel: [    0.671938] pcpu-alloc: [0] 072 073 074 075 076 077 078 079 
2025-01-14T07:59:47.734107+00:00 virtual3 kernel: [    0.671946] pcpu-alloc: [0] 080 081 082 083 084 085 086 087 
2025-01-14T07:59:47.734108+00:00 virtual3 kernel: [    0.671953] pcpu-alloc: [0] 088 089 090 091 092 093 094 095 
2025-01-14T07:59:47.734109+00:00 virtual3 kernel: [    0.671960] pcpu-alloc: [0] 096 097 098 099 100 101 102 103 
2025-01-14T07:59:47.734121+00:00 virtual3 kernel: [    0.671968] pcpu-alloc: [0] 104 105 106 107 108 109 110 111 
2025-01-14T07:59:47.734138+00:00 virtual3 kernel: [    0.671975] pcpu-alloc: [0] 112 113 114 115 116 117 118 119 
2025-01-14T07:59:47.734141+00:00 virtual3 kernel: [    0.671982] pcpu-alloc: [0] 120 121 122 123 124 125 126 127 
2025-01-14T07:59:47.734142+00:00 virtual3 kernel: [    0.672091] Fallback order for Node 0: 0 
2025-01-14T07:59:47.734143+00:00 virtual3 kernel: [    0.672105] Built 1 zonelists, mobility grouping on.  Total pages: 1031904
2025-01-14T07:59:47.734144+00:00 virtual3 kernel: [    0.672108] Policy zone: Normal
2025-01-14T07:59:47.734145+00:00 virtual3 kernel: [    0.672111] Kernel command line: BOOT_IMAGE=/boot/vmlinuz-6.1.0-29-amd64 root=UUID=4826af56-a920-4c87-b564-09cd7bb1bc85 ro quiet
2025-01-14T07:59:47.734167+00:00 virtual3 kernel: [    0.672183] Unknown kernel command line parameters "BOOT_IMAGE=/boot/vmlinuz-6.1.0-29-amd64", will be passed to user space.
2025-01-14T07:59:47.734172+00:00 virtual3 kernel: [    0.672202] random: crng init done
2025-01-14T07:59:47.734173+00:00 virtual3 kernel: [    0.672203] printk: log_buf_len individual max cpu contribution: 4096 bytes
2025-01-14T07:59:47.734174+00:00 virtual3 kernel: [    0.672205] printk: log_buf_len total cpu_extra contributions: 520192 bytes
2025-01-14T07:59:47.734175+00:00 virtual3 kernel: [    0.672206] printk: log_buf_len min size: 131072 bytes
2025-01-14T07:59:47.734175+00:00 virtual3 kernel: [    0.702715] printk: log_buf_len: 1048576 bytes
2025-01-14T07:59:47.734197+00:00 virtual3 kernel: [    0.702718] printk: early log buf free: 107600(82%)
2025-01-14T07:59:47.734202+00:00 virtual3 kernel: [    0.729481] Dentry cache hash table entries: 524288 (order: 10, 4194304 bytes, linear)
2025-01-14T07:59:47.734203+00:00 virtual3 kernel: [    0.742452] Inode-cache hash table entries: 262144 (order: 9, 2097152 bytes, linear)
2025-01-14T07:59:47.734203+00:00 virtual3 kernel: [    0.748092] mem auto-init: stack:all(zero), heap alloc:on, heap free:off
2025-01-14T07:59:47.734204+00:00 virtual3 kernel: [    0.748105] software IO TLB: area num 128.
2025-01-14T07:59:47.734205+00:00 virtual3 kernel: [    0.985959] Memory: 3100004K/4193780K available (14342K kernel code, 2336K rwdata, 9084K rodata, 2796K init, 17392K bss, 284616K reserved, 0K cma-reserved)
2025-01-14T07:59:47.734227+00:00 virtual3 kernel: [    0.986871] SLUB: HWalign=64, Order=0-3, MinObjects=0, CPUs=128, Nodes=1
2025-01-14T07:59:47.734232+00:00 virtual3 kernel: [    0.986920] Kernel/User page tables isolation: enabled
2025-01-14T07:59:47.734233+00:00 virtual3 kernel: [    0.987596] ftrace: allocating 40302 entries in 158 pages
2025-01-14T07:59:47.734234+00:00 virtual3 kernel: [    0.998587] ftrace: allocated 158 pages with 5 groups
2025-01-14T07:59:47.734234+00:00 virtual3 kernel: [    1.002731] Dynamic Preempt: voluntary
2025-01-14T07:59:47.734235+00:00 virtual3 kernel: [    1.003589] rcu: Preemptible hierarchical RCU implementation.
2025-01-14T07:59:47.734257+00:00 virtual3 kernel: [    1.003592] rcu: 	RCU restricting CPUs from NR_CPUS=8192 to nr_cpu_ids=128.
2025-01-14T07:59:47.734261+00:00 virtual3 kernel: [    1.003595] 	Trampoline variant of Tasks RCU enabled.
2025-01-14T07:59:47.734262+00:00 virtual3 kernel: [    1.003596] 	Rude variant of Tasks RCU enabled.
2025-01-14T07:59:47.734263+00:00 virtual3 kernel: [    1.003597] 	Tracing variant of Tasks RCU enabled.
2025-01-14T07:59:47.734264+00:00 virtual3 kernel: [    1.003598] rcu: RCU calculated value of scheduler-enlistment delay is 25 jiffies.
2025-01-14T07:59:47.734265+00:00 virtual3 kernel: [    1.003600] rcu: Adjusting geometry for rcu_fanout_leaf=16, nr_cpu_ids=128
2025-01-14T07:59:47.734265+00:00 virtual3 kernel: [    1.014583] NR_IRQS: 524544, nr_irqs: 1448, preallocated irqs: 16
2025-01-14T07:59:47.734287+00:00 virtual3 kernel: [    1.015418] rcu: srcu_init: Setting srcu_struct sizes to big.
2025-01-14T07:59:47.734291+00:00 virtual3 kernel: [    1.051005] Console: colour VGA+ 80x25
2025-01-14T07:59:47.734292+00:00 virtual3 kernel: [    1.051060] printk: console [tty0] enabled
2025-01-14T07:59:47.734293+00:00 virtual3 kernel: [    1.051252] ACPI: Core revision 20220331
2025-01-14T07:59:47.734294+00:00 virtual3 kernel: [    1.053464] clocksource: hpet: mask: 0xffffffff max_cycles: 0xffffffff, max_idle_ns: 133484882848 ns
2025-01-14T07:59:47.734295+00:00 virtual3 kernel: [    1.054073] APIC: Switch to symmetric I/O mode setup
2025-01-14T07:59:47.734317+00:00 virtual3 kernel: [    1.055330] x2apic enabled
2025-01-14T07:59:47.734321+00:00 virtual3 kernel: [    1.056017] Switched APIC routing to physical x2apic.
2025-01-14T07:59:47.734322+00:00 virtual3 kernel: [    1.060104] ..TIMER: vector=0x30 apic1=0 pin1=2 apic2=-1 pin2=-1
2025-01-14T07:59:47.734323+00:00 virtual3 kernel: [    1.060217] clocksource: tsc-early: mask: 0xffffffffffffffff max_cycles: 0x26bf01197ee, max_idle_ns: 440795313648 ns
2025-01-14T07:59:47.734324+00:00 virtual3 kernel: [    1.060229] Calibrating delay loop (skipped) preset value.. 5376.02 BogoMIPS (lpj=10752044)
2025-01-14T07:59:47.734325+00:00 virtual3 kernel: [    1.061637] x86/cpu: User Mode Instruction Prevention (UMIP) activated
2025-01-14T07:59:47.734346+00:00 virtual3 kernel: [    1.061770] Last level iTLB entries: 4KB 0, 2MB 0, 4MB 0
2025-01-14T07:59:47.734350+00:00 virtual3 kernel: [    1.061773] Last level dTLB entries: 4KB 0, 2MB 0, 4MB 0, 1GB 0
2025-01-14T07:59:47.734351+00:00 virtual3 kernel: [    1.061781] Spectre V1 : Mitigation: usercopy/swapgs barriers and __user pointer sanitization
2025-01-14T07:59:47.734352+00:00 virtual3 kernel: [    1.061785] Spectre V2 : Spectre BHI mitigation: SW BHB clearing on vm exit
2025-01-14T07:59:47.734353+00:00 virtual3 kernel: [    1.061787] Spectre V2 : Spectre BHI mitigation: SW BHB clearing on syscall
2025-01-14T07:59:47.734354+00:00 virtual3 kernel: [    1.061788] Spectre V2 : Mitigation: IBRS
2025-01-14T07:59:47.734355+00:00 virtual3 kernel: [    1.061789] Spectre V2 : Spectre v2 / SpectreRSB mitigation: Filling RSB on context switch
2025-01-14T07:59:47.734376+00:00 virtual3 kernel: [    1.061790] Spectre V2 : Spectre v2 / SpectreRSB : Filling RSB on VMEXIT
2025-01-14T07:59:47.734380+00:00 virtual3 kernel: [    1.061791] RETBleed: Mitigation: IBRS
2025-01-14T07:59:47.734381+00:00 virtual3 kernel: [    1.061794] Spectre V2 : mitigation: Enabling conditional Indirect Branch Prediction Barrier
2025-01-14T07:59:47.734382+00:00 virtual3 kernel: [    1.061796] Speculative Store Bypass: Mitigation: Speculative Store Bypass disabled via prctl
2025-01-14T07:59:47.734383+00:00 virtual3 kernel: [    1.061799] MDS: Mitigation: Clear CPU buffers
2025-01-14T07:59:47.734383+00:00 virtual3 kernel: [    1.061800] Register File Data Sampling: Vulnerable: No microcode
2025-01-14T07:59:47.734408+00:00 virtual3 kernel: [    1.061910] x86/fpu: Supporting XSAVE feature 0x001: 'x87 floating point registers'
2025-01-14T07:59:47.734412+00:00 virtual3 kernel: [    1.061913] x86/fpu: Supporting XSAVE feature 0x002: 'SSE registers'
2025-01-14T07:59:47.734413+00:00 virtual3 kernel: [    1.061914] x86/fpu: Supporting XSAVE feature 0x004: 'AVX registers'
2025-01-14T07:59:47.734413+00:00 virtual3 kernel: [    1.061916] x86/fpu: xstate_offset[2]:  576, xstate_sizes[2]:  256
2025-01-14T07:59:47.734414+00:00 virtual3 kernel: [    1.061919] x86/fpu: Enabled xstate features 0x7, context size is 832 bytes, using 'compacted' format.
2025-01-14T07:59:47.734415+00:00 virtual3 kernel: [    1.085000] Freeing SMP alternatives memory: 36K
2025-01-14T07:59:47.734437+00:00 virtual3 kernel: [    1.085008] pid_max: default: 131072 minimum: 1024
2025-01-14T07:59:47.734441+00:00 virtual3 kernel: [    1.085215] LSM: Security Framework initializing
2025-01-14T07:59:47.734442+00:00 virtual3 kernel: [    1.085250] landlock: Up and running.
2025-01-14T07:59:47.734443+00:00 virtual3 kernel: [    1.085251] Yama: disabled by default; enable with sysctl kernel.yama.*
2025-01-14T07:59:47.734444+00:00 virtual3 kernel: [    1.085618] AppArmor: AppArmor initialized
2025-01-14T07:59:47.734444+00:00 virtual3 kernel: [    1.085621] TOMOYO Linux initialized
2025-01-14T07:59:47.734445+00:00 virtual3 kernel: [    1.085629] LSM support for eBPF active
2025-01-14T07:59:47.734467+00:00 virtual3 kernel: [    1.086194] Mount-cache hash table entries: 8192 (order: 4, 65536 bytes, linear)
2025-01-14T07:59:47.734471+00:00 virtual3 kernel: [    1.086593] Mountpoint-cache hash table entries: 8192 (order: 4, 65536 bytes, linear)
2025-01-14T07:59:47.734472+00:00 virtual3 kernel: [    1.093741] smpboot: CPU0: 12th Gen Intel(R) Core(TM) i7-12700H (family: 0x6, model: 0x9a, stepping: 0x3)
2025-01-14T07:59:47.734473+00:00 virtual3 kernel: [    1.095154] cblist_init_generic: Setting adjustable number of callback queues.
2025-01-14T07:59:47.734474+00:00 virtual3 kernel: [    1.095157] cblist_init_generic: Setting shift to 7 and lim to 1.
2025-01-14T07:59:47.734475+00:00 virtual3 kernel: [    1.095459] cblist_init_generic: Setting adjustable number of callback queues.
2025-01-14T07:59:47.734496+00:00 virtual3 kernel: [    1.095461] cblist_init_generic: Setting shift to 7 and lim to 1.
2025-01-14T07:59:47.734500+00:00 virtual3 kernel: [    1.095637] cblist_init_generic: Setting adjustable number of callback queues.
2025-01-14T07:59:47.734501+00:00 virtual3 kernel: [    1.095638] cblist_init_generic: Setting shift to 7 and lim to 1.
2025-01-14T07:59:47.734502+00:00 virtual3 kernel: [    1.095746] Performance Events: Alderlake Hybrid events, core PMU driver.
2025-01-14T07:59:47.734503+00:00 virtual3 kernel: [    1.096223] core: CPUID marked event: 'cpu cycles' unavailable
2025-01-14T07:59:47.734504+00:00 virtual3 kernel: [    1.096223] core: CPUID marked event: 'instructions' unavailable
2025-01-14T07:59:47.734525+00:00 virtual3 kernel: [    1.096223] core: CPUID marked event: 'bus cycles' unavailable
2025-01-14T07:59:47.734530+00:00 virtual3 kernel: [    1.096223] core: CPUID marked event: 'cache references' unavailable
2025-01-14T07:59:47.734530+00:00 virtual3 kernel: [    1.096223] core: CPUID marked event: 'cache misses' unavailable
2025-01-14T07:59:47.734531+00:00 virtual3 kernel: [    1.096223] core: CPUID marked event: 'branch instructions' unavailable
2025-01-14T07:59:47.734532+00:00 virtual3 kernel: [    1.096223] core: CPUID marked event: 'branch misses' unavailable
2025-01-14T07:59:47.734533+00:00 virtual3 kernel: [    1.096223] core: cpu_core PMU driver: 
2025-01-14T07:59:47.734533+00:00 virtual3 kernel: [    1.096223] ... version:                1
2025-01-14T07:59:47.734555+00:00 virtual3 kernel: [    1.096223] ... bit width:              48
2025-01-14T07:59:47.734559+00:00 virtual3 kernel: [    1.096223] ... generic registers:      6
2025-01-14T07:59:47.734560+00:00 virtual3 kernel: [    1.096223] ... value mask:             0000ffffffffffff
2025-01-14T07:59:47.734561+00:00 virtual3 kernel: [    1.096223] ... max period:             000000007fffffff
2025-01-14T07:59:47.734561+00:00 virtual3 kernel: [    1.096223] ... fixed-purpose events:   0
2025-01-14T07:59:47.734562+00:00 virtual3 kernel: [    1.096223] ... event mask:             0001000f0000003f
2025-01-14T07:59:47.734584+00:00 virtual3 kernel: [    1.096223] signal: max sigframe size: 1776
2025-01-14T07:59:47.734589+00:00 virtual3 kernel: [    1.096223] rcu: Hierarchical SRCU implementation.
2025-01-14T07:59:47.734589+00:00 virtual3 kernel: [    1.096223] rcu: 	Max phase no-delay instances is 1000.
2025-01-14T07:59:47.734590+00:00 virtual3 kernel: [    1.097729] NMI watchdog: Perf NMI watchdog permanently disabled
2025-01-14T07:59:47.734591+00:00 virtual3 kernel: [    1.135604] smp: Bringing up secondary CPUs ...
2025-01-14T07:59:47.734592+00:00 virtual3 kernel: [    1.136799] x86: Booting SMP configuration:
2025-01-14T07:59:47.734614+00:00 virtual3 kernel: [    1.136801] .... node  #0, CPUs:          #1
2025-01-14T07:59:47.734717+00:00 virtual3 kernel: [    0.044347] smpboot: CPU 1 Converting physical 2 to logical package 1
2025-01-14T07:59:47.734721+00:00 virtual3 kernel: [    0.044347] smpboot: CPU 1 Converting physical 0 to logical die 1
2025-01-14T07:59:47.734722+00:00 virtual3 kernel: [    1.139303] smp: Brought up 1 node, 2 CPUs
2025-01-14T07:59:47.734722+00:00 virtual3 kernel: [    1.139303] smpboot: Max logical packages: 128
2025-01-14T07:59:47.734723+00:00 virtual3 kernel: [    1.139303] smpboot: Total of 2 processors activated (10752.04 BogoMIPS)
2025-01-14T07:59:47.734724+00:00 virtual3 kernel: [    1.194796] node 0 deferred pages initialised in 56ms
2025-01-14T07:59:47.734746+00:00 virtual3 kernel: [    1.196967] devtmpfs: initialized
2025-01-14T07:59:47.734751+00:00 virtual3 kernel: [    1.196967] x86/mm: Memory block size: 128MB
2025-01-14T07:59:47.734752+00:00 virtual3 kernel: [    1.200982] ACPI: PM: Registering ACPI NVS region [mem 0xbfeff000-0xbfefffff] (4096 bytes)
2025-01-14T07:59:47.734753+00:00 virtual3 kernel: [    1.200982] clocksource: jiffies: mask: 0xffffffff max_cycles: 0xffffffff, max_idle_ns: 7645041785100000 ns
2025-01-14T07:59:47.734754+00:00 virtual3 kernel: [    1.213011] futex hash table entries: 32768 (order: 9, 2097152 bytes, linear)
2025-01-14T07:59:47.734754+00:00 virtual3 kernel: [    1.213726] pinctrl core: initialized pinctrl subsystem
2025-01-14T07:59:47.734777+00:00 virtual3 kernel: [    1.223192] NET: Registered PF_NETLINK/PF_ROUTE protocol family
2025-01-14T07:59:47.734781+00:00 virtual3 kernel: [    1.225650] DMA: preallocated 512 KiB GFP_KERNEL pool for atomic allocations
2025-01-14T07:59:47.734782+00:00 virtual3 kernel: [    1.225822] DMA: preallocated 512 KiB GFP_KERNEL|GFP_DMA pool for atomic allocations
2025-01-14T07:59:47.734783+00:00 virtual3 kernel: [    1.225908] DMA: preallocated 512 KiB GFP_KERNEL|GFP_DMA32 pool for atomic allocations
2025-01-14T07:59:47.734784+00:00 virtual3 kernel: [    1.225926] audit: initializing netlink subsys (disabled)
2025-01-14T07:59:47.734784+00:00 virtual3 kernel: [    1.226104] audit: type=2000 audit(1736738761.168:1): state=initialized audit_enabled=0 res=1
2025-01-14T07:59:47.734806+00:00 virtual3 kernel: [    1.226104] thermal_sys: Registered thermal governor 'fair_share'
2025-01-14T07:59:47.734810+00:00 virtual3 kernel: [    1.226104] thermal_sys: Registered thermal governor 'bang_bang'
2025-01-14T07:59:47.734811+00:00 virtual3 kernel: [    1.226104] thermal_sys: Registered thermal governor 'step_wise'
2025-01-14T07:59:47.734812+00:00 virtual3 kernel: [    1.226104] thermal_sys: Registered thermal governor 'user_space'
2025-01-14T07:59:47.734813+00:00 virtual3 kernel: [    1.226104] thermal_sys: Registered thermal governor 'power_allocator'
2025-01-14T07:59:47.734814+00:00 virtual3 kernel: [    1.226104] cpuidle: using governor ladder
2025-01-14T07:59:47.734814+00:00 virtual3 kernel: [    1.226104] cpuidle: using governor menu
2025-01-14T07:59:47.734836+00:00 virtual3 kernel: [    1.226104] Simple Boot Flag at 0x36 set to 0x80
2025-01-14T07:59:47.734841+00:00 virtual3 kernel: [    1.226104] acpiphp: ACPI Hot Plug PCI Controller Driver version: 0.5
2025-01-14T07:59:47.734841+00:00 virtual3 kernel: [    1.228287] PCI: MMCONFIG for domain 0000 [bus 00-7f] at [mem 0xf0000000-0xf7ffffff] (base 0xf0000000)
2025-01-14T07:59:47.734842+00:00 virtual3 kernel: [    1.228294] PCI: MMCONFIG at [mem 0xf0000000-0xf7ffffff] reserved in E820
2025-01-14T07:59:47.734856+00:00 virtual3 kernel: [    1.228308] pmd_set_huge: Cannot satisfy [mem 0xf0000000-0xf0200000] with a huge-page mapping due to MTRR override.
2025-01-14T07:59:47.734859+00:00 virtual3 kernel: [    1.230102] PCI: Using configuration type 1 for base access
2025-01-14T07:59:47.734880+00:00 virtual3 kernel: [    1.232566] kprobes: kprobe jump-optimization is enabled. All kprobes are optimized if possible.
2025-01-14T07:59:47.734885+00:00 virtual3 kernel: [    1.252267] HugeTLB: registered 1.00 GiB page size, pre-allocated 0 pages
2025-01-14T07:59:47.734885+00:00 virtual3 kernel: [    1.252271] HugeTLB: 16380 KiB vmemmap can be freed for a 1.00 GiB page
2025-01-14T07:59:47.734886+00:00 virtual3 kernel: [    1.252274] HugeTLB: registered 2.00 MiB page size, pre-allocated 0 pages
2025-01-14T07:59:47.734887+00:00 virtual3 kernel: [    1.252275] HugeTLB: 28 KiB vmemmap can be freed for a 2.00 MiB page
2025-01-14T07:59:47.734888+00:00 virtual3 kernel: [    1.281035] ACPI: Added _OSI(Module Device)
2025-01-14T07:59:47.734909+00:00 virtual3 kernel: [    1.281038] ACPI: Added _OSI(Processor Device)
2025-01-14T07:59:47.734914+00:00 virtual3 kernel: [    1.281040] ACPI: Added _OSI(3.0 _SCP Extensions)
2025-01-14T07:59:47.734914+00:00 virtual3 kernel: [    1.281041] ACPI: Added _OSI(Processor Aggregator Device)
2025-01-14T07:59:47.734915+00:00 virtual3 kernel: [    1.293757] ACPI: 1 ACPI AML tables successfully acquired and loaded
2025-01-14T07:59:47.734916+00:00 virtual3 kernel: [    1.296014] ACPI: [Firmware Bug]: BIOS _OSI(Linux) query ignored
2025-01-14T07:59:47.734917+00:00 virtual3 kernel: [    1.320311] ACPI: Interpreter enabled
2025-01-14T07:59:47.734917+00:00 virtual3 kernel: [    1.320339] ACPI: PM: (supports S0 S1 S4 S5)
2025-01-14T07:59:47.734941+00:00 virtual3 kernel: [    1.320343] ACPI: Using IOAPIC for interrupt routing
2025-01-14T07:59:47.734946+00:00 virtual3 kernel: [    1.320384] PCI: Using host bridge windows from ACPI; if necessary, use "pci=nocrs" and report a bug
2025-01-14T07:59:47.734947+00:00 virtual3 kernel: [    1.320385] PCI: Using E820 reservations for host bridge windows
2025-01-14T07:59:47.734947+00:00 virtual3 kernel: [    1.321050] ACPI: Enabled 4 GPEs in block 00 to 0F
2025-01-14T07:59:47.734948+00:00 virtual3 kernel: [    1.408893] ACPI: PCI Root Bridge [PCI0] (domain 0000 [bus 00-7f])
2025-01-14T07:59:47.734949+00:00 virtual3 kernel: [    1.408909] acpi PNP0A03:00: _OSC: OS supports [ExtendedConfig ASPM ClockPM Segments MSI HPX-Type3]
2025-01-14T07:59:47.734971+00:00 virtual3 kernel: [    1.409065] acpi PNP0A03:00: _OSC: platform does not support [AER LTR]
2025-01-14T07:59:47.734975+00:00 virtual3 kernel: [    1.409393] acpi PNP0A03:00: _OSC: OS now controls [PCIeHotplug SHPCHotplug PME PCIeCapability]
2025-01-14T07:59:47.734976+00:00 virtual3 kernel: [    1.413087] PCI host bridge to bus 0000:00
2025-01-14T07:59:47.734977+00:00 virtual3 kernel: [    1.413094] pci_bus 0000:00: root bus resource [mem 0x000a0000-0x000bffff window]
2025-01-14T07:59:47.734978+00:00 virtual3 kernel: [    1.413100] pci_bus 0000:00: root bus resource [mem 0x000d0000-0x000dbfff window]
2025-01-14T07:59:47.734979+00:00 virtual3 kernel: [    1.413113] pci_bus 0000:00: root bus resource [mem 0xc0000000-0xfebfffff window]
2025-01-14T07:59:47.735114+00:00 virtual3 kernel: [    1.413115] pci_bus 0000:00: root bus resource [io  0x0000-0x0cf7 window]
2025-01-14T07:59:47.735124+00:00 virtual3 kernel: [    1.413117] pci_bus 0000:00: root bus resource [io  0x0d00-0xfeff window]
2025-01-14T07:59:47.735126+00:00 virtual3 kernel: [    1.413119] pci_bus 0000:00: root bus resource [bus 00-7f]
2025-01-14T07:59:47.735127+00:00 virtual3 kernel: [    1.413480] pci 0000:00:00.0: [8086:7190] type 00 class 0x060000
2025-01-14T07:59:47.735128+00:00 virtual3 kernel: [    1.414266] pci 0000:00:01.0: [8086:7191] type 01 class 0x060400
2025-01-14T07:59:47.735129+00:00 virtual3 kernel: [    1.414894] pci 0000:00:07.0: [8086:7110] type 00 class 0x060100
2025-01-14T07:59:47.735156+00:00 virtual3 kernel: [    1.416939] pci 0000:00:07.1: [8086:7111] type 00 class 0x01018a
2025-01-14T07:59:47.735160+00:00 virtual3 kernel: [    1.419666] pci 0000:00:07.1: reg 0x20: [io  0x1060-0x106f]
2025-01-14T07:59:47.735161+00:00 virtual3 kernel: [    1.420945] pci 0000:00:07.1: legacy IDE quirk: reg 0x10: [io  0x01f0-0x01f7]
2025-01-14T07:59:47.735162+00:00 virtual3 kernel: [    1.420948] pci 0000:00:07.1: legacy IDE quirk: reg 0x14: [io  0x03f6]
2025-01-14T07:59:47.735163+00:00 virtual3 kernel: [    1.420950] pci 0000:00:07.1: legacy IDE quirk: reg 0x18: [io  0x0170-0x0177]
2025-01-14T07:59:47.735164+00:00 virtual3 kernel: [    1.420952] pci 0000:00:07.1: legacy IDE quirk: reg 0x1c: [io  0x0376]
2025-01-14T07:59:47.735165+00:00 virtual3 kernel: [    1.421475] pci 0000:00:07.3: [8086:7113] type 00 class 0x068000
2025-01-14T07:59:47.735187+00:00 virtual3 kernel: [    1.424937] pci 0000:00:07.3: quirk: [io  0x1000-0x103f] claimed by PIIX4 ACPI
2025-01-14T07:59:47.735192+00:00 virtual3 kernel: [    1.424971] pci 0000:00:07.3: quirk: [io  0x1040-0x104f] claimed by PIIX4 SMB
2025-01-14T07:59:47.735193+00:00 virtual3 kernel: [    1.425945] pci 0000:00:07.7: [15ad:0740] type 00 class 0x088000
2025-01-14T07:59:47.735194+00:00 virtual3 kernel: [    1.427240] pci 0000:00:07.7: reg 0x10: [io  0x1080-0x10bf]
2025-01-14T07:59:47.735194+00:00 virtual3 kernel: [    1.427683] pci 0000:00:07.7: reg 0x14: [mem 0xfebc0000-0xfebfffff 64bit]
2025-01-14T07:59:47.735195+00:00 virtual3 kernel: [    1.431269] pci 0000:00:0f.0: [15ad:0405] type 00 class 0x030000
2025-01-14T07:59:47.735217+00:00 virtual3 kernel: [    1.433332] pci 0000:00:0f.0: reg 0x10: [io  0x1070-0x107f]
2025-01-14T07:59:47.735222+00:00 virtual3 kernel: [    1.434373] pci 0000:00:0f.0: reg 0x14: [mem 0xe8000000-0xefffffff pref]
2025-01-14T07:59:47.735223+00:00 virtual3 kernel: [    1.435669] pci 0000:00:0f.0: reg 0x18: [mem 0xfe000000-0xfe7fffff]
2025-01-14T07:59:47.735224+00:00 virtual3 kernel: [    1.442339] pci 0000:00:0f.0: reg 0x30: [mem 0x00000000-0x00007fff pref]
2025-01-14T07:59:47.735225+00:00 virtual3 kernel: [    1.442709] pci 0000:00:0f.0: Video device with shadowed ROM at [mem 0x000c0000-0x000dffff]
2025-01-14T07:59:47.735226+00:00 virtual3 kernel: [    1.445049] pci 0000:00:10.0: [1000:0030] type 00 class 0x010000
2025-01-14T07:59:47.735227+00:00 virtual3 kernel: [    1.445765] pci 0000:00:10.0: reg 0x10: [io  0x1400-0x14ff]
2025-01-14T07:59:47.735248+00:00 virtual3 kernel: [    1.446395] pci 0000:00:10.0: reg 0x14: [mem 0xfeb80000-0xfeb9ffff 64bit]
2025-01-14T07:59:47.735252+00:00 virtual3 kernel: [    1.446991] pci 0000:00:10.0: reg 0x1c: [mem 0xfeba0000-0xfebbffff 64bit]
2025-01-14T07:59:47.735253+00:00 virtual3 kernel: [    1.447955] pci 0000:00:10.0: reg 0x30: [mem 0x00000000-0x00003fff pref]
2025-01-14T07:59:47.735254+00:00 virtual3 kernel: [    1.449309] pci 0000:00:11.0: [15ad:0790] type 01 class 0x060401
2025-01-14T07:59:47.735255+00:00 virtual3 kernel: [    1.451745] pci 0000:00:15.0: [15ad:07a0] type 01 class 0x060400
2025-01-14T07:59:47.735256+00:00 virtual3 kernel: [    1.454041] pci 0000:00:15.0: PME# supported from D0 D3hot D3cold
2025-01-14T07:59:47.735278+00:00 virtual3 kernel: [    1.455500] pci 0000:00:15.1: [15ad:07a0] type 01 class 0x060400
2025-01-14T07:59:47.735283+00:00 virtual3 kernel: [    1.460589] pci 0000:00:15.1: PME# supported from D0 D3hot D3cold
2025-01-14T07:59:47.735284+00:00 virtual3 kernel: [    1.463145] pci 0000:00:15.2: [15ad:07a0] type 01 class 0x060400
2025-01-14T07:59:47.735285+00:00 virtual3 kernel: [    1.468066] pci 0000:00:15.2: PME# supported from D0 D3hot D3cold
2025-01-14T07:59:47.735286+00:00 virtual3 kernel: [    1.469379] pci 0000:00:15.3: [15ad:07a0] type 01 class 0x060400
2025-01-14T07:59:47.735287+00:00 virtual3 kernel: [    1.470238] pci 0000:00:15.3: PME# supported from D0 D3hot D3cold
2025-01-14T07:59:47.735308+00:00 virtual3 kernel: [    1.472097] pci 0000:00:15.4: [15ad:07a0] type 01 class 0x060400
2025-01-14T07:59:47.735313+00:00 virtual3 kernel: [    1.473130] pci 0000:00:15.4: PME# supported from D0 D3hot D3cold
2025-01-14T07:59:47.735314+00:00 virtual3 kernel: [    1.474502] pci 0000:00:15.5: [15ad:07a0] type 01 class 0x060400
2025-01-14T07:59:47.735315+00:00 virtual3 kernel: [    1.476860] pci 0000:00:15.5: PME# supported from D0 D3hot D3cold
2025-01-14T07:59:47.735316+00:00 virtual3 kernel: [    1.478034] pci 0000:00:15.6: [15ad:07a0] type 01 class 0x060400
2025-01-14T07:59:47.735317+00:00 virtual3 kernel: [    1.480256] pci 0000:00:15.6: PME# supported from D0 D3hot D3cold
2025-01-14T07:59:47.735318+00:00 virtual3 kernel: [    1.481707] pci 0000:00:15.7: [15ad:07a0] type 01 class 0x060400
2025-01-14T07:59:47.735339+00:00 virtual3 kernel: [    1.483921] pci 0000:00:15.7: PME# supported from D0 D3hot D3cold
2025-01-14T07:59:47.735344+00:00 virtual3 kernel: [    1.485136] pci 0000:00:16.0: [15ad:07a0] type 01 class 0x060400
2025-01-14T07:59:47.735345+00:00 virtual3 kernel: [    1.488417] pci 0000:00:16.0: PME# supported from D0 D3hot D3cold
2025-01-14T07:59:47.735346+00:00 virtual3 kernel: [    1.491126] pci 0000:00:16.1: [15ad:07a0] type 01 class 0x060400
2025-01-14T07:59:47.735347+00:00 virtual3 kernel: [    1.495150] pci 0000:00:16.1: PME# supported from D0 D3hot D3cold
2025-01-14T07:59:47.735348+00:00 virtual3 kernel: [    1.496332] pci 0000:00:16.2: [15ad:07a0] type 01 class 0x060400
2025-01-14T07:59:47.735369+00:00 virtual3 kernel: [    1.498562] pci 0000:00:16.2: PME# supported from D0 D3hot D3cold
2025-01-14T07:59:47.735373+00:00 virtual3 kernel: [    1.499675] pci 0000:00:16.3: [15ad:07a0] type 01 class 0x060400
2025-01-14T07:59:47.735482+00:00 virtual3 kernel: [    1.502111] pci 0000:00:16.3: PME# supported from D0 D3hot D3cold
2025-01-14T07:59:47.735486+00:00 virtual3 kernel: [    1.503260] pci 0000:00:16.4: [15ad:07a0] type 01 class 0x060400
2025-01-14T07:59:47.735487+00:00 virtual3 kernel: [    1.505502] pci 0000:00:16.4: PME# supported from D0 D3hot D3cold
2025-01-14T07:59:47.735488+00:00 virtual3 kernel: [    1.506659] pci 0000:00:16.5: [15ad:07a0] type 01 class 0x060400
2025-01-14T07:59:47.735489+00:00 virtual3 kernel: [    1.508860] pci 0000:00:16.5: PME# supported from D0 D3hot D3cold
2025-01-14T07:59:47.735511+00:00 virtual3 kernel: [    1.509939] pci 0000:00:16.6: [15ad:07a0] type 01 class 0x060400
2025-01-14T07:59:47.735516+00:00 virtual3 kernel: [    1.512499] pci 0000:00:16.6: PME# supported from D0 D3hot D3cold
2025-01-14T07:59:47.735517+00:00 virtual3 kernel: [    1.514009] pci 0000:00:16.7: [15ad:07a0] type 01 class 0x060400
2025-01-14T07:59:47.735518+00:00 virtual3 kernel: [    1.516333] pci 0000:00:16.7: PME# supported from D0 D3hot D3cold
2025-01-14T07:59:47.735519+00:00 virtual3 kernel: [    1.517444] pci 0000:00:17.0: [15ad:07a0] type 01 class 0x060400
2025-01-14T07:59:47.735520+00:00 virtual3 kernel: [    1.519658] pci 0000:00:17.0: PME# supported from D0 D3hot D3cold
2025-01-14T07:59:47.735542+00:00 virtual3 kernel: [    1.520794] pci 0000:00:17.1: [15ad:07a0] type 01 class 0x060400
2025-01-14T07:59:47.735546+00:00 virtual3 kernel: [    1.522987] pci 0000:00:17.1: PME# supported from D0 D3hot D3cold
2025-01-14T07:59:47.735547+00:00 virtual3 kernel: [    1.524062] pci 0000:00:17.2: [15ad:07a0] type 01 class 0x060400
2025-01-14T07:59:47.735548+00:00 virtual3 kernel: [    1.526265] pci 0000:00:17.2: PME# supported from D0 D3hot D3cold
2025-01-14T07:59:47.735549+00:00 virtual3 kernel: [    1.527762] pci 0000:00:17.3: [15ad:07a0] type 01 class 0x060400
2025-01-14T07:59:47.735550+00:00 virtual3 kernel: [    1.529903] pci 0000:00:17.3: PME# supported from D0 D3hot D3cold
2025-01-14T07:59:47.735572+00:00 virtual3 kernel: [    1.531135] pci 0000:00:17.4: [15ad:07a0] type 01 class 0x060400
2025-01-14T07:59:47.735576+00:00 virtual3 kernel: [    1.533439] pci 0000:00:17.4: PME# supported from D0 D3hot D3cold
2025-01-14T07:59:47.735577+00:00 virtual3 kernel: [    1.535343] pci 0000:00:17.5: [15ad:07a0] type 01 class 0x060400
2025-01-14T07:59:47.735578+00:00 virtual3 kernel: [    1.537591] pci 0000:00:17.5: PME# supported from D0 D3hot D3cold
2025-01-14T07:59:47.735579+00:00 virtual3 kernel: [    1.538688] pci 0000:00:17.6: [15ad:07a0] type 01 class 0x060400
2025-01-14T07:59:47.735580+00:00 virtual3 kernel: [    1.540914] pci 0000:00:17.6: PME# supported from D0 D3hot D3cold
2025-01-14T07:59:47.735581+00:00 virtual3 kernel: [    1.542547] pci 0000:00:17.7: [15ad:07a0] type 01 class 0x060400
2025-01-14T07:59:47.735603+00:00 virtual3 kernel: [    1.544898] pci 0000:00:17.7: PME# supported from D0 D3hot D3cold
2025-01-14T07:59:47.735607+00:00 virtual3 kernel: [    1.546134] pci 0000:00:18.0: [15ad:07a0] type 01 class 0x060400
2025-01-14T07:59:47.735608+00:00 virtual3 kernel: [    1.548279] pci 0000:00:18.0: PME# supported from D0 D3hot D3cold
2025-01-14T07:59:47.735609+00:00 virtual3 kernel: [    1.549626] pci 0000:00:18.1: [15ad:07a0] type 01 class 0x060400
2025-01-14T07:59:47.735610+00:00 virtual3 kernel: [    1.551838] pci 0000:00:18.1: PME# supported from D0 D3hot D3cold
2025-01-14T07:59:47.735611+00:00 virtual3 kernel: [    1.553030] pci 0000:00:18.2: [15ad:07a0] type 01 class 0x060400
2025-01-14T07:59:47.735637+00:00 virtual3 kernel: [    1.555285] pci 0000:00:18.2: PME# supported from D0 D3hot D3cold
2025-01-14T07:59:47.735641+00:00 virtual3 kernel: [    1.556478] pci 0000:00:18.3: [15ad:07a0] type 01 class 0x060400
2025-01-14T07:59:47.735642+00:00 virtual3 kernel: [    1.558707] pci 0000:00:18.3: PME# supported from D0 D3hot D3cold
2025-01-14T07:59:47.735643+00:00 virtual3 kernel: [    1.559835] pci 0000:00:18.4: [15ad:07a0] type 01 class 0x060400
2025-01-14T07:59:47.735644+00:00 virtual3 kernel: [    1.561023] pci 0000:00:18.4: PME# supported from D0 D3hot D3cold
2025-01-14T07:59:47.735645+00:00 virtual3 kernel: [    1.561680] pci 0000:00:18.5: [15ad:07a0] type 01 class 0x060400
2025-01-14T07:59:47.735646+00:00 virtual3 kernel: [    1.563933] pci 0000:00:18.5: PME# supported from D0 D3hot D3cold
2025-01-14T07:59:47.735668+00:00 virtual3 kernel: [    1.565088] pci 0000:00:18.6: [15ad:07a0] type 01 class 0x060400
2025-01-14T07:59:47.735672+00:00 virtual3 kernel: [    1.570079] pci 0000:00:18.6: PME# supported from D0 D3hot D3cold
2025-01-14T07:59:47.735673+00:00 virtual3 kernel: [    1.573525] pci 0000:00:18.7: [15ad:07a0] type 01 class 0x060400
2025-01-14T07:59:47.735674+00:00 virtual3 kernel: [    1.577684] pci 0000:00:18.7: PME# supported from D0 D3hot D3cold
2025-01-14T07:59:47.735675+00:00 virtual3 kernel: [    1.578107] pci_bus 0000:01: extended config space not accessible
2025-01-14T07:59:47.735676+00:00 virtual3 kernel: [    1.578963] pci 0000:00:01.0: PCI bridge to [bus 01]
2025-01-14T07:59:47.735698+00:00 virtual3 kernel: [    1.579574] pci_bus 0000:02: extended config space not accessible
2025-01-14T07:59:47.735702+00:00 virtual3 kernel: [    1.579925] acpiphp: Slot [32] registered
2025-01-14T07:59:47.735703+00:00 virtual3 kernel: [    1.579990] acpiphp: Slot [33] registered
2025-01-14T07:59:47.735704+00:00 virtual3 kernel: [    1.580028] acpiphp: Slot [34] registered
2025-01-14T07:59:47.735705+00:00 virtual3 kernel: [    1.580091] acpiphp: Slot [35] registered
2025-01-14T07:59:47.735706+00:00 virtual3 kernel: [    1.580128] acpiphp: Slot [36] registered
2025-01-14T07:59:47.735728+00:00 virtual3 kernel: [    1.580166] acpiphp: Slot [37] registered
2025-01-14T07:59:47.735733+00:00 virtual3 kernel: [    1.580201] acpiphp: Slot [38] registered
2025-01-14T07:59:47.735733+00:00 virtual3 kernel: [    1.580223] acpiphp: Slot [39] registered
2025-01-14T07:59:47.735734+00:00 virtual3 kernel: [    1.580236] acpiphp: Slot [40] registered
2025-01-14T07:59:47.735735+00:00 virtual3 kernel: [    1.580274] acpiphp: Slot [41] registered
2025-01-14T07:59:47.735736+00:00 virtual3 kernel: [    1.580311] acpiphp: Slot [42] registered
2025-01-14T07:59:47.735737+00:00 virtual3 kernel: [    1.580374] acpiphp: Slot [43] registered
2025-01-14T07:59:47.735759+00:00 virtual3 kernel: [    1.580410] acpiphp: Slot [44] registered
2025-01-14T07:59:47.735764+00:00 virtual3 kernel: [    1.580471] acpiphp: Slot [45] registered
2025-01-14T07:59:47.735764+00:00 virtual3 kernel: [    1.580507] acpiphp: Slot [46] registered
2025-01-14T07:59:47.735765+00:00 virtual3 kernel: [    1.580544] acpiphp: Slot [47] registered
2025-01-14T07:59:47.735766+00:00 virtual3 kernel: [    1.580580] acpiphp: Slot [48] registered
2025-01-14T07:59:47.735767+00:00 virtual3 kernel: [    1.580616] acpiphp: Slot [49] registered
2025-01-14T07:59:47.738789+00:00 virtual3 rsyslogd: imuxsock: Acquired UNIX socket '/run/systemd/journal/syslog' (fd 3) from systemd.  [v8.2302.0]
2025-01-14T07:59:47.739220+00:00 virtual3 rsyslogd: [origin software="rsyslogd" swVersion="8.2302.0" x-pid="763" x-info="https://www.rsyslog.com"] start
2025-01-14T07:59:47.735789+00:00 virtual3 kernel: [    1.580653] acpiphp: Slot [50] registered
2025-01-14T07:59:47.742233+00:00 virtual3 kernel: [    1.580689] acpiphp: Slot [51] registered
2025-01-14T07:59:47.742234+00:00 virtual3 kernel: [    1.580750] acpiphp: Slot [52] registered
2025-01-14T07:59:47.742235+00:00 virtual3 kernel: [    1.580786] acpiphp: Slot [53] registered
2025-01-14T07:59:47.742236+00:00 virtual3 kernel: [    1.580822] acpiphp: Slot [54] registered
2025-01-14T07:59:47.742236+00:00 virtual3 kernel: [    1.580858] acpiphp: Slot [55] registered
2025-01-14T07:59:47.742237+00:00 virtual3 kernel: [    1.580894] acpiphp: Slot [56] registered
2025-01-14T07:59:47.742266+00:00 virtual3 kernel: [    1.580930] acpiphp: Slot [57] registered
2025-01-14T07:59:47.742270+00:00 virtual3 kernel: [    1.581183] acpiphp: Slot [58] registered
2025-01-14T07:59:47.742271+00:00 virtual3 kernel: [    1.581290] acpiphp: Slot [59] registered
2025-01-14T07:59:47.742272+00:00 virtual3 kernel: [    1.581378] acpiphp: Slot [60] registered
2025-01-14T07:59:47.742272+00:00 virtual3 kernel: [    1.581463] acpiphp: Slot [61] registered
2025-01-14T07:59:47.742273+00:00 virtual3 kernel: [    1.581548] acpiphp: Slot [62] registered
2025-01-14T07:59:47.742296+00:00 virtual3 kernel: [    1.581633] acpiphp: Slot [63] registered
2025-01-14T07:59:47.742301+00:00 virtual3 kernel: [    1.582139] pci 0000:02:00.0: [15ad:0774] type 00 class 0x0c0300
2025-01-14T07:59:47.742301+00:00 virtual3 kernel: [    1.585192] pci 0000:02:00.0: reg 0x20: [io  0x2080-0x209f]
2025-01-14T07:59:47.742302+00:00 virtual3 kernel: [    1.588347] pci 0000:02:01.0: [8086:100f] type 00 class 0x020000
2025-01-14T07:59:47.742303+00:00 virtual3 kernel: [    1.589455] pci 0000:02:01.0: reg 0x10: [mem 0xfd5c0000-0xfd5dffff 64bit]
2025-01-14T07:59:47.742304+00:00 virtual3 kernel: [    1.590156] pci 0000:02:01.0: reg 0x18: [mem 0xfdff0000-0xfdffffff 64bit]
2025-01-14T07:59:47.742325+00:00 virtual3 kernel: [    1.590693] pci 0000:02:01.0: reg 0x20: [io  0x2000-0x203f]
2025-01-14T07:59:47.742329+00:00 virtual3 kernel: [    1.591687] pci 0000:02:01.0: reg 0x30: [mem 0x00000000-0x0000ffff pref]
2025-01-14T07:59:47.742329+00:00 virtual3 kernel: [    1.592565] pci 0000:02:01.0: PME# supported from D0 D3hot D3cold
2025-01-14T07:59:47.742330+00:00 virtual3 kernel: [    1.593647] pci 0000:02:02.0: [1274:1371] type 00 class 0x040100
2025-01-14T07:59:47.742331+00:00 virtual3 kernel: [    1.594352] pci 0000:02:02.0: reg 0x10: [io  0x2040-0x207f]
2025-01-14T07:59:47.742331+00:00 virtual3 kernel: [    1.601314] pci 0000:02:03.0: [15ad:0770] type 00 class 0x0c0320
2025-01-14T07:59:47.742332+00:00 virtual3 kernel: [    1.602527] pci 0000:02:03.0: reg 0x10: [mem 0xfd5ef000-0xfd5effff]
2025-01-14T07:59:47.742352+00:00 virtual3 kernel: [    1.610065] pci 0000:02:04.0: [15ad:07e0] type 00 class 0x010601
2025-01-14T07:59:47.742356+00:00 virtual3 kernel: [    1.613346] pci 0000:02:04.0: reg 0x24: [mem 0xfd5ee000-0xfd5eefff]
2025-01-14T07:59:47.742357+00:00 virtual3 kernel: [    1.613870] pci 0000:02:04.0: reg 0x30: [mem 0x00000000-0x0000ffff pref]
2025-01-14T07:59:47.742358+00:00 virtual3 kernel: [    1.614944] pci 0000:02:04.0: PME# supported from D3hot
2025-01-14T07:59:47.742358+00:00 virtual3 kernel: [    1.616915] pci 0000:00:11.0: PCI bridge to [bus 02] (subtractive decode)
2025-01-14T07:59:47.742359+00:00 virtual3 kernel: [    1.616975] pci 0000:00:11.0:   bridge window [io  0x2000-0x3fff]
2025-01-14T07:59:47.742379+00:00 virtual3 kernel: [    1.617029] pci 0000:00:11.0:   bridge window [mem 0xfd500000-0xfdffffff]
2025-01-14T07:59:47.742383+00:00 virtual3 kernel: [    1.617138] pci 0000:00:11.0:   bridge window [mem 0xe7b00000-0xe7ffffff 64bit pref]
2025-01-14T07:59:47.742384+00:00 virtual3 kernel: [    1.617141] pci 0000:00:11.0:   bridge window [mem 0x000a0000-0x000bffff window] (subtractive decode)
2025-01-14T07:59:47.742385+00:00 virtual3 kernel: [    1.617144] pci 0000:00:11.0:   bridge window [mem 0x000d0000-0x000dbfff window] (subtractive decode)
2025-01-14T07:59:47.742386+00:00 virtual3 kernel: [    1.617146] pci 0000:00:11.0:   bridge window [mem 0xc0000000-0xfebfffff window] (subtractive decode)
2025-01-14T07:59:47.742387+00:00 virtual3 kernel: [    1.617148] pci 0000:00:11.0:   bridge window [io  0x0000-0x0cf7 window] (subtractive decode)
2025-01-14T07:59:47.742406+00:00 virtual3 kernel: [    1.617150] pci 0000:00:11.0:   bridge window [io  0x0d00-0xfeff window] (subtractive decode)
2025-01-14T07:59:47.742410+00:00 virtual3 kernel: [    1.617969] pci 0000:00:15.0: PCI bridge to [bus 03]
2025-01-14T07:59:47.742411+00:00 virtual3 kernel: [    1.618025] pci 0000:00:15.0:   bridge window [io  0x4000-0x4fff]
2025-01-14T07:59:47.742412+00:00 virtual3 kernel: [    1.618079] pci 0000:00:15.0:   bridge window [mem 0xfd400000-0xfd4fffff]
2025-01-14T07:59:47.742412+00:00 virtual3 kernel: [    1.618189] pci 0000:00:15.0:   bridge window [mem 0xe7a00000-0xe7afffff 64bit pref]
2025-01-14T07:59:47.742413+00:00 virtual3 kernel: [    1.619006] pci 0000:00:15.1: PCI bridge to [bus 04]
2025-01-14T07:59:47.742432+00:00 virtual3 kernel: [    1.619060] pci 0000:00:15.1:   bridge window [io  0x8000-0x8fff]
2025-01-14T07:59:47.742436+00:00 virtual3 kernel: [    1.619113] pci 0000:00:15.1:   bridge window [mem 0xfd000000-0xfd0fffff]
2025-01-14T07:59:47.742437+00:00 virtual3 kernel: [    1.619219] pci 0000:00:15.1:   bridge window [mem 0xe7600000-0xe76fffff 64bit pref]
2025-01-14T07:59:47.742438+00:00 virtual3 kernel: [    1.619995] pci 0000:00:15.2: PCI bridge to [bus 05]
2025-01-14T07:59:47.742439+00:00 virtual3 kernel: [    1.620049] pci 0000:00:15.2:   bridge window [io  0xc000-0xcfff]
2025-01-14T07:59:47.742439+00:00 virtual3 kernel: [    1.620103] pci 0000:00:15.2:   bridge window [mem 0xfcc00000-0xfccfffff]
2025-01-14T07:59:47.742440+00:00 virtual3 kernel: [    1.620277] pci 0000:00:15.2:   bridge window [mem 0xe7200000-0xe72fffff 64bit pref]
2025-01-14T07:59:47.742462+00:00 virtual3 kernel: [    1.621038] pci 0000:00:15.3: PCI bridge to [bus 06]
2025-01-14T07:59:47.742467+00:00 virtual3 kernel: [    1.621144] pci 0000:00:15.3:   bridge window [mem 0xfc800000-0xfc8fffff]
2025-01-14T07:59:47.742467+00:00 virtual3 kernel: [    1.621249] pci 0000:00:15.3:   bridge window [mem 0xe6e00000-0xe6efffff 64bit pref]
2025-01-14T07:59:47.742468+00:00 virtual3 kernel: [    1.622041] pci 0000:00:15.4: PCI bridge to [bus 07]
2025-01-14T07:59:47.742469+00:00 virtual3 kernel: [    1.622151] pci 0000:00:15.4:   bridge window [mem 0xfc400000-0xfc4fffff]
2025-01-14T07:59:47.742470+00:00 virtual3 kernel: [    1.622257] pci 0000:00:15.4:   bridge window [mem 0xe6a00000-0xe6afffff 64bit pref]
2025-01-14T07:59:47.742569+00:00 virtual3 kernel: [    1.623159] pci 0000:00:15.5: PCI bridge to [bus 08]
2025-01-14T07:59:47.742673+00:00 virtual3 kernel: [    1.623265] pci 0000:00:15.5:   bridge window [mem 0xfc000000-0xfc0fffff]
2025-01-14T07:59:47.742677+00:00 virtual3 kernel: [    1.623371] pci 0000:00:15.5:   bridge window [mem 0xe6600000-0xe66fffff 64bit pref]
2025-01-14T07:59:47.742679+00:00 virtual3 kernel: [    1.624252] pci 0000:00:15.6: PCI bridge to [bus 09]
2025-01-14T07:59:47.742679+00:00 virtual3 kernel: [    1.624381] pci 0000:00:15.6:   bridge window [mem 0xfbc00000-0xfbcfffff]
2025-01-14T07:59:47.742680+00:00 virtual3 kernel: [    1.624488] pci 0000:00:15.6:   bridge window [mem 0xe6200000-0xe62fffff 64bit pref]
2025-01-14T07:59:47.742681+00:00 virtual3 kernel: [    1.625303] pci 0000:00:15.7: PCI bridge to [bus 0a]
2025-01-14T07:59:47.742710+00:00 virtual3 kernel: [    1.625411] pci 0000:00:15.7:   bridge window [mem 0xfb800000-0xfb8fffff]
2025-01-14T07:59:47.742714+00:00 virtual3 kernel: [    1.625518] pci 0000:00:15.7:   bridge window [mem 0xe5e00000-0xe5efffff 64bit pref]
2025-01-14T07:59:47.742715+00:00 virtual3 kernel: [    1.626449] pci 0000:00:16.0: PCI bridge to [bus 0b]
2025-01-14T07:59:47.742716+00:00 virtual3 kernel: [    1.626504] pci 0000:00:16.0:   bridge window [io  0x5000-0x5fff]
2025-01-14T07:59:47.742717+00:00 virtual3 kernel: [    1.626558] pci 0000:00:16.0:   bridge window [mem 0xfd300000-0xfd3fffff]
2025-01-14T07:59:47.742718+00:00 virtual3 kernel: [    1.626663] pci 0000:00:16.0:   bridge window [mem 0xe7900000-0xe79fffff 64bit pref]
2025-01-14T07:59:47.742739+00:00 virtual3 kernel: [    1.627843] pci 0000:00:16.1: PCI bridge to [bus 0c]
2025-01-14T07:59:47.742744+00:00 virtual3 kernel: [    1.627902] pci 0000:00:16.1:   bridge window [io  0x9000-0x9fff]
2025-01-14T07:59:47.742744+00:00 virtual3 kernel: [    1.627957] pci 0000:00:16.1:   bridge window [mem 0xfcf00000-0xfcffffff]
2025-01-14T07:59:47.742745+00:00 virtual3 kernel: [    1.628354] pci 0000:00:16.1:   bridge window [mem 0xe7500000-0xe75fffff 64bit pref]
2025-01-14T07:59:47.742746+00:00 virtual3 kernel: [    1.630290] pci 0000:00:16.2: PCI bridge to [bus 0d]
2025-01-14T07:59:47.742747+00:00 virtual3 kernel: [    1.630416] pci 0000:00:16.2:   bridge window [io  0xd000-0xdfff]
2025-01-14T07:59:47.742767+00:00 virtual3 kernel: [    1.630540] pci 0000:00:16.2:   bridge window [mem 0xfcb00000-0xfcbfffff]
2025-01-14T07:59:47.742771+00:00 virtual3 kernel: [    1.630780] pci 0000:00:16.2:   bridge window [mem 0xe7100000-0xe71fffff 64bit pref]
2025-01-14T07:59:47.742772+00:00 virtual3 kernel: [    1.632769] pci 0000:00:16.3: PCI bridge to [bus 0e]
2025-01-14T07:59:47.742772+00:00 virtual3 kernel: [    1.633027] pci 0000:00:16.3:   bridge window [mem 0xfc700000-0xfc7fffff]
2025-01-14T07:59:47.742773+00:00 virtual3 kernel: [    1.633286] pci 0000:00:16.3:   bridge window [mem 0xe6d00000-0xe6dfffff 64bit pref]
2025-01-14T07:59:47.742774+00:00 virtual3 kernel: [    1.635140] pci 0000:00:16.4: PCI bridge to [bus 0f]
2025-01-14T07:59:47.742775+00:00 virtual3 kernel: [    1.635381] pci 0000:00:16.4:   bridge window [mem 0xfc300000-0xfc3fffff]
2025-01-14T07:59:47.742794+00:00 virtual3 kernel: [    1.635620] pci 0000:00:16.4:   bridge window [mem 0xe6900000-0xe69fffff 64bit pref]
2025-01-14T07:59:47.742798+00:00 virtual3 kernel: [    1.637671] pci 0000:00:16.5: PCI bridge to [bus 10]
2025-01-14T07:59:47.742799+00:00 virtual3 kernel: [    1.637912] pci 0000:00:16.5:   bridge window [mem 0xfbf00000-0xfbffffff]
2025-01-14T07:59:47.742800+00:00 virtual3 kernel: [    1.638174] pci 0000:00:16.5:   bridge window [mem 0xe6500000-0xe65fffff 64bit pref]
2025-01-14T07:59:47.742801+00:00 virtual3 kernel: [    1.639887] pci 0000:00:16.6: PCI bridge to [bus 11]
2025-01-14T07:59:47.742802+00:00 virtual3 kernel: [    1.640228] pci 0000:00:16.6:   bridge window [mem 0xfbb00000-0xfbbfffff]
2025-01-14T07:59:47.742821+00:00 virtual3 kernel: [    1.640483] pci 0000:00:16.6:   bridge window [mem 0xe6100000-0xe61fffff 64bit pref]
2025-01-14T07:59:47.742825+00:00 virtual3 kernel: [    1.642257] pci 0000:00:16.7: PCI bridge to [bus 12]
2025-01-14T07:59:47.742826+00:00 virtual3 kernel: [    1.642495] pci 0000:00:16.7:   bridge window [mem 0xfb700000-0xfb7fffff]
2025-01-14T07:59:47.742826+00:00 virtual3 kernel: [    1.642732] pci 0000:00:16.7:   bridge window [mem 0xe5d00000-0xe5dfffff 64bit pref]
2025-01-14T07:59:47.742827+00:00 virtual3 kernel: [    1.644321] pci 0000:00:17.0: PCI bridge to [bus 13]
2025-01-14T07:59:47.742828+00:00 virtual3 kernel: [    1.644380] pci 0000:00:17.0:   bridge window [io  0x6000-0x6fff]
2025-01-14T07:59:47.742829+00:00 virtual3 kernel: [    1.644435] pci 0000:00:17.0:   bridge window [mem 0xfd200000-0xfd2fffff]
2025-01-14T07:59:47.742848+00:00 virtual3 kernel: [    1.644543] pci 0000:00:17.0:   bridge window [mem 0xe7800000-0xe78fffff 64bit pref]
2025-01-14T07:59:47.742852+00:00 virtual3 kernel: [    1.645359] pci 0000:00:17.1: PCI bridge to [bus 14]
2025-01-14T07:59:47.742853+00:00 virtual3 kernel: [    1.645414] pci 0000:00:17.1:   bridge window [io  0xa000-0xafff]
2025-01-14T07:59:47.742854+00:00 virtual3 kernel: [    1.645469] pci 0000:00:17.1:   bridge window [mem 0xfce00000-0xfcefffff]
2025-01-14T07:59:47.742855+00:00 virtual3 kernel: [    1.645575] pci 0000:00:17.1:   bridge window [mem 0xe7400000-0xe74fffff 64bit pref]
2025-01-14T07:59:47.742855+00:00 virtual3 kernel: [    1.646445] pci 0000:00:17.2: PCI bridge to [bus 15]
2025-01-14T07:59:47.742875+00:00 virtual3 kernel: [    1.646500] pci 0000:00:17.2:   bridge window [io  0xe000-0xefff]
2025-01-14T07:59:47.742879+00:00 virtual3 kernel: [    1.646554] pci 0000:00:17.2:   bridge window [mem 0xfca00000-0xfcafffff]
2025-01-14T07:59:47.742879+00:00 virtual3 kernel: [    1.646660] pci 0000:00:17.2:   bridge window [mem 0xe7000000-0xe70fffff 64bit pref]
2025-01-14T07:59:47.742880+00:00 virtual3 kernel: [    1.647470] pci 0000:00:17.3: PCI bridge to [bus 16]
2025-01-14T07:59:47.742881+00:00 virtual3 kernel: [    1.647577] pci 0000:00:17.3:   bridge window [mem 0xfc600000-0xfc6fffff]
2025-01-14T07:59:47.742882+00:00 virtual3 kernel: [    1.647682] pci 0000:00:17.3:   bridge window [mem 0xe6c00000-0xe6cfffff 64bit pref]
2025-01-14T07:59:47.742901+00:00 virtual3 kernel: [    1.648287] pci 0000:00:17.4: PCI bridge to [bus 17]
2025-01-14T07:59:47.742905+00:00 virtual3 kernel: [    1.648394] pci 0000:00:17.4:   bridge window [mem 0xfc200000-0xfc2fffff]
2025-01-14T07:59:47.742906+00:00 virtual3 kernel: [    1.648500] pci 0000:00:17.4:   bridge window [mem 0xe6800000-0xe68fffff 64bit pref]
2025-01-14T07:59:47.742907+00:00 virtual3 kernel: [    1.649263] pci 0000:00:17.5: PCI bridge to [bus 18]
2025-01-14T07:59:47.742908+00:00 virtual3 kernel: [    1.649369] pci 0000:00:17.5:   bridge window [mem 0xfbe00000-0xfbefffff]
2025-01-14T07:59:47.742909+00:00 virtual3 kernel: [    1.649476] pci 0000:00:17.5:   bridge window [mem 0xe6400000-0xe64fffff 64bit pref]
2025-01-14T07:59:47.742909+00:00 virtual3 kernel: [    1.650278] pci 0000:00:17.6: PCI bridge to [bus 19]
2025-01-14T07:59:47.742929+00:00 virtual3 kernel: [    1.650384] pci 0000:00:17.6:   bridge window [mem 0xfba00000-0xfbafffff]
2025-01-14T07:59:47.742933+00:00 virtual3 kernel: [    1.650489] pci 0000:00:17.6:   bridge window [mem 0xe6000000-0xe60fffff 64bit pref]
2025-01-14T07:59:47.742934+00:00 virtual3 kernel: [    1.651271] pci 0000:00:17.7: PCI bridge to [bus 1a]
2025-01-14T07:59:47.742934+00:00 virtual3 kernel: [    1.651548] pci 0000:00:17.7:   bridge window [mem 0xfb600000-0xfb6fffff]
2025-01-14T07:59:47.742935+00:00 virtual3 kernel: [    1.651654] pci 0000:00:17.7:   bridge window [mem 0xe5c00000-0xe5cfffff 64bit pref]
2025-01-14T07:59:47.742936+00:00 virtual3 kernel: [    1.652598] pci 0000:00:18.0: PCI bridge to [bus 1b]
2025-01-14T07:59:47.742955+00:00 virtual3 kernel: [    1.652652] pci 0000:00:18.0:   bridge window [io  0x7000-0x7fff]
2025-01-14T07:59:47.742960+00:00 virtual3 kernel: [    1.652706] pci 0000:00:18.0:   bridge window [mem 0xfd100000-0xfd1fffff]
2025-01-14T07:59:47.742960+00:00 virtual3 kernel: [    1.652812] pci 0000:00:18.0:   bridge window [mem 0xe7700000-0xe77fffff 64bit pref]
2025-01-14T07:59:47.742961+00:00 virtual3 kernel: [    1.654080] pci 0000:00:18.1: PCI bridge to [bus 1c]
2025-01-14T07:59:47.742962+00:00 virtual3 kernel: [    1.654134] pci 0000:00:18.1:   bridge window [io  0xb000-0xbfff]
2025-01-14T07:59:47.742963+00:00 virtual3 kernel: [    1.654188] pci 0000:00:18.1:   bridge window [mem 0xfcd00000-0xfcdfffff]
2025-01-14T07:59:47.742964+00:00 virtual3 kernel: [    1.654294] pci 0000:00:18.1:   bridge window [mem 0xe7300000-0xe73fffff 64bit pref]
2025-01-14T07:59:47.742984+00:00 virtual3 kernel: [    1.655083] pci 0000:00:18.2: PCI bridge to [bus 1d]
2025-01-14T07:59:47.742988+00:00 virtual3 kernel: [    1.655189] pci 0000:00:18.2:   bridge window [mem 0xfc900000-0xfc9fffff]
2025-01-14T07:59:47.742989+00:00 virtual3 kernel: [    1.655297] pci 0000:00:18.2:   bridge window [mem 0xe6f00000-0xe6ffffff 64bit pref]
2025-01-14T07:59:47.742990+00:00 virtual3 kernel: [    1.656277] pci 0000:00:18.3: PCI bridge to [bus 1e]
2025-01-14T07:59:47.742990+00:00 virtual3 kernel: [    1.656383] pci 0000:00:18.3:   bridge window [mem 0xfc500000-0xfc5fffff]
2025-01-14T07:59:47.742991+00:00 virtual3 kernel: [    1.656489] pci 0000:00:18.3:   bridge window [mem 0xe6b00000-0xe6bfffff 64bit pref]
2025-01-14T07:59:47.743011+00:00 virtual3 kernel: [    1.657246] pci 0000:00:18.4: PCI bridge to [bus 1f]
2025-01-14T07:59:47.743015+00:00 virtual3 kernel: [    1.657353] pci 0000:00:18.4:   bridge window [mem 0xfc100000-0xfc1fffff]
2025-01-14T07:59:47.743015+00:00 virtual3 kernel: [    1.657462] pci 0000:00:18.4:   bridge window [mem 0xe6700000-0xe67fffff 64bit pref]
2025-01-14T07:59:47.743096+00:00 virtual3 kernel: [    1.658253] pci 0000:00:18.5: PCI bridge to [bus 20]
2025-01-14T07:59:47.743101+00:00 virtual3 kernel: [    1.658358] pci 0000:00:18.5:   bridge window [mem 0xfbd00000-0xfbdfffff]
2025-01-14T07:59:47.743103+00:00 virtual3 kernel: [    1.658464] pci 0000:00:18.5:   bridge window [mem 0xe6300000-0xe63fffff 64bit pref]
2025-01-14T07:59:47.743136+00:00 virtual3 kernel: [    1.659324] pci 0000:00:18.6: PCI bridge to [bus 21]
2025-01-14T07:59:47.743186+00:00 virtual3 kernel: [    1.659433] pci 0000:00:18.6:   bridge window [mem 0xfb900000-0xfb9fffff]
2025-01-14T07:59:47.743190+00:00 virtual3 kernel: [    1.659540] pci 0000:00:18.6:   bridge window [mem 0xe5f00000-0xe5ffffff 64bit pref]
2025-01-14T07:59:47.743191+00:00 virtual3 kernel: [    1.660412] pci 0000:00:18.7: PCI bridge to [bus 22]
2025-01-14T07:59:47.743193+00:00 virtual3 kernel: [    1.660520] pci 0000:00:18.7:   bridge window [mem 0xfb500000-0xfb5fffff]
2025-01-14T07:59:47.743194+00:00 virtual3 kernel: [    1.660628] pci 0000:00:18.7:   bridge window [mem 0xe5b00000-0xe5bfffff 64bit pref]
2025-01-14T07:59:47.743195+00:00 virtual3 kernel: [    1.665895] ACPI: PCI: Interrupt link LNKA configured for IRQ 9
2025-01-14T07:59:47.743226+00:00 virtual3 kernel: [    1.666059] ACPI: PCI: Interrupt link LNKB configured for IRQ 11
2025-01-14T07:59:47.743230+00:00 virtual3 kernel: [    1.666203] ACPI: PCI: Interrupt link LNKC configured for IRQ 10
2025-01-14T07:59:47.743231+00:00 virtual3 kernel: [    1.666345] ACPI: PCI: Interrupt link LNKD configured for IRQ 7
2025-01-14T07:59:47.743232+00:00 virtual3 kernel: [    1.684282] iommu: Default domain type: Translated 
2025-01-14T07:59:47.743233+00:00 virtual3 kernel: [    1.684282] iommu: DMA domain TLB invalidation policy: lazy mode 
2025-01-14T07:59:47.743234+00:00 virtual3 kernel: [    1.684676] pps_core: LinuxPPS API ver. 1 registered
2025-01-14T07:59:47.743255+00:00 virtual3 kernel: [    1.684678] pps_core: Software ver. 5.3.6 - Copyright 2005-2007 Rodolfo Giometti <giometti@linux.it>
2025-01-14T07:59:47.743259+00:00 virtual3 kernel: [    1.684733] PTP clock support registered
2025-01-14T07:59:47.743260+00:00 virtual3 kernel: [    1.684755] EDAC MC: Ver: 3.0.0
2025-01-14T07:59:47.743261+00:00 virtual3 kernel: [    1.693232] NetLabel: Initializing
2025-01-14T07:59:47.743262+00:00 virtual3 kernel: [    1.693236] NetLabel:  domain hash size = 128
2025-01-14T07:59:47.743263+00:00 virtual3 kernel: [    1.693237] NetLabel:  protocols = UNLABELED CIPSOv4 CALIPSO
2025-01-14T07:59:47.743282+00:00 virtual3 kernel: [    1.693258] NetLabel:  unlabeled traffic allowed by default
2025-01-14T07:59:47.743286+00:00 virtual3 kernel: [    1.693259] PCI: Using ACPI for IRQ routing
2025-01-14T07:59:47.743287+00:00 virtual3 kernel: [    1.762942] PCI: pci_cache_line_size set to 64 bytes
2025-01-14T07:59:47.743288+00:00 virtual3 kernel: [    1.765487] e820: reserve RAM buffer [mem 0x0009e800-0x0009ffff]
2025-01-14T07:59:47.743289+00:00 virtual3 kernel: [    1.765493] e820: reserve RAM buffer [mem 0xbfee0000-0xbfffffff]
2025-01-14T07:59:47.743289+00:00 virtual3 kernel: [    1.765797] pci 0000:00:0f.0: vgaarb: setting as boot VGA device
2025-01-14T07:59:47.743290+00:00 virtual3 kernel: [    1.765802] pci 0000:00:0f.0: vgaarb: bridge control possible
2025-01-14T07:59:47.743400+00:00 virtual3 kernel: [    1.765803] pci 0000:00:0f.0: vgaarb: VGA device added: decodes=io+mem,owns=io+mem,locks=none
2025-01-14T07:59:47.743405+00:00 virtual3 kernel: [    1.765821] vgaarb: loaded
2025-01-14T07:59:47.743405+00:00 virtual3 kernel: [    1.768074] hpet0: at MMIO 0xfed00000, IRQs 2, 8, 0, 0, 0, 0, 0, 0, 0, 0, 0, 0, 0, 0, 0, 0
2025-01-14T07:59:47.743406+00:00 virtual3 kernel: [    1.768091] hpet0: 16 comparators, 64-bit 14.318180 MHz counter
2025-01-14T07:59:47.743407+00:00 virtual3 kernel: [    1.772540] clocksource: Switched to clocksource tsc-early
2025-01-14T07:59:47.743408+00:00 virtual3 kernel: [    1.773956] VFS: Disk quotas dquot_6.6.0
2025-01-14T07:59:47.743427+00:00 virtual3 kernel: [    1.774042] VFS: Dquot-cache hash table entries: 512 (order 0, 4096 bytes)
2025-01-14T07:59:47.743431+00:00 virtual3 kernel: [    1.774828] AppArmor: AppArmor Filesystem Enabled
2025-01-14T07:59:47.743432+00:00 virtual3 kernel: [    1.774851] pnp: PnP ACPI init
2025-01-14T07:59:47.743433+00:00 virtual3 kernel: [    1.775188] system 00:00: [io  0x1000-0x103f] has been reserved
2025-01-14T07:59:47.743434+00:00 virtual3 kernel: [    1.775193] system 00:00: [io  0x1040-0x104f] has been reserved
2025-01-14T07:59:47.743435+00:00 virtual3 kernel: [    1.775197] system 00:00: [io  0x0cf0-0x0cf1] has been reserved
2025-01-14T07:59:47.743436+00:00 virtual3 kernel: [    1.775879] system 00:04: [mem 0xfed00000-0xfed003ff] has been reserved
2025-01-14T07:59:47.743455+00:00 virtual3 kernel: [    1.777249] system 00:05: [io  0xfce0-0xfcff] has been reserved
2025-01-14T07:59:47.743459+00:00 virtual3 kernel: [    1.777253] system 00:05: [mem 0xf0000000-0xf7ffffff] has been reserved
2025-01-14T07:59:47.743460+00:00 virtual3 kernel: [    1.777266] system 00:05: [mem 0xfe800000-0xfe9fffff] has been reserved
2025-01-14T07:59:47.743461+00:00 virtual3 kernel: [    1.788805] pnp: PnP ACPI: found 6 devices
2025-01-14T07:59:47.743462+00:00 virtual3 kernel: [    1.799521] clocksource: acpi_pm: mask: 0xffffff max_cycles: 0xffffff, max_idle_ns: 2085701024 ns
2025-01-14T07:59:47.743463+00:00 virtual3 kernel: [    1.800291] NET: Registered PF_INET protocol family
2025-01-14T07:59:47.743482+00:00 virtual3 kernel: [    1.806088] IP idents hash table entries: 65536 (order: 7, 524288 bytes, linear)
2025-01-14T07:59:47.743486+00:00 virtual3 kernel: [    1.826964] tcp_listen_portaddr_hash hash table entries: 2048 (order: 3, 32768 bytes, linear)
2025-01-14T07:59:47.743487+00:00 virtual3 kernel: [    1.828113] Table-perturb hash table entries: 65536 (order: 6, 262144 bytes, linear)
2025-01-14T07:59:47.743487+00:00 virtual3 kernel: [    1.829850] TCP established hash table entries: 32768 (order: 6, 262144 bytes, linear)
2025-01-14T07:59:47.743488+00:00 virtual3 kernel: [    1.836903] TCP bind hash table entries: 32768 (order: 8, 1048576 bytes, linear)
2025-01-14T07:59:47.743489+00:00 virtual3 kernel: [    1.837109] TCP: Hash tables configured (established 32768 bind 32768)
2025-01-14T07:59:47.743509+00:00 virtual3 kernel: [    1.841293] MPTCP token hash table entries: 4096 (order: 4, 98304 bytes, linear)
2025-01-14T07:59:47.743513+00:00 virtual3 kernel: [    1.841772] UDP hash table entries: 2048 (order: 4, 65536 bytes, linear)
2025-01-14T07:59:47.743514+00:00 virtual3 kernel: [    1.842397] UDP-Lite hash table entries: 2048 (order: 4, 65536 bytes, linear)
2025-01-14T07:59:47.743514+00:00 virtual3 kernel: [    1.843626] NET: Registered PF_UNIX/PF_LOCAL protocol family
2025-01-14T07:59:47.743515+00:00 virtual3 kernel: [    1.843635] NET: Registered PF_XDP protocol family
2025-01-14T07:59:47.743516+00:00 virtual3 kernel: [    1.843649] pci 0000:00:15.3: bridge window [io  0x1000-0x0fff] to [bus 06] add_size 1000
2025-01-14T07:59:47.743517+00:00 virtual3 kernel: [    1.843652] pci 0000:00:15.4: bridge window [io  0x1000-0x0fff] to [bus 07] add_size 1000
2025-01-14T07:59:47.743536+00:00 virtual3 kernel: [    1.843653] pci 0000:00:15.5: bridge window [io  0x1000-0x0fff] to [bus 08] add_size 1000
2025-01-14T07:59:47.743540+00:00 virtual3 kernel: [    1.843654] pci 0000:00:15.6: bridge window [io  0x1000-0x0fff] to [bus 09] add_size 1000
2025-01-14T07:59:47.743541+00:00 virtual3 kernel: [    1.843655] pci 0000:00:15.7: bridge window [io  0x1000-0x0fff] to [bus 0a] add_size 1000
2025-01-14T07:59:47.743542+00:00 virtual3 kernel: [    1.843656] pci 0000:00:16.3: bridge window [io  0x1000-0x0fff] to [bus 0e] add_size 1000
