2025-01-12T23:54:45.407849+00:00 virtual3 systemd[1]: Listening on syslog.socket - Syslog Socket.
2025-01-12T23:54:45.412112+00:00 virtual3 systemd[1]: Starting rsyslog.service - System Logging Service...
2025-01-12T23:54:45.408387+00:00 virtual3 systemd[1]: Started rsyslog.service - System Logging Service.
2025-01-12T23:54:45.411411+00:00 virtual3 rsyslogd: imuxsock: Acquired UNIX socket '/run/systemd/journal/syslog' (fd 3) from systemd.  [v8.2302.0]
2025-01-12T23:54:45.413758+00:00 virtual3 kernel: [    0.000000] Linux version 6.1.0-26-amd64 (debian-kernel@lists.debian.org) (gcc-12 (Debian 12.2.0-14) 12.2.0, GNU ld (GNU Binutils for Debian) 2.40) #1 SMP PREEMPT_DYNAMIC Debian 6.1.112-1 (2024-09-30)
2025-01-12T23:54:45.413772+00:00 virtual3 kernel: [    0.000000] Command line: BOOT_IMAGE=/boot/vmlinuz-6.1.0-26-amd64 root=UUID=4826af56-a920-4c87-b564-09cd7bb1bc85 ro quiet
2025-01-12T23:54:45.413775+00:00 virtual3 kernel: [    0.000000] BIOS-provided physical RAM map:
2025-01-12T23:54:45.413776+00:00 virtual3 kernel: [    0.000000] BIOS-e820: [mem 0x0000000000000000-0x000000000009e7ff] usable
2025-01-12T23:54:45.413777+00:00 virtual3 kernel: [    0.000000] BIOS-e820: [mem 0x000000000009e800-0x000000000009ffff] reserved
2025-01-12T23:54:45.413777+00:00 virtual3 kernel: [    0.000000] BIOS-e820: [mem 0x00000000000dc000-0x00000000000fffff] reserved
2025-01-12T23:54:45.413778+00:00 virtual3 kernel: [    0.000000] BIOS-e820: [mem 0x0000000000100000-0x000000007fedffff] usable
2025-01-12T23:54:45.413787+00:00 virtual3 kernel: [    0.000000] BIOS-e820: [mem 0x000000007fee0000-0x000000007fefefff] ACPI data
2025-01-12T23:54:45.413790+00:00 virtual3 kernel: [    0.000000] BIOS-e820: [mem 0x000000007feff000-0x000000007fefffff] ACPI NVS
2025-01-12T23:54:45.413790+00:00 virtual3 kernel: [    0.000000] BIOS-e820: [mem 0x000000007ff00000-0x000000007fffffff] usable
2025-01-12T23:54:45.413791+00:00 virtual3 kernel: [    0.000000] BIOS-e820: [mem 0x00000000f0000000-0x00000000f7ffffff] reserved
2025-01-12T23:54:45.413791+00:00 virtual3 kernel: [    0.000000] BIOS-e820: [mem 0x00000000fec00000-0x00000000fec0ffff] reserved
2025-01-12T23:54:45.413792+00:00 virtual3 kernel: [    0.000000] BIOS-e820: [mem 0x00000000fee00000-0x00000000fee00fff] reserved
2025-01-12T23:54:45.413793+00:00 virtual3 kernel: [    0.000000] BIOS-e820: [mem 0x00000000fffe0000-0x00000000ffffffff] reserved
2025-01-12T23:54:45.413798+00:00 virtual3 kernel: [    0.000000] NX (Execute Disable) protection: active
2025-01-12T23:54:45.413801+00:00 virtual3 kernel: [    0.000000] SMBIOS 2.7 present.
2025-01-12T23:54:45.413801+00:00 virtual3 kernel: [    0.000000] DMI: VMware, Inc. VMware Virtual Platform/440BX Desktop Reference Platform, BIOS 6.00 11/12/2020
2025-01-12T23:54:45.413802+00:00 virtual3 kernel: [    0.000000] vmware: hypercall mode: 0x02
2025-01-12T23:54:45.413803+00:00 virtual3 kernel: [    0.000000] Hypervisor detected: VMware
2025-01-12T23:54:45.413803+00:00 virtual3 kernel: [    0.000000] vmware: TSC freq read from hypervisor : 2688.011 MHz
2025-01-12T23:54:45.413808+00:00 virtual3 kernel: [    0.000000] vmware: Host bus clock speed read from hypervisor : 66000000 Hz
2025-01-12T23:54:45.413811+00:00 virtual3 kernel: [    0.000000] vmware: using clock offset of 69244059846 ns
2025-01-12T23:54:45.413812+00:00 virtual3 kernel: [    0.000041] tsc: Detected 2688.011 MHz processor
2025-01-12T23:54:45.413812+00:00 virtual3 kernel: [    0.003881] e820: update [mem 0x00000000-0x00000fff] usable ==> reserved
2025-01-12T23:54:45.413813+00:00 virtual3 kernel: [    0.003891] e820: remove [mem 0x000a0000-0x000fffff] usable
2025-01-12T23:54:45.413814+00:00 virtual3 kernel: [    0.003904] last_pfn = 0x80000 max_arch_pfn = 0x400000000
2025-01-12T23:54:45.413819+00:00 virtual3 kernel: [    0.004006] x86/PAT: Configuration [0-7]: WB  WC  UC- UC  WB  WP  UC- WT  
2025-01-12T23:54:45.413821+00:00 virtual3 kernel: [    0.023376] found SMP MP-table at [mem 0x000f6a70-0x000f6a7f]
2025-01-12T23:54:45.413822+00:00 virtual3 kernel: [    0.023424] Using GB pages for direct mapping
2025-01-12T23:54:45.413822+00:00 virtual3 kernel: [    0.023426] Incomplete global flushes, disabling PCID
2025-01-12T23:54:45.413823+00:00 virtual3 kernel: [    0.023872] RAMDISK: [mem 0x3118d000-0x348bdfff]
2025-01-12T23:54:45.413823+00:00 virtual3 kernel: [    0.023886] ACPI: Early table checksum verification disabled
2025-01-12T23:54:45.413824+00:00 virtual3 kernel: [    0.023892] ACPI: RSDP 0x00000000000F6A00 000024 (v02 PTLTD )
2025-01-12T23:54:45.413829+00:00 virtual3 kernel: [    0.023904] ACPI: XSDT 0x000000007FEEA683 00005C (v01 INTEL  440BX    06040000 VMW  01324272)
2025-01-12T23:54:45.413831+00:00 virtual3 kernel: [    0.023913] ACPI: FACP 0x000000007FEFEE73 0000F4 (v04 INTEL  440BX    06040000 PTL  000F4240)
2025-01-12T23:54:45.413832+00:00 virtual3 kernel: [    0.023926] ACPI: DSDT 0x000000007FEEB7E9 01368A (v01 PTLTD  Custom   06040000 MSFT 03000001)
2025-01-12T23:54:45.413833+00:00 virtual3 kernel: [    0.024034] ACPI: FACS 0x000000007FEFFFC0 000040
2025-01-12T23:54:45.413833+00:00 virtual3 kernel: [    0.024044] ACPI: FACS 0x000000007FEFFFC0 000040
2025-01-12T23:54:45.413834+00:00 virtual3 kernel: [    0.024049] ACPI: BOOT 0x000000007FEEB7C1 000028 (v01 PTLTD  $SBFTBL$ 06040000  LTP 00000001)
2025-01-12T23:54:45.413839+00:00 virtual3 kernel: [    0.024055] ACPI: APIC 0x000000007FEEB07F 000742 (v01 PTLTD  ? APIC   06040000  LTP 00000000)
2025-01-12T23:54:45.413842+00:00 virtual3 kernel: [    0.024061] ACPI: MCFG 0x000000007FEEB043 00003C (v01 PTLTD  $PCITBL$ 06040000  LTP 00000001)
2025-01-12T23:54:45.413842+00:00 virtual3 kernel: [    0.024066] ACPI: SRAT 0x000000007FEEA77F 000880 (v02 VMWARE MEMPLUG  06040000 VMW  00000001)
2025-01-12T23:54:45.413843+00:00 virtual3 kernel: [    0.024072] ACPI: HPET 0x000000007FEEA747 000038 (v01 VMWARE VMW HPET 06040000 VMW  00000001)
2025-01-12T23:54:45.413843+00:00 virtual3 kernel: [    0.024077] ACPI: WAET 0x000000007FEEA71F 000028 (v01 VMWARE VMW WAET 06040000 VMW  00000001)
2025-01-12T23:54:45.413844+00:00 virtual3 kernel: [    0.024082] ACPI: Reserving FACP table memory at [mem 0x7fefee73-0x7fefef66]
2025-01-12T23:54:45.413849+00:00 virtual3 kernel: [    0.024085] ACPI: Reserving DSDT table memory at [mem 0x7feeb7e9-0x7fefee72]
2025-01-12T23:54:45.413851+00:00 virtual3 kernel: [    0.024087] ACPI: Reserving FACS table memory at [mem 0x7fefffc0-0x7fefffff]
2025-01-12T23:54:45.413852+00:00 virtual3 kernel: [    0.024088] ACPI: Reserving FACS table memory at [mem 0x7fefffc0-0x7fefffff]
2025-01-12T23:54:45.413853+00:00 virtual3 kernel: [    0.024090] ACPI: Reserving BOOT table memory at [mem 0x7feeb7c1-0x7feeb7e8]
2025-01-12T23:54:45.413853+00:00 virtual3 kernel: [    0.024091] ACPI: Reserving APIC table memory at [mem 0x7feeb07f-0x7feeb7c0]
2025-01-12T23:54:45.413854+00:00 virtual3 kernel: [    0.024093] ACPI: Reserving MCFG table memory at [mem 0x7feeb043-0x7feeb07e]
2025-01-12T23:54:45.413854+00:00 virtual3 kernel: [    0.024094] ACPI: Reserving SRAT table memory at [mem 0x7feea77f-0x7feeaffe]
2025-01-12T23:54:45.413859+00:00 virtual3 kernel: [    0.024095] ACPI: Reserving HPET table memory at [mem 0x7feea747-0x7feea77e]
2025-01-12T23:54:45.413862+00:00 virtual3 kernel: [    0.024097] ACPI: Reserving WAET table memory at [mem 0x7feea71f-0x7feea746]
2025-01-12T23:54:45.413862+00:00 virtual3 kernel: [    0.024232] system APIC only can use physical flat
2025-01-12T23:54:45.413863+00:00 virtual3 kernel: [    0.024235] Setting APIC routing to physical flat.
2025-01-12T23:54:45.413863+00:00 virtual3 kernel: [    0.024264] SRAT: PXM 0 -> APIC 0x00 -> Node 0
2025-01-12T23:54:45.413864+00:00 virtual3 kernel: [    0.024268] SRAT: PXM 0 -> APIC 0x02 -> Node 0
2025-01-12T23:54:45.413869+00:00 virtual3 kernel: [    0.024269] SRAT: PXM 0 -> APIC 0x04 -> Node 0
2025-01-12T23:54:45.413871+00:00 virtual3 kernel: [    0.024271] SRAT: PXM 0 -> APIC 0x06 -> Node 0
2025-01-12T23:54:45.413872+00:00 virtual3 kernel: [    0.024272] SRAT: PXM 0 -> APIC 0x08 -> Node 0
2025-01-12T23:54:45.413873+00:00 virtual3 kernel: [    0.024273] SRAT: PXM 0 -> APIC 0x0a -> Node 0
2025-01-12T23:54:45.413873+00:00 virtual3 kernel: [    0.024274] SRAT: PXM 0 -> APIC 0x0c -> Node 0
2025-01-12T23:54:45.413874+00:00 virtual3 kernel: [    0.024276] SRAT: PXM 0 -> APIC 0x0e -> Node 0
2025-01-12T23:54:45.413874+00:00 virtual3 kernel: [    0.024277] SRAT: PXM 0 -> APIC 0x10 -> Node 0
2025-01-12T23:54:45.413879+00:00 virtual3 kernel: [    0.024278] SRAT: PXM 0 -> APIC 0x12 -> Node 0
2025-01-12T23:54:45.413977+00:00 virtual3 kernel: [    0.024280] SRAT: PXM 0 -> APIC 0x14 -> Node 0
2025-01-12T23:54:45.413980+00:00 virtual3 kernel: [    0.024281] SRAT: PXM 0 -> APIC 0x16 -> Node 0
2025-01-12T23:54:45.413981+00:00 virtual3 kernel: [    0.024282] SRAT: PXM 0 -> APIC 0x18 -> Node 0
2025-01-12T23:54:45.413982+00:00 virtual3 kernel: [    0.024283] SRAT: PXM 0 -> APIC 0x1a -> Node 0
2025-01-12T23:54:45.413983+00:00 virtual3 kernel: [    0.024285] SRAT: PXM 0 -> APIC 0x1c -> Node 0
2025-01-12T23:54:45.413989+00:00 virtual3 kernel: [    0.024286] SRAT: PXM 0 -> APIC 0x1e -> Node 0
2025-01-12T23:54:45.413992+00:00 virtual3 kernel: [    0.024287] SRAT: PXM 0 -> APIC 0x20 -> Node 0
2025-01-12T23:54:45.413992+00:00 virtual3 kernel: [    0.024288] SRAT: PXM 0 -> APIC 0x22 -> Node 0
2025-01-12T23:54:45.413993+00:00 virtual3 kernel: [    0.024290] SRAT: PXM 0 -> APIC 0x24 -> Node 0
2025-01-12T23:54:45.413994+00:00 virtual3 kernel: [    0.024291] SRAT: PXM 0 -> APIC 0x26 -> Node 0
2025-01-12T23:54:45.413994+00:00 virtual3 kernel: [    0.024292] SRAT: PXM 0 -> APIC 0x28 -> Node 0
2025-01-12T23:54:45.414000+00:00 virtual3 kernel: [    0.024293] SRAT: PXM 0 -> APIC 0x2a -> Node 0
2025-01-12T23:54:45.414002+00:00 virtual3 kernel: [    0.024295] SRAT: PXM 0 -> APIC 0x2c -> Node 0
2025-01-12T23:54:45.414003+00:00 virtual3 kernel: [    0.024296] SRAT: PXM 0 -> APIC 0x2e -> Node 0
2025-01-12T23:54:45.414004+00:00 virtual3 kernel: [    0.024297] SRAT: PXM 0 -> APIC 0x30 -> Node 0
2025-01-12T23:54:45.414004+00:00 virtual3 kernel: [    0.024298] SRAT: PXM 0 -> APIC 0x32 -> Node 0
2025-01-12T23:54:45.414005+00:00 virtual3 kernel: [    0.024300] SRAT: PXM 0 -> APIC 0x34 -> Node 0
2025-01-12T23:54:45.414005+00:00 virtual3 kernel: [    0.024301] SRAT: PXM 0 -> APIC 0x36 -> Node 0
2025-01-12T23:54:45.414010+00:00 virtual3 kernel: [    0.024302] SRAT: PXM 0 -> APIC 0x38 -> Node 0
2025-01-12T23:54:45.414013+00:00 virtual3 kernel: [    0.024303] SRAT: PXM 0 -> APIC 0x3a -> Node 0
2025-01-12T23:54:45.414014+00:00 virtual3 kernel: [    0.024305] SRAT: PXM 0 -> APIC 0x3c -> Node 0
2025-01-12T23:54:45.414014+00:00 virtual3 kernel: [    0.024306] SRAT: PXM 0 -> APIC 0x3e -> Node 0
2025-01-12T23:54:45.414015+00:00 virtual3 kernel: [    0.024307] SRAT: PXM 0 -> APIC 0x40 -> Node 0
2025-01-12T23:54:45.414015+00:00 virtual3 kernel: [    0.024308] SRAT: PXM 0 -> APIC 0x42 -> Node 0
2025-01-12T23:54:45.414020+00:00 virtual3 kernel: [    0.024309] SRAT: PXM 0 -> APIC 0x44 -> Node 0
2025-01-12T23:54:45.414350+00:00 virtual3 kernel: [    0.024311] SRAT: PXM 0 -> APIC 0x46 -> Node 0
2025-01-12T23:54:45.414354+00:00 virtual3 kernel: [    0.024312] SRAT: PXM 0 -> APIC 0x48 -> Node 0
2025-01-12T23:54:45.414355+00:00 virtual3 kernel: [    0.024313] SRAT: PXM 0 -> APIC 0x4a -> Node 0
2025-01-12T23:54:45.414356+00:00 virtual3 kernel: [    0.024314] SRAT: PXM 0 -> APIC 0x4c -> Node 0
2025-01-12T23:54:45.414358+00:00 virtual3 kernel: [    0.024316] SRAT: PXM 0 -> APIC 0x4e -> Node 0
2025-01-12T23:54:45.414359+00:00 virtual3 kernel: [    0.024317] SRAT: PXM 0 -> APIC 0x50 -> Node 0
2025-01-12T23:54:45.414366+00:00 virtual3 kernel: [    0.024318] SRAT: PXM 0 -> APIC 0x52 -> Node 0
2025-01-12T23:54:45.414369+00:00 virtual3 kernel: [    0.024319] SRAT: PXM 0 -> APIC 0x54 -> Node 0
2025-01-12T23:54:45.414370+00:00 virtual3 kernel: [    0.024321] SRAT: PXM 0 -> APIC 0x56 -> Node 0
2025-01-12T23:54:45.414371+00:00 virtual3 kernel: [    0.024322] SRAT: PXM 0 -> APIC 0x58 -> Node 0
2025-01-12T23:54:45.414372+00:00 virtual3 kernel: [    0.024323] SRAT: PXM 0 -> APIC 0x5a -> Node 0
2025-01-12T23:54:45.414372+00:00 virtual3 kernel: [    0.024324] SRAT: PXM 0 -> APIC 0x5c -> Node 0
2025-01-12T23:54:45.414380+00:00 virtual3 kernel: [    0.024325] SRAT: PXM 0 -> APIC 0x5e -> Node 0
2025-01-12T23:54:45.414383+00:00 virtual3 kernel: [    0.024327] SRAT: PXM 0 -> APIC 0x60 -> Node 0
2025-01-12T23:54:45.414384+00:00 virtual3 kernel: [    0.024328] SRAT: PXM 0 -> APIC 0x62 -> Node 0
2025-01-12T23:54:45.414385+00:00 virtual3 kernel: [    0.024329] SRAT: PXM 0 -> APIC 0x64 -> Node 0
2025-01-12T23:54:45.414385+00:00 virtual3 kernel: [    0.024330] SRAT: PXM 0 -> APIC 0x66 -> Node 0
2025-01-12T23:54:45.414386+00:00 virtual3 kernel: [    0.024332] SRAT: PXM 0 -> APIC 0x68 -> Node 0
2025-01-12T23:54:45.414391+00:00 virtual3 kernel: [    0.024333] SRAT: PXM 0 -> APIC 0x6a -> Node 0
2025-01-12T23:54:45.414393+00:00 virtual3 kernel: [    0.024334] SRAT: PXM 0 -> APIC 0x6c -> Node 0
2025-01-12T23:54:45.414394+00:00 virtual3 kernel: [    0.024335] SRAT: PXM 0 -> APIC 0x6e -> Node 0
2025-01-12T23:54:45.414395+00:00 virtual3 kernel: [    0.024337] SRAT: PXM 0 -> APIC 0x70 -> Node 0
2025-01-12T23:54:45.414395+00:00 virtual3 kernel: [    0.024338] SRAT: PXM 0 -> APIC 0x72 -> Node 0
2025-01-12T23:54:45.414396+00:00 virtual3 kernel: [    0.024339] SRAT: PXM 0 -> APIC 0x74 -> Node 0
2025-01-12T23:54:45.414396+00:00 virtual3 kernel: [    0.024340] SRAT: PXM 0 -> APIC 0x76 -> Node 0
2025-01-12T23:54:45.414401+00:00 virtual3 kernel: [    0.024342] SRAT: PXM 0 -> APIC 0x78 -> Node 0
2025-01-12T23:54:45.414404+00:00 virtual3 kernel: [    0.024343] SRAT: PXM 0 -> APIC 0x7a -> Node 0
2025-01-12T23:54:45.414405+00:00 virtual3 kernel: [    0.024344] SRAT: PXM 0 -> APIC 0x7c -> Node 0
2025-01-12T23:54:45.414405+00:00 virtual3 kernel: [    0.024345] SRAT: PXM 0 -> APIC 0x7e -> Node 0
2025-01-12T23:54:45.414406+00:00 virtual3 kernel: [    0.024346] SRAT: PXM 0 -> APIC 0x80 -> Node 0
2025-01-12T23:54:45.414406+00:00 virtual3 kernel: [    0.024348] SRAT: PXM 0 -> APIC 0x82 -> Node 0
2025-01-12T23:54:45.414411+00:00 virtual3 kernel: [    0.024349] SRAT: PXM 0 -> APIC 0x84 -> Node 0
2025-01-12T23:54:45.414414+00:00 virtual3 kernel: [    0.024350] SRAT: PXM 0 -> APIC 0x86 -> Node 0
2025-01-12T23:54:45.414485+00:00 virtual3 kernel: [    0.024351] SRAT: PXM 0 -> APIC 0x88 -> Node 0
2025-01-12T23:54:45.414488+00:00 virtual3 kernel: [    0.024353] SRAT: PXM 0 -> APIC 0x8a -> Node 0
2025-01-12T23:54:45.414488+00:00 virtual3 kernel: [    0.024354] SRAT: PXM 0 -> APIC 0x8c -> Node 0
2025-01-12T23:54:45.414489+00:00 virtual3 kernel: [    0.024355] SRAT: PXM 0 -> APIC 0x8e -> Node 0
2025-01-12T23:54:45.414489+00:00 virtual3 kernel: [    0.024356] SRAT: PXM 0 -> APIC 0x90 -> Node 0
2025-01-12T23:54:45.414495+00:00 virtual3 kernel: [    0.024358] SRAT: PXM 0 -> APIC 0x92 -> Node 0
2025-01-12T23:54:45.414497+00:00 virtual3 kernel: [    0.024359] SRAT: PXM 0 -> APIC 0x94 -> Node 0
2025-01-12T23:54:45.414498+00:00 virtual3 kernel: [    0.024360] SRAT: PXM 0 -> APIC 0x96 -> Node 0
2025-01-12T23:54:45.414498+00:00 virtual3 kernel: [    0.024361] SRAT: PXM 0 -> APIC 0x98 -> Node 0
2025-01-12T23:54:45.414499+00:00 virtual3 kernel: [    0.024363] SRAT: PXM 0 -> APIC 0x9a -> Node 0
2025-01-12T23:54:45.414500+00:00 virtual3 kernel: [    0.024364] SRAT: PXM 0 -> APIC 0x9c -> Node 0
2025-01-12T23:54:45.414504+00:00 virtual3 kernel: [    0.024365] SRAT: PXM 0 -> APIC 0x9e -> Node 0
2025-01-12T23:54:45.414507+00:00 virtual3 kernel: [    0.024366] SRAT: PXM 0 -> APIC 0xa0 -> Node 0
2025-01-12T23:54:45.414508+00:00 virtual3 kernel: [    0.024368] SRAT: PXM 0 -> APIC 0xa2 -> Node 0
2025-01-12T23:54:45.414508+00:00 virtual3 kernel: [    0.024369] SRAT: PXM 0 -> APIC 0xa4 -> Node 0
2025-01-12T23:54:45.414509+00:00 virtual3 kernel: [    0.024370] SRAT: PXM 0 -> APIC 0xa6 -> Node 0
2025-01-12T23:54:45.414509+00:00 virtual3 kernel: [    0.024371] SRAT: PXM 0 -> APIC 0xa8 -> Node 0
2025-01-12T23:54:45.414515+00:00 virtual3 kernel: [    0.024372] SRAT: PXM 0 -> APIC 0xaa -> Node 0
2025-01-12T23:54:45.414517+00:00 virtual3 kernel: [    0.024374] SRAT: PXM 0 -> APIC 0xac -> Node 0
2025-01-12T23:54:45.414518+00:00 virtual3 kernel: [    0.024375] SRAT: PXM 0 -> APIC 0xae -> Node 0
2025-01-12T23:54:45.414518+00:00 virtual3 kernel: [    0.024376] SRAT: PXM 0 -> APIC 0xb0 -> Node 0
2025-01-12T23:54:45.414519+00:00 virtual3 kernel: [    0.024377] SRAT: PXM 0 -> APIC 0xb2 -> Node 0
2025-01-12T23:54:45.414520+00:00 virtual3 kernel: [    0.024379] SRAT: PXM 0 -> APIC 0xb4 -> Node 0
2025-01-12T23:54:45.414520+00:00 virtual3 kernel: [    0.024380] SRAT: PXM 0 -> APIC 0xb6 -> Node 0
2025-01-12T23:54:45.414525+00:00 virtual3 kernel: [    0.024381] SRAT: PXM 0 -> APIC 0xb8 -> Node 0
2025-01-12T23:54:45.414528+00:00 virtual3 kernel: [    0.024382] SRAT: PXM 0 -> APIC 0xba -> Node 0
2025-01-12T23:54:45.414528+00:00 virtual3 kernel: [    0.024384] SRAT: PXM 0 -> APIC 0xbc -> Node 0
2025-01-12T23:54:45.414529+00:00 virtual3 kernel: [    0.024385] SRAT: PXM 0 -> APIC 0xbe -> Node 0
2025-01-12T23:54:45.414529+00:00 virtual3 kernel: [    0.024386] SRAT: PXM 0 -> APIC 0xc0 -> Node 0
2025-01-12T23:54:45.414530+00:00 virtual3 kernel: [    0.024387] SRAT: PXM 0 -> APIC 0xc2 -> Node 0
2025-01-12T23:54:45.414535+00:00 virtual3 kernel: [    0.024389] SRAT: PXM 0 -> APIC 0xc4 -> Node 0
2025-01-12T23:54:45.414537+00:00 virtual3 kernel: [    0.024390] SRAT: PXM 0 -> APIC 0xc6 -> Node 0
2025-01-12T23:54:45.414538+00:00 virtual3 kernel: [    0.024391] SRAT: PXM 0 -> APIC 0xc8 -> Node 0
2025-01-12T23:54:45.414538+00:00 virtual3 kernel: [    0.024392] SRAT: PXM 0 -> APIC 0xca -> Node 0
2025-01-12T23:54:45.414539+00:00 virtual3 kernel: [    0.024393] SRAT: PXM 0 -> APIC 0xcc -> Node 0
2025-01-12T23:54:45.414539+00:00 virtual3 kernel: [    0.024395] SRAT: PXM 0 -> APIC 0xce -> Node 0
2025-01-12T23:54:45.414540+00:00 virtual3 kernel: [    0.024396] SRAT: PXM 0 -> APIC 0xd0 -> Node 0
2025-01-12T23:54:45.414545+00:00 virtual3 kernel: [    0.024397] SRAT: PXM 0 -> APIC 0xd2 -> Node 0
2025-01-12T23:54:45.414548+00:00 virtual3 kernel: [    0.024398] SRAT: PXM 0 -> APIC 0xd4 -> Node 0
2025-01-12T23:54:45.414548+00:00 virtual3 kernel: [    0.024400] SRAT: PXM 0 -> APIC 0xd6 -> Node 0
2025-01-12T23:54:45.414549+00:00 virtual3 kernel: [    0.024401] SRAT: PXM 0 -> APIC 0xd8 -> Node 0
2025-01-12T23:54:45.414549+00:00 virtual3 kernel: [    0.024402] SRAT: PXM 0 -> APIC 0xda -> Node 0
2025-01-12T23:54:45.414550+00:00 virtual3 kernel: [    0.024403] SRAT: PXM 0 -> APIC 0xdc -> Node 0
2025-01-12T23:54:45.414555+00:00 virtual3 kernel: [    0.024405] SRAT: PXM 0 -> APIC 0xde -> Node 0
2025-01-12T23:54:45.414557+00:00 virtual3 kernel: [    0.024406] SRAT: PXM 0 -> APIC 0xe0 -> Node 0
2025-01-12T23:54:45.414558+00:00 virtual3 kernel: [    0.024407] SRAT: PXM 0 -> APIC 0xe2 -> Node 0
2025-01-12T23:54:45.414559+00:00 virtual3 kernel: [    0.024408] SRAT: PXM 0 -> APIC 0xe4 -> Node 0
2025-01-12T23:54:45.414559+00:00 virtual3 kernel: [    0.024410] SRAT: PXM 0 -> APIC 0xe6 -> Node 0
2025-01-12T23:54:45.414560+00:00 virtual3 kernel: [    0.024411] SRAT: PXM 0 -> APIC 0xe8 -> Node 0
2025-01-12T23:54:45.414565+00:00 virtual3 kernel: [    0.024412] SRAT: PXM 0 -> APIC 0xea -> Node 0
2025-01-12T23:54:45.414567+00:00 virtual3 kernel: [    0.024413] SRAT: PXM 0 -> APIC 0xec -> Node 0
2025-01-12T23:54:45.414568+00:00 virtual3 kernel: [    0.024414] SRAT: PXM 0 -> APIC 0xee -> Node 0
2025-01-12T23:54:45.414568+00:00 virtual3 kernel: [    0.024416] SRAT: PXM 0 -> APIC 0xf0 -> Node 0
2025-01-12T23:54:45.414569+00:00 virtual3 kernel: [    0.024417] SRAT: PXM 0 -> APIC 0xf2 -> Node 0
2025-01-12T23:54:45.414569+00:00 virtual3 kernel: [    0.024418] SRAT: PXM 0 -> APIC 0xf4 -> Node 0
2025-01-12T23:54:45.414570+00:00 virtual3 kernel: [    0.024419] SRAT: PXM 0 -> APIC 0xf6 -> Node 0
2025-01-12T23:54:45.414575+00:00 virtual3 kernel: [    0.024421] SRAT: PXM 0 -> APIC 0xf8 -> Node 0
2025-01-12T23:54:45.414578+00:00 virtual3 kernel: [    0.024422] SRAT: PXM 0 -> APIC 0xfa -> Node 0
2025-01-12T23:54:45.414578+00:00 virtual3 kernel: [    0.024423] SRAT: PXM 0 -> APIC 0xfc -> Node 0
2025-01-12T23:54:45.414579+00:00 virtual3 kernel: [    0.024424] SRAT: PXM 0 -> APIC 0xfe -> Node 0
2025-01-12T23:54:45.414579+00:00 virtual3 kernel: [    0.024429] ACPI: SRAT: Node 0 PXM 0 [mem 0x00000000-0x0009ffff]
2025-01-12T23:54:45.414580+00:00 virtual3 kernel: [    0.024433] ACPI: SRAT: Node 0 PXM 0 [mem 0x00100000-0x7fffffff]
2025-01-12T23:54:45.414586+00:00 virtual3 kernel: [    0.024439] NUMA: Node 0 [mem 0x00000000-0x0009ffff] + [mem 0x00100000-0x7fffffff] -> [mem 0x00000000-0x7fffffff]
2025-01-12T23:54:45.414673+00:00 virtual3 kernel: [    0.024456] NODE_DATA(0) allocated [mem 0x7ffd5000-0x7fffffff]
2025-01-12T23:54:45.414676+00:00 virtual3 kernel: [    0.024877] Zone ranges:
2025-01-12T23:54:45.414677+00:00 virtual3 kernel: [    0.024879]   DMA      [mem 0x0000000000001000-0x0000000000ffffff]
2025-01-12T23:54:45.414679+00:00 virtual3 kernel: [    0.024883]   DMA32    [mem 0x0000000001000000-0x000000007fffffff]
2025-01-12T23:54:45.414679+00:00 virtual3 kernel: [    0.024886]   Normal   empty
2025-01-12T23:54:45.414686+00:00 virtual3 kernel: [    0.024889]   Device   empty
2025-01-12T23:54:45.414689+00:00 virtual3 kernel: [    0.024890] Movable zone start for each node
2025-01-12T23:54:45.414690+00:00 virtual3 kernel: [    0.024895] Early memory node ranges
2025-01-12T23:54:45.414691+00:00 virtual3 kernel: [    0.024895]   node   0: [mem 0x0000000000001000-0x000000000009dfff]
2025-01-12T23:54:45.414692+00:00 virtual3 kernel: [    0.024898]   node   0: [mem 0x0000000000100000-0x000000007fedffff]
2025-01-12T23:54:45.414693+00:00 virtual3 kernel: [    0.024900]   node   0: [mem 0x000000007ff00000-0x000000007fffffff]
2025-01-12T23:54:45.414694+00:00 virtual3 kernel: [    0.024903] Initmem setup node 0 [mem 0x0000000000001000-0x000000007fffffff]
2025-01-12T23:54:45.414700+00:00 virtual3 kernel: [    0.024913] On node 0, zone DMA: 1 pages in unavailable ranges
2025-01-12T23:54:45.414703+00:00 virtual3 kernel: [    0.024957] On node 0, zone DMA: 98 pages in unavailable ranges
2025-01-12T23:54:45.414704+00:00 virtual3 kernel: [    0.025732] On node 0, zone DMA32: 32 pages in unavailable ranges
2025-01-12T23:54:45.414704+00:00 virtual3 kernel: [    0.049013] ACPI: PM-Timer IO Port: 0x1008
2025-01-12T23:54:45.414706+00:00 virtual3 kernel: [    0.049029] system APIC only can use physical flat
2025-01-12T23:54:45.414707+00:00 virtual3 kernel: [    0.049055] ACPI: LAPIC_NMI (acpi_id[0x00] high edge lint[0x1])
2025-01-12T23:54:45.414796+00:00 virtual3 kernel: [    0.049060] ACPI: LAPIC_NMI (acpi_id[0x01] high edge lint[0x1])
2025-01-12T23:54:45.414798+00:00 virtual3 kernel: [    0.049062] ACPI: LAPIC_NMI (acpi_id[0x02] high edge lint[0x1])
2025-01-12T23:54:45.414799+00:00 virtual3 kernel: [    0.049063] ACPI: LAPIC_NMI (acpi_id[0x03] high edge lint[0x1])
2025-01-12T23:54:45.414799+00:00 virtual3 kernel: [    0.049064] ACPI: LAPIC_NMI (acpi_id[0x04] high edge lint[0x1])
2025-01-12T23:54:45.414800+00:00 virtual3 kernel: [    0.049066] ACPI: LAPIC_NMI (acpi_id[0x05] high edge lint[0x1])
2025-01-12T23:54:45.414800+00:00 virtual3 kernel: [    0.049067] ACPI: LAPIC_NMI (acpi_id[0x06] high edge lint[0x1])
2025-01-12T23:54:45.414806+00:00 virtual3 kernel: [    0.049068] ACPI: LAPIC_NMI (acpi_id[0x07] high edge lint[0x1])
2025-01-12T23:54:45.414809+00:00 virtual3 kernel: [    0.049069] ACPI: LAPIC_NMI (acpi_id[0x08] high edge lint[0x1])
2025-01-12T23:54:45.414811+00:00 virtual3 kernel: [    0.049071] ACPI: LAPIC_NMI (acpi_id[0x09] high edge lint[0x1])
2025-01-12T23:54:45.414811+00:00 virtual3 kernel: [    0.049072] ACPI: LAPIC_NMI (acpi_id[0x0a] high edge lint[0x1])
2025-01-12T23:54:45.414811+00:00 virtual3 kernel: [    0.049073] ACPI: LAPIC_NMI (acpi_id[0x0b] high edge lint[0x1])
2025-01-12T23:54:45.414812+00:00 virtual3 kernel: [    0.049074] ACPI: LAPIC_NMI (acpi_id[0x0c] high edge lint[0x1])
2025-01-12T23:54:45.414812+00:00 virtual3 kernel: [    0.049076] ACPI: LAPIC_NMI (acpi_id[0x0d] high edge lint[0x1])
2025-01-12T23:54:45.414860+00:00 virtual3 kernel: [    0.049077] ACPI: LAPIC_NMI (acpi_id[0x0e] high edge lint[0x1])
2025-01-12T23:54:45.414864+00:00 virtual3 kernel: [    0.049078] ACPI: LAPIC_NMI (acpi_id[0x0f] high edge lint[0x1])
2025-01-12T23:54:45.414866+00:00 virtual3 kernel: [    0.049079] ACPI: LAPIC_NMI (acpi_id[0x10] high edge lint[0x1])
2025-01-12T23:54:45.414867+00:00 virtual3 kernel: [    0.049081] ACPI: LAPIC_NMI (acpi_id[0x11] high edge lint[0x1])
2025-01-12T23:54:45.414868+00:00 virtual3 kernel: [    0.049082] ACPI: LAPIC_NMI (acpi_id[0x12] high edge lint[0x1])
2025-01-12T23:54:45.414869+00:00 virtual3 kernel: [    0.049083] ACPI: LAPIC_NMI (acpi_id[0x13] high edge lint[0x1])
2025-01-12T23:54:45.414876+00:00 virtual3 kernel: [    0.049085] ACPI: LAPIC_NMI (acpi_id[0x14] high edge lint[0x1])
2025-01-12T23:54:45.414878+00:00 virtual3 kernel: [    0.049086] ACPI: LAPIC_NMI (acpi_id[0x15] high edge lint[0x1])
2025-01-12T23:54:45.414878+00:00 virtual3 kernel: [    0.049087] ACPI: LAPIC_NMI (acpi_id[0x16] high edge lint[0x1])
2025-01-12T23:54:45.414879+00:00 virtual3 kernel: [    0.049088] ACPI: LAPIC_NMI (acpi_id[0x17] high edge lint[0x1])
2025-01-12T23:54:45.414879+00:00 virtual3 kernel: [    0.049089] ACPI: LAPIC_NMI (acpi_id[0x18] high edge lint[0x1])
2025-01-12T23:54:45.414879+00:00 virtual3 kernel: [    0.049091] ACPI: LAPIC_NMI (acpi_id[0x19] high edge lint[0x1])
2025-01-12T23:54:45.414879+00:00 virtual3 kernel: [    0.049092] ACPI: LAPIC_NMI (acpi_id[0x1a] high edge lint[0x1])
2025-01-12T23:54:45.414884+00:00 virtual3 kernel: [    0.049093] ACPI: LAPIC_NMI (acpi_id[0x1b] high edge lint[0x1])
2025-01-12T23:54:45.414885+00:00 virtual3 kernel: [    0.049094] ACPI: LAPIC_NMI (acpi_id[0x1c] high edge lint[0x1])
2025-01-12T23:54:45.414886+00:00 virtual3 kernel: [    0.049095] ACPI: LAPIC_NMI (acpi_id[0x1d] high edge lint[0x1])
2025-01-12T23:54:45.414886+00:00 virtual3 kernel: [    0.049097] ACPI: LAPIC_NMI (acpi_id[0x1e] high edge lint[0x1])
2025-01-12T23:54:45.414886+00:00 virtual3 kernel: [    0.049098] ACPI: LAPIC_NMI (acpi_id[0x1f] high edge lint[0x1])
2025-01-12T23:54:45.414886+00:00 virtual3 kernel: [    0.049099] ACPI: LAPIC_NMI (acpi_id[0x20] high edge lint[0x1])
2025-01-12T23:54:45.414891+00:00 virtual3 kernel: [    0.049100] ACPI: LAPIC_NMI (acpi_id[0x21] high edge lint[0x1])
2025-01-12T23:54:45.414892+00:00 virtual3 kernel: [    0.049101] ACPI: LAPIC_NMI (acpi_id[0x22] high edge lint[0x1])
2025-01-12T23:54:45.414893+00:00 virtual3 kernel: [    0.049103] ACPI: LAPIC_NMI (acpi_id[0x23] high edge lint[0x1])
2025-01-12T23:54:45.414893+00:00 virtual3 kernel: [    0.049104] ACPI: LAPIC_NMI (acpi_id[0x24] high edge lint[0x1])
2025-01-12T23:54:45.414893+00:00 virtual3 kernel: [    0.049105] ACPI: LAPIC_NMI (acpi_id[0x25] high edge lint[0x1])
2025-01-12T23:54:45.414893+00:00 virtual3 kernel: [    0.049106] ACPI: LAPIC_NMI (acpi_id[0x26] high edge lint[0x1])
2025-01-12T23:54:45.414896+00:00 virtual3 kernel: [    0.049107] ACPI: LAPIC_NMI (acpi_id[0x27] high edge lint[0x1])
2025-01-12T23:54:45.414899+00:00 virtual3 kernel: [    0.049109] ACPI: LAPIC_NMI (acpi_id[0x28] high edge lint[0x1])
2025-01-12T23:54:45.414901+00:00 virtual3 kernel: [    0.049110] ACPI: LAPIC_NMI (acpi_id[0x29] high edge lint[0x1])
2025-01-12T23:54:45.414901+00:00 virtual3 kernel: [    0.049111] ACPI: LAPIC_NMI (acpi_id[0x2a] high edge lint[0x1])
2025-01-12T23:54:45.414901+00:00 virtual3 kernel: [    0.049112] ACPI: LAPIC_NMI (acpi_id[0x2b] high edge lint[0x1])
2025-01-12T23:54:45.414902+00:00 virtual3 kernel: [    0.049113] ACPI: LAPIC_NMI (acpi_id[0x2c] high edge lint[0x1])
2025-01-12T23:54:45.414902+00:00 virtual3 kernel: [    0.049115] ACPI: LAPIC_NMI (acpi_id[0x2d] high edge lint[0x1])
2025-01-12T23:54:45.414906+00:00 virtual3 kernel: [    0.049116] ACPI: LAPIC_NMI (acpi_id[0x2e] high edge lint[0x1])
2025-01-12T23:54:45.414908+00:00 virtual3 kernel: [    0.049117] ACPI: LAPIC_NMI (acpi_id[0x2f] high edge lint[0x1])
2025-01-12T23:54:45.414908+00:00 virtual3 kernel: [    0.049118] ACPI: LAPIC_NMI (acpi_id[0x30] high edge lint[0x1])
2025-01-12T23:54:45.414908+00:00 virtual3 kernel: [    0.049119] ACPI: LAPIC_NMI (acpi_id[0x31] high edge lint[0x1])
2025-01-12T23:54:45.414908+00:00 virtual3 kernel: [    0.049121] ACPI: LAPIC_NMI (acpi_id[0x32] high edge lint[0x1])
2025-01-12T23:54:45.414936+00:00 virtual3 kernel: [    0.049122] ACPI: LAPIC_NMI (acpi_id[0x33] high edge lint[0x1])
2025-01-12T23:54:45.414942+00:00 virtual3 kernel: [    0.049123] ACPI: LAPIC_NMI (acpi_id[0x34] high edge lint[0x1])
2025-01-12T23:54:45.414944+00:00 virtual3 kernel: [    0.049124] ACPI: LAPIC_NMI (acpi_id[0x35] high edge lint[0x1])
2025-01-12T23:54:45.414944+00:00 virtual3 kernel: [    0.049125] ACPI: LAPIC_NMI (acpi_id[0x36] high edge lint[0x1])
2025-01-12T23:54:45.414944+00:00 virtual3 kernel: [    0.049127] ACPI: LAPIC_NMI (acpi_id[0x37] high edge lint[0x1])
2025-01-12T23:54:45.414944+00:00 virtual3 kernel: [    0.049128] ACPI: LAPIC_NMI (acpi_id[0x38] high edge lint[0x1])
2025-01-12T23:54:45.414945+00:00 virtual3 kernel: [    0.049129] ACPI: LAPIC_NMI (acpi_id[0x39] high edge lint[0x1])
2025-01-12T23:54:45.414945+00:00 virtual3 kernel: [    0.049130] ACPI: LAPIC_NMI (acpi_id[0x3a] high edge lint[0x1])
2025-01-12T23:54:45.414949+00:00 virtual3 kernel: [    0.049131] ACPI: LAPIC_NMI (acpi_id[0x3b] high edge lint[0x1])
2025-01-12T23:54:45.414951+00:00 virtual3 kernel: [    0.049133] ACPI: LAPIC_NMI (acpi_id[0x3c] high edge lint[0x1])
2025-01-12T23:54:45.414951+00:00 virtual3 kernel: [    0.049134] ACPI: LAPIC_NMI (acpi_id[0x3d] high edge lint[0x1])
2025-01-12T23:54:45.414951+00:00 virtual3 kernel: [    0.049135] ACPI: LAPIC_NMI (acpi_id[0x3e] high edge lint[0x1])
2025-01-12T23:54:45.414952+00:00 virtual3 kernel: [    0.049136] ACPI: LAPIC_NMI (acpi_id[0x3f] high edge lint[0x1])
2025-01-12T23:54:45.414952+00:00 virtual3 kernel: [    0.049138] ACPI: LAPIC_NMI (acpi_id[0x40] high edge lint[0x1])
2025-01-12T23:54:45.414956+00:00 virtual3 kernel: [    0.049139] ACPI: LAPIC_NMI (acpi_id[0x41] high edge lint[0x1])
2025-01-12T23:54:45.414958+00:00 virtual3 kernel: [    0.049140] ACPI: LAPIC_NMI (acpi_id[0x42] high edge lint[0x1])
2025-01-12T23:54:45.414958+00:00 virtual3 kernel: [    0.049141] ACPI: LAPIC_NMI (acpi_id[0x43] high edge lint[0x1])
2025-01-12T23:54:45.414958+00:00 virtual3 kernel: [    0.049142] ACPI: LAPIC_NMI (acpi_id[0x44] high edge lint[0x1])
2025-01-12T23:54:45.414959+00:00 virtual3 kernel: [    0.049144] ACPI: LAPIC_NMI (acpi_id[0x45] high edge lint[0x1])
2025-01-12T23:54:45.414959+00:00 virtual3 kernel: [    0.049145] ACPI: LAPIC_NMI (acpi_id[0x46] high edge lint[0x1])
2025-01-12T23:54:45.414961+00:00 virtual3 kernel: [    0.049146] ACPI: LAPIC_NMI (acpi_id[0x47] high edge lint[0x1])
2025-01-12T23:54:45.414965+00:00 virtual3 kernel: [    0.049147] ACPI: LAPIC_NMI (acpi_id[0x48] high edge lint[0x1])
2025-01-12T23:54:45.414966+00:00 virtual3 kernel: [    0.049148] ACPI: LAPIC_NMI (acpi_id[0x49] high edge lint[0x1])
2025-01-12T23:54:45.414966+00:00 virtual3 kernel: [    0.049150] ACPI: LAPIC_NMI (acpi_id[0x4a] high edge lint[0x1])
2025-01-12T23:54:45.414966+00:00 virtual3 kernel: [    0.049151] ACPI: LAPIC_NMI (acpi_id[0x4b] high edge lint[0x1])
2025-01-12T23:54:45.414967+00:00 virtual3 kernel: [    0.049152] ACPI: LAPIC_NMI (acpi_id[0x4c] high edge lint[0x1])
2025-01-12T23:54:45.414967+00:00 virtual3 kernel: [    0.049153] ACPI: LAPIC_NMI (acpi_id[0x4d] high edge lint[0x1])
2025-01-12T23:54:45.414972+00:00 virtual3 kernel: [    0.049154] ACPI: LAPIC_NMI (acpi_id[0x4e] high edge lint[0x1])
2025-01-12T23:54:45.414973+00:00 virtual3 kernel: [    0.049156] ACPI: LAPIC_NMI (acpi_id[0x4f] high edge lint[0x1])
2025-01-12T23:54:45.414973+00:00 virtual3 kernel: [    0.049157] ACPI: LAPIC_NMI (acpi_id[0x50] high edge lint[0x1])
2025-01-12T23:54:45.414973+00:00 virtual3 kernel: [    0.049158] ACPI: LAPIC_NMI (acpi_id[0x51] high edge lint[0x1])
2025-01-12T23:54:45.414974+00:00 virtual3 kernel: [    0.049159] ACPI: LAPIC_NMI (acpi_id[0x52] high edge lint[0x1])
2025-01-12T23:54:45.414974+00:00 virtual3 kernel: [    0.049160] ACPI: LAPIC_NMI (acpi_id[0x53] high edge lint[0x1])
2025-01-12T23:54:45.414978+00:00 virtual3 kernel: [    0.049162] ACPI: LAPIC_NMI (acpi_id[0x54] high edge lint[0x1])
2025-01-12T23:54:45.414980+00:00 virtual3 kernel: [    0.049163] ACPI: LAPIC_NMI (acpi_id[0x55] high edge lint[0x1])
2025-01-12T23:54:45.414980+00:00 virtual3 kernel: [    0.049164] ACPI: LAPIC_NMI (acpi_id[0x56] high edge lint[0x1])
2025-01-12T23:54:45.414980+00:00 virtual3 kernel: [    0.049165] ACPI: LAPIC_NMI (acpi_id[0x57] high edge lint[0x1])
2025-01-12T23:54:45.414980+00:00 virtual3 kernel: [    0.049166] ACPI: LAPIC_NMI (acpi_id[0x58] high edge lint[0x1])
2025-01-12T23:54:45.414981+00:00 virtual3 kernel: [    0.049168] ACPI: LAPIC_NMI (acpi_id[0x59] high edge lint[0x1])
2025-01-12T23:54:45.414981+00:00 virtual3 kernel: [    0.049169] ACPI: LAPIC_NMI (acpi_id[0x5a] high edge lint[0x1])
2025-01-12T23:54:45.414986+00:00 virtual3 kernel: [    0.049170] ACPI: LAPIC_NMI (acpi_id[0x5b] high edge lint[0x1])
2025-01-12T23:54:45.414988+00:00 virtual3 kernel: [    0.049171] ACPI: LAPIC_NMI (acpi_id[0x5c] high edge lint[0x1])
2025-01-12T23:54:45.414988+00:00 virtual3 kernel: [    0.049173] ACPI: LAPIC_NMI (acpi_id[0x5d] high edge lint[0x1])
2025-01-12T23:54:45.414988+00:00 virtual3 kernel: [    0.049174] ACPI: LAPIC_NMI (acpi_id[0x5e] high edge lint[0x1])
2025-01-12T23:54:45.414988+00:00 virtual3 kernel: [    0.049175] ACPI: LAPIC_NMI (acpi_id[0x5f] high edge lint[0x1])
2025-01-12T23:54:45.414989+00:00 virtual3 kernel: [    0.049176] ACPI: LAPIC_NMI (acpi_id[0x60] high edge lint[0x1])
2025-01-12T23:54:45.414993+00:00 virtual3 kernel: [    0.049177] ACPI: LAPIC_NMI (acpi_id[0x61] high edge lint[0x1])
2025-01-12T23:54:45.414994+00:00 virtual3 kernel: [    0.049179] ACPI: LAPIC_NMI (acpi_id[0x62] high edge lint[0x1])
2025-01-12T23:54:45.414995+00:00 virtual3 kernel: [    0.049180] ACPI: LAPIC_NMI (acpi_id[0x63] high edge lint[0x1])
2025-01-12T23:54:45.414995+00:00 virtual3 kernel: [    0.049181] ACPI: LAPIC_NMI (acpi_id[0x64] high edge lint[0x1])
2025-01-12T23:54:45.414995+00:00 virtual3 kernel: [    0.049182] ACPI: LAPIC_NMI (acpi_id[0x65] high edge lint[0x1])
2025-01-12T23:54:45.414995+00:00 virtual3 kernel: [    0.049183] ACPI: LAPIC_NMI (acpi_id[0x66] high edge lint[0x1])
2025-01-12T23:54:45.414998+00:00 virtual3 kernel: [    0.049185] ACPI: LAPIC_NMI (acpi_id[0x67] high edge lint[0x1])
2025-01-12T23:54:45.415001+00:00 virtual3 kernel: [    0.049186] ACPI: LAPIC_NMI (acpi_id[0x68] high edge lint[0x1])
2025-01-12T23:54:45.415003+00:00 virtual3 kernel: [    0.049187] ACPI: LAPIC_NMI (acpi_id[0x69] high edge lint[0x1])
2025-01-12T23:54:45.415003+00:00 virtual3 kernel: [    0.049188] ACPI: LAPIC_NMI (acpi_id[0x6a] high edge lint[0x1])
2025-01-12T23:54:45.415003+00:00 virtual3 kernel: [    0.049189] ACPI: LAPIC_NMI (acpi_id[0x6b] high edge lint[0x1])
2025-01-12T23:54:45.415003+00:00 virtual3 kernel: [    0.049191] ACPI: LAPIC_NMI (acpi_id[0x6c] high edge lint[0x1])
2025-01-12T23:54:45.415004+00:00 virtual3 kernel: [    0.049192] ACPI: LAPIC_NMI (acpi_id[0x6d] high edge lint[0x1])
2025-01-12T23:54:45.415008+00:00 virtual3 kernel: [    0.049193] ACPI: LAPIC_NMI (acpi_id[0x6e] high edge lint[0x1])
2025-01-12T23:54:45.415010+00:00 virtual3 kernel: [    0.049194] ACPI: LAPIC_NMI (acpi_id[0x6f] high edge lint[0x1])
2025-01-12T23:54:45.415010+00:00 virtual3 kernel: [    0.049196] ACPI: LAPIC_NMI (acpi_id[0x70] high edge lint[0x1])
2025-01-12T23:54:45.415010+00:00 virtual3 kernel: [    0.049197] ACPI: LAPIC_NMI (acpi_id[0x71] high edge lint[0x1])
2025-01-12T23:54:45.415010+00:00 virtual3 kernel: [    0.049198] ACPI: LAPIC_NMI (acpi_id[0x72] high edge lint[0x1])
2025-01-12T23:54:45.415010+00:00 virtual3 kernel: [    0.049199] ACPI: LAPIC_NMI (acpi_id[0x73] high edge lint[0x1])
2025-01-12T23:54:45.415015+00:00 virtual3 kernel: [    0.049200] ACPI: LAPIC_NMI (acpi_id[0x74] high edge lint[0x1])
2025-01-12T23:54:45.415016+00:00 virtual3 kernel: [    0.049202] ACPI: LAPIC_NMI (acpi_id[0x75] high edge lint[0x1])
2025-01-12T23:54:45.415017+00:00 virtual3 kernel: [    0.049203] ACPI: LAPIC_NMI (acpi_id[0x76] high edge lint[0x1])
2025-01-12T23:54:45.415017+00:00 virtual3 kernel: [    0.049204] ACPI: LAPIC_NMI (acpi_id[0x77] high edge lint[0x1])
2025-01-12T23:54:45.415017+00:00 virtual3 kernel: [    0.049205] ACPI: LAPIC_NMI (acpi_id[0x78] high edge lint[0x1])
2025-01-12T23:54:45.415017+00:00 virtual3 kernel: [    0.049206] ACPI: LAPIC_NMI (acpi_id[0x79] high edge lint[0x1])
2025-01-12T23:54:45.415018+00:00 virtual3 kernel: [    0.049208] ACPI: LAPIC_NMI (acpi_id[0x7a] high edge lint[0x1])
2025-01-12T23:54:45.415022+00:00 virtual3 kernel: [    0.049209] ACPI: LAPIC_NMI (acpi_id[0x7b] high edge lint[0x1])
2025-01-12T23:54:45.415023+00:00 virtual3 kernel: [    0.049210] ACPI: LAPIC_NMI (acpi_id[0x7c] high edge lint[0x1])
2025-01-12T23:54:45.415024+00:00 virtual3 kernel: [    0.049211] ACPI: LAPIC_NMI (acpi_id[0x7d] high edge lint[0x1])
2025-01-12T23:54:45.415024+00:00 virtual3 kernel: [    0.049212] ACPI: LAPIC_NMI (acpi_id[0x7e] high edge lint[0x1])
2025-01-12T23:54:45.415024+00:00 virtual3 kernel: [    0.049214] ACPI: LAPIC_NMI (acpi_id[0x7f] high edge lint[0x1])
2025-01-12T23:54:45.415024+00:00 virtual3 kernel: [    0.049530] IOAPIC[0]: apic_id 1, version 32, address 0xfec00000, GSI 0-23
2025-01-12T23:54:45.415029+00:00 virtual3 kernel: [    0.049540] ACPI: INT_SRC_OVR (bus 0 bus_irq 0 global_irq 2 high edge)
2025-01-12T23:54:45.415030+00:00 virtual3 kernel: [    0.049557] ACPI: Using ACPI (MADT) for SMP configuration information
2025-01-12T23:54:45.415030+00:00 virtual3 kernel: [    0.049563] ACPI: HPET id: 0x8086af01 base: 0xfed00000
2025-01-12T23:54:45.415031+00:00 virtual3 kernel: [    0.049574] smpboot: Allowing 128 CPUs, 126 hotplug CPUs
2025-01-12T23:54:45.415031+00:00 virtual3 kernel: [    0.049599] PM: hibernation: Registered nosave memory: [mem 0x00000000-0x00000fff]
2025-01-12T23:54:45.415032+00:00 virtual3 kernel: [    0.049602] PM: hibernation: Registered nosave memory: [mem 0x0009e000-0x0009efff]
2025-01-12T23:54:45.415034+00:00 virtual3 kernel: [    0.049604] PM: hibernation: Registered nosave memory: [mem 0x0009f000-0x0009ffff]
2025-01-12T23:54:45.415038+00:00 virtual3 kernel: [    0.049605] PM: hibernation: Registered nosave memory: [mem 0x000a0000-0x000dbfff]
2025-01-12T23:54:45.415039+00:00 virtual3 kernel: [    0.049607] PM: hibernation: Registered nosave memory: [mem 0x000dc000-0x000fffff]
2025-01-12T23:54:45.415039+00:00 virtual3 kernel: [    0.049609] PM: hibernation: Registered nosave memory: [mem 0x7fee0000-0x7fefefff]
2025-01-12T23:54:45.415039+00:00 virtual3 kernel: [    0.049610] PM: hibernation: Registered nosave memory: [mem 0x7feff000-0x7fefffff]
2025-01-12T23:54:45.415040+00:00 virtual3 kernel: [    0.049619] [mem 0x80000000-0xefffffff] available for PCI devices
2025-01-12T23:54:45.415040+00:00 virtual3 kernel: [    0.049621] Booting paravirtualized kernel on VMware hypervisor
2025-01-12T23:54:45.415045+00:00 virtual3 kernel: [    0.049625] clocksource: refined-jiffies: mask: 0xffffffff max_cycles: 0xffffffff, max_idle_ns: 7645519600211568 ns
2025-01-12T23:54:45.415046+00:00 virtual3 kernel: [    0.058356] setup_percpu: NR_CPUS:8192 nr_cpumask_bits:128 nr_cpu_ids:128 nr_node_ids:1
2025-01-12T23:54:45.415046+00:00 virtual3 kernel: [    0.257691] percpu: Embedded 61 pages/cpu s212992 r8192 d28672 u262144
2025-01-12T23:54:45.415047+00:00 virtual3 kernel: [    0.257715] pcpu-alloc: s212992 r8192 d28672 u262144 alloc=1*2097152
2025-01-12T23:54:45.415047+00:00 virtual3 kernel: [    0.257720] pcpu-alloc: [0] 000 001 002 003 004 005 006 007 
2025-01-12T23:54:45.415047+00:00 virtual3 kernel: [    0.257729] pcpu-alloc: [0] 008 009 010 011 012 013 014 015 
2025-01-12T23:54:45.415052+00:00 virtual3 kernel: [    0.257737] pcpu-alloc: [0] 016 017 018 019 020 021 022 023 
2025-01-12T23:54:45.415053+00:00 virtual3 kernel: [    0.257744] pcpu-alloc: [0] 024 025 026 027 028 029 030 031 
2025-01-12T23:54:45.415053+00:00 virtual3 kernel: [    0.257752] pcpu-alloc: [0] 032 033 034 035 036 037 038 039 
2025-01-12T23:54:45.415054+00:00 virtual3 kernel: [    0.257759] pcpu-alloc: [0] 040 041 042 043 044 045 046 047 
2025-01-12T23:54:45.415054+00:00 virtual3 kernel: [    0.257766] pcpu-alloc: [0] 048 049 050 051 052 053 054 055 
2025-01-12T23:54:45.415054+00:00 virtual3 kernel: [    0.257774] pcpu-alloc: [0] 056 057 058 059 060 061 062 063 
2025-01-12T23:54:45.415057+00:00 virtual3 kernel: [    0.257781] pcpu-alloc: [0] 064 065 066 067 068 069 070 071 
2025-01-12T23:54:45.415060+00:00 virtual3 kernel: [    0.257788] pcpu-alloc: [0] 072 073 074 075 076 077 078 079 
2025-01-12T23:54:45.415061+00:00 virtual3 kernel: [    0.257796] pcpu-alloc: [0] 080 081 082 083 084 085 086 087 
2025-01-12T23:54:45.415062+00:00 virtual3 kernel: [    0.257803] pcpu-alloc: [0] 088 089 090 091 092 093 094 095 
2025-01-12T23:54:45.415062+00:00 virtual3 kernel: [    0.257810] pcpu-alloc: [0] 096 097 098 099 100 101 102 103 
2025-01-12T23:54:45.415062+00:00 virtual3 kernel: [    0.257818] pcpu-alloc: [0] 104 105 106 107 108 109 110 111 
2025-01-12T23:54:45.415062+00:00 virtual3 kernel: [    0.257825] pcpu-alloc: [0] 112 113 114 115 116 117 118 119 
2025-01-12T23:54:45.415067+00:00 virtual3 kernel: [    0.257832] pcpu-alloc: [0] 120 121 122 123 124 125 126 127 
2025-01-12T23:54:45.415068+00:00 virtual3 kernel: [    0.257895] Fallback order for Node 0: 0 
2025-01-12T23:54:45.415068+00:00 virtual3 kernel: [    0.257909] Built 1 zonelists, mobility grouping on.  Total pages: 515808
2025-01-12T23:54:45.415098+00:00 virtual3 kernel: [    0.257912] Policy zone: DMA32
2025-01-12T23:54:45.415099+00:00 virtual3 kernel: [    0.257915] Kernel command line: BOOT_IMAGE=/boot/vmlinuz-6.1.0-26-amd64 root=UUID=4826af56-a920-4c87-b564-09cd7bb1bc85 ro quiet
2025-01-12T23:54:45.415099+00:00 virtual3 kernel: [    0.257986] Unknown kernel command line parameters "BOOT_IMAGE=/boot/vmlinuz-6.1.0-26-amd64", will be passed to user space.
2025-01-12T23:54:45.415104+00:00 virtual3 kernel: [    0.258002] random: crng init done
2025-01-12T23:54:45.415106+00:00 virtual3 kernel: [    0.258004] printk: log_buf_len individual max cpu contribution: 4096 bytes
2025-01-12T23:54:45.415106+00:00 virtual3 kernel: [    0.258005] printk: log_buf_len total cpu_extra contributions: 520192 bytes
2025-01-12T23:54:45.415106+00:00 virtual3 kernel: [    0.258007] printk: log_buf_len min size: 131072 bytes
2025-01-12T23:54:45.415106+00:00 virtual3 kernel: [    0.282403] printk: log_buf_len: 1048576 bytes
2025-01-12T23:54:45.415107+00:00 virtual3 kernel: [    0.282406] printk: early log buf free: 108720(82%)
2025-01-12T23:54:45.415111+00:00 virtual3 kernel: [    0.296936] Dentry cache hash table entries: 262144 (order: 9, 2097152 bytes, linear)
2025-01-12T23:54:45.415113+00:00 virtual3 kernel: [    0.303151] Inode-cache hash table entries: 131072 (order: 8, 1048576 bytes, linear)
2025-01-12T23:54:45.415113+00:00 virtual3 kernel: [    0.309156] mem auto-init: stack:all(zero), heap alloc:on, heap free:off
2025-01-12T23:54:45.415113+00:00 virtual3 kernel: [    0.315668] Memory: 260860K/2096628K available (14342K kernel code, 2335K rwdata, 9076K rodata, 2796K init, 17396K bss, 182452K reserved, 0K cma-reserved)
2025-01-12T23:54:45.415114+00:00 virtual3 kernel: [    0.315937] SLUB: HWalign=64, Order=0-3, MinObjects=0, CPUs=128, Nodes=1
2025-01-12T23:54:45.415114+00:00 virtual3 kernel: [    0.315965] Kernel/User page tables isolation: enabled
2025-01-12T23:54:45.415119+00:00 virtual3 kernel: [    0.316036] ftrace: allocating 40246 entries in 158 pages
2025-01-12T23:54:45.415120+00:00 virtual3 kernel: [    0.324752] ftrace: allocated 158 pages with 5 groups
2025-01-12T23:54:45.415120+00:00 virtual3 kernel: [    0.325891] Dynamic Preempt: voluntary
2025-01-12T23:54:45.415120+00:00 virtual3 kernel: [    0.326289] rcu: Preemptible hierarchical RCU implementation.
2025-01-12T23:54:45.415121+00:00 virtual3 kernel: [    0.326291] rcu: 	RCU restricting CPUs from NR_CPUS=8192 to nr_cpu_ids=128.
2025-01-12T23:54:45.415121+00:00 virtual3 kernel: [    0.326293] 	Trampoline variant of Tasks RCU enabled.
2025-01-12T23:54:45.415121+00:00 virtual3 kernel: [    0.326294] 	Rude variant of Tasks RCU enabled.
2025-01-12T23:54:45.415127+00:00 virtual3 kernel: [    0.326295] 	Tracing variant of Tasks RCU enabled.
2025-01-12T23:54:45.415128+00:00 virtual3 kernel: [    0.326296] rcu: RCU calculated value of scheduler-enlistment delay is 25 jiffies.
2025-01-12T23:54:45.415128+00:00 virtual3 kernel: [    0.326298] rcu: Adjusting geometry for rcu_fanout_leaf=16, nr_cpu_ids=128
2025-01-12T23:54:45.415129+00:00 virtual3 kernel: [    0.333026] NR_IRQS: 524544, nr_irqs: 1448, preallocated irqs: 16
2025-01-12T23:54:45.415129+00:00 virtual3 kernel: [    0.333617] rcu: srcu_init: Setting srcu_struct sizes to big.
2025-01-12T23:54:45.415129+00:00 virtual3 kernel: [    0.373543] Console: colour VGA+ 80x25
2025-01-12T23:54:45.415134+00:00 virtual3 kernel: [    0.373599] printk: console [tty0] enabled
2025-01-12T23:54:45.415135+00:00 virtual3 kernel: [    0.373688] ACPI: Core revision 20220331
2025-01-12T23:54:45.415135+00:00 virtual3 kernel: [    0.375154] clocksource: hpet: mask: 0xffffffff max_cycles: 0xffffffff, max_idle_ns: 133484882848 ns
2025-01-12T23:54:45.415136+00:00 virtual3 kernel: [    0.376110] APIC: Switch to symmetric I/O mode setup
2025-01-12T23:54:45.415136+00:00 virtual3 kernel: [    0.378663] x2apic enabled
2025-01-12T23:54:45.415136+00:00 virtual3 kernel: [    0.380756] Switched APIC routing to physical x2apic.
2025-01-12T23:54:45.415174+00:00 virtual3 kernel: [    0.385298] ..TIMER: vector=0x30 apic1=0 pin1=2 apic2=-1 pin2=-1
2025-01-12T23:54:45.415175+00:00 virtual3 kernel: [    0.385342] clocksource: tsc-early: mask: 0xffffffffffffffff max_cycles: 0x26bf01197ee, max_idle_ns: 440795313648 ns
2025-01-12T23:54:45.415176+00:00 virtual3 kernel: [    0.385348] Calibrating delay loop (skipped) preset value.. 5376.02 BogoMIPS (lpj=10752044)
2025-01-12T23:54:45.415176+00:00 virtual3 kernel: [    0.386690] x86/cpu: User Mode Instruction Prevention (UMIP) activated
2025-01-12T23:54:45.415176+00:00 virtual3 kernel: [    0.386731] Last level iTLB entries: 4KB 0, 2MB 0, 4MB 0
2025-01-12T23:54:45.415176+00:00 virtual3 kernel: [    0.386733] Last level dTLB entries: 4KB 0, 2MB 0, 4MB 0, 1GB 0
2025-01-12T23:54:45.415177+00:00 virtual3 kernel: [    0.386737] Spectre V1 : Mitigation: usercopy/swapgs barriers and __user pointer sanitization
2025-01-12T23:54:45.415182+00:00 virtual3 kernel: [    0.386739] Spectre V2 : Spectre BHI mitigation: SW BHB clearing on vm exit
2025-01-12T23:54:45.415183+00:00 virtual3 kernel: [    0.386739] Spectre V2 : Spectre BHI mitigation: SW BHB clearing on syscall
2025-01-12T23:54:45.415183+00:00 virtual3 kernel: [    0.386740] Spectre V2 : Mitigation: IBRS
2025-01-12T23:54:45.415184+00:00 virtual3 kernel: [    0.386740] Spectre V2 : Spectre v2 / SpectreRSB mitigation: Filling RSB on context switch
2025-01-12T23:54:45.415184+00:00 virtual3 kernel: [    0.386741] Spectre V2 : Spectre v2 / SpectreRSB : Filling RSB on VMEXIT
2025-01-12T23:54:45.415184+00:00 virtual3 kernel: [    0.386741] RETBleed: Mitigation: IBRS
2025-01-12T23:54:45.415189+00:00 virtual3 kernel: [    0.386746] Spectre V2 : mitigation: Enabling conditional Indirect Branch Prediction Barrier
2025-01-12T23:54:45.415190+00:00 virtual3 kernel: [    0.386747] Speculative Store Bypass: Mitigation: Speculative Store Bypass disabled via prctl
2025-01-12T23:54:45.415190+00:00 virtual3 kernel: [    0.386748] MDS: Mitigation: Clear CPU buffers
2025-01-12T23:54:45.415191+00:00 virtual3 kernel: [    0.386748] Register File Data Sampling: Vulnerable: No microcode
2025-01-12T23:54:45.415191+00:00 virtual3 kernel: [    0.386783] x86/fpu: Supporting XSAVE feature 0x001: 'x87 floating point registers'
2025-01-12T23:54:45.415191+00:00 virtual3 kernel: [    0.386785] x86/fpu: Supporting XSAVE feature 0x002: 'SSE registers'
2025-01-12T23:54:45.415196+00:00 virtual3 kernel: [    0.386785] x86/fpu: Supporting XSAVE feature 0x004: 'AVX registers'
2025-01-12T23:54:45.415197+00:00 virtual3 kernel: [    0.386786] x86/fpu: xstate_offset[2]:  576, xstate_sizes[2]:  256
2025-01-12T23:54:45.415197+00:00 virtual3 kernel: [    0.386787] x86/fpu: Enabled xstate features 0x7, context size is 832 bytes, using 'compacted' format.
2025-01-12T23:54:45.415198+00:00 virtual3 kernel: [    0.409630] Freeing SMP alternatives memory: 36K
2025-01-12T23:54:45.415198+00:00 virtual3 kernel: [    0.409640] pid_max: default: 131072 minimum: 1024
2025-01-12T23:54:45.415198+00:00 virtual3 kernel: [    0.409763] LSM: Security Framework initializing
2025-01-12T23:54:45.415198+00:00 virtual3 kernel: [    0.409796] landlock: Up and running.
2025-01-12T23:54:45.415203+00:00 virtual3 kernel: [    0.409797] Yama: disabled by default; enable with sysctl kernel.yama.*
2025-01-12T23:54:45.415205+00:00 virtual3 kernel: [    0.409844] AppArmor: AppArmor initialized
2025-01-12T23:54:45.415205+00:00 virtual3 kernel: [    0.409847] TOMOYO Linux initialized
2025-01-12T23:54:45.415205+00:00 virtual3 kernel: [    0.409856] LSM support for eBPF active
2025-01-12T23:54:45.415206+00:00 virtual3 kernel: [    0.409931] Mount-cache hash table entries: 4096 (order: 3, 32768 bytes, linear)
2025-01-12T23:54:45.415206+00:00 virtual3 kernel: [    0.409939] Mountpoint-cache hash table entries: 4096 (order: 3, 32768 bytes, linear)
2025-01-12T23:54:45.415210+00:00 virtual3 kernel: [    0.413819] smpboot: CPU0: 12th Gen Intel(R) Core(TM) i7-12700H (family: 0x6, model: 0x9a, stepping: 0x3)
2025-01-12T23:54:45.415212+00:00 virtual3 kernel: [    0.414099] cblist_init_generic: Setting adjustable number of callback queues.
2025-01-12T23:54:45.415212+00:00 virtual3 kernel: [    0.414101] cblist_init_generic: Setting shift to 7 and lim to 1.
2025-01-12T23:54:45.415212+00:00 virtual3 kernel: [    0.414133] cblist_init_generic: Setting adjustable number of callback queues.
2025-01-12T23:54:45.415213+00:00 virtual3 kernel: [    0.414135] cblist_init_generic: Setting shift to 7 and lim to 1.
2025-01-12T23:54:45.415213+00:00 virtual3 kernel: [    0.414162] cblist_init_generic: Setting adjustable number of callback queues.
2025-01-12T23:54:45.415218+00:00 virtual3 kernel: [    0.414163] cblist_init_generic: Setting shift to 7 and lim to 1.
2025-01-12T23:54:45.415219+00:00 virtual3 kernel: [    0.414180] Performance Events: Alderlake Hybrid events, core PMU driver.
2025-01-12T23:54:45.415219+00:00 virtual3 kernel: [    0.415188] core: CPUID marked event: 'cpu cycles' unavailable
2025-01-12T23:54:45.415220+00:00 virtual3 kernel: [    0.415190] core: CPUID marked event: 'instructions' unavailable
2025-01-12T23:54:45.415220+00:00 virtual3 kernel: [    0.415191] core: CPUID marked event: 'bus cycles' unavailable
2025-01-12T23:54:45.415220+00:00 virtual3 kernel: [    0.415191] core: CPUID marked event: 'cache references' unavailable
2025-01-12T23:54:45.415220+00:00 virtual3 kernel: [    0.415193] core: CPUID marked event: 'cache misses' unavailable
2025-01-12T23:54:45.415225+00:00 virtual3 kernel: [    0.415193] core: CPUID marked event: 'branch instructions' unavailable
2025-01-12T23:54:45.415226+00:00 virtual3 kernel: [    0.415194] core: CPUID marked event: 'branch misses' unavailable
2025-01-12T23:54:45.415226+00:00 virtual3 kernel: [    0.415526] core: cpu_core PMU driver: 
2025-01-12T23:54:45.415227+00:00 virtual3 kernel: [    0.415528] ... version:                1
2025-01-12T23:54:45.415227+00:00 virtual3 kernel: [    0.415529] ... bit width:              48
2025-01-12T23:54:45.415227+00:00 virtual3 kernel: [    0.415530] ... generic registers:      6
2025-01-12T23:54:45.415232+00:00 virtual3 kernel: [    0.415531] ... value mask:             0000ffffffffffff
2025-01-12T23:54:45.415233+00:00 virtual3 kernel: [    0.415533] ... max period:             000000007fffffff
2025-01-12T23:54:45.415233+00:00 virtual3 kernel: [    0.415534] ... fixed-purpose events:   0
2025-01-12T23:54:45.415234+00:00 virtual3 kernel: [    0.415535] ... event mask:             0001000f0000003f
2025-01-12T23:54:45.415234+00:00 virtual3 kernel: [    0.415606] signal: max sigframe size: 1776
2025-01-12T23:54:45.415234+00:00 virtual3 kernel: [    0.415641] rcu: Hierarchical SRCU implementation.
2025-01-12T23:54:45.415239+00:00 virtual3 kernel: [    0.415642] rcu: 	Max phase no-delay instances is 1000.
2025-01-12T23:54:45.415240+00:00 virtual3 kernel: [    0.415977] NMI watchdog: Perf NMI watchdog permanently disabled
2025-01-12T23:54:45.415240+00:00 virtual3 kernel: [    0.417345] smp: Bringing up secondary CPUs ...
2025-01-12T23:54:45.415240+00:00 virtual3 kernel: [    0.417345] x86: Booting SMP configuration:
2025-01-12T23:54:45.415241+00:00 virtual3 kernel: [    0.417345] .... node  #0, CPUs:          #1
2025-01-12T23:54:45.415241+00:00 virtual3 kernel: [    0.047245] smpboot: CPU 1 Converting physical 2 to logical package 1
2025-01-12T23:54:45.415241+00:00 virtual3 kernel: [    0.047245] smpboot: CPU 1 Converting physical 0 to logical die 1
2025-01-12T23:54:45.415246+00:00 virtual3 kernel: [    0.421636] smp: Brought up 1 node, 2 CPUs
2025-01-12T23:54:45.415247+00:00 virtual3 kernel: [    0.421636] smpboot: Max logical packages: 128
2025-01-12T23:54:45.415247+00:00 virtual3 kernel: [    0.421636] smpboot: Total of 2 processors activated (10752.04 BogoMIPS)
2025-01-12T23:54:45.415248+00:00 virtual3 kernel: [    0.427088] node 0 deferred pages initialised in 4ms
2025-01-12T23:54:45.415248+00:00 virtual3 kernel: [    0.429444] devtmpfs: initialized
2025-01-12T23:54:45.415248+00:00 virtual3 kernel: [    0.429480] x86/mm: Memory block size: 128MB
2025-01-12T23:54:45.415253+00:00 virtual3 kernel: [    0.429881] ACPI: PM: Registering ACPI NVS region [mem 0x7feff000-0x7fefffff] (4096 bytes)
2025-01-12T23:54:45.415254+00:00 virtual3 kernel: [    0.429881] clocksource: jiffies: mask: 0xffffffff max_cycles: 0xffffffff, max_idle_ns: 7645041785100000 ns
2025-01-12T23:54:45.415254+00:00 virtual3 kernel: [    0.429881] futex hash table entries: 32768 (order: 9, 2097152 bytes, linear)
2025-01-12T23:54:45.415255+00:00 virtual3 kernel: [    0.430749] pinctrl core: initialized pinctrl subsystem
2025-01-12T23:54:45.415255+00:00 virtual3 kernel: [    0.439888] NET: Registered PF_NETLINK/PF_ROUTE protocol family
2025-01-12T23:54:45.415255+00:00 virtual3 kernel: [    0.440059] DMA: preallocated 256 KiB GFP_KERNEL pool for atomic allocations
2025-01-12T23:54:45.415260+00:00 virtual3 kernel: [    0.440123] DMA: preallocated 256 KiB GFP_KERNEL|GFP_DMA pool for atomic allocations
2025-01-12T23:54:45.415261+00:00 virtual3 kernel: [    0.440156] DMA: preallocated 256 KiB GFP_KERNEL|GFP_DMA32 pool for atomic allocations
2025-01-12T23:54:45.415261+00:00 virtual3 kernel: [    0.440169] audit: initializing netlink subsys (disabled)
2025-01-12T23:54:45.415290+00:00 virtual3 kernel: [    0.440286] audit: type=2000 audit(1736625020.060:1): state=initialized audit_enabled=0 res=1
2025-01-12T23:54:45.415291+00:00 virtual3 kernel: [    0.440286] thermal_sys: Registered thermal governor 'fair_share'
2025-01-12T23:54:45.415291+00:00 virtual3 kernel: [    0.440286] thermal_sys: Registered thermal governor 'bang_bang'
2025-01-12T23:54:45.415291+00:00 virtual3 kernel: [    0.440286] thermal_sys: Registered thermal governor 'step_wise'
2025-01-12T23:54:45.415297+00:00 virtual3 kernel: [    0.440286] thermal_sys: Registered thermal governor 'user_space'
2025-01-12T23:54:45.415298+00:00 virtual3 kernel: [    0.440286] thermal_sys: Registered thermal governor 'power_allocator'
2025-01-12T23:54:45.415299+00:00 virtual3 kernel: [    0.440286] cpuidle: using governor ladder
2025-01-12T23:54:45.415299+00:00 virtual3 kernel: [    0.440286] cpuidle: using governor menu
2025-01-12T23:54:45.415299+00:00 virtual3 kernel: [    0.440286] Simple Boot Flag at 0x36 set to 0x80
2025-01-12T23:54:45.415299+00:00 virtual3 kernel: [    0.440286] acpiphp: ACPI Hot Plug PCI Controller Driver version: 0.5
2025-01-12T23:54:45.415304+00:00 virtual3 kernel: [    0.441794] PCI: MMCONFIG for domain 0000 [bus 00-7f] at [mem 0xf0000000-0xf7ffffff] (base 0xf0000000)
2025-01-12T23:54:45.415305+00:00 virtual3 kernel: [    0.441803] PCI: MMCONFIG at [mem 0xf0000000-0xf7ffffff] reserved in E820
2025-01-12T23:54:45.415306+00:00 virtual3 kernel: [    0.441825] PCI: Using configuration type 1 for base access
2025-01-12T23:54:45.415306+00:00 virtual3 kernel: [    0.443601] kprobes: kprobe jump-optimization is enabled. All kprobes are optimized if possible.
2025-01-12T23:54:45.415306+00:00 virtual3 kernel: [    0.456109] HugeTLB: registered 1.00 GiB page size, pre-allocated 0 pages
2025-01-12T23:54:45.415306+00:00 virtual3 kernel: [    0.456114] HugeTLB: 16380 KiB vmemmap can be freed for a 1.00 GiB page
2025-01-12T23:54:45.415311+00:00 virtual3 kernel: [    0.456116] HugeTLB: registered 2.00 MiB page size, pre-allocated 0 pages
2025-01-12T23:54:45.415312+00:00 virtual3 kernel: [    0.456118] HugeTLB: 28 KiB vmemmap can be freed for a 2.00 MiB page
2025-01-12T23:54:45.415313+00:00 virtual3 kernel: [    0.458016] ACPI: Added _OSI(Module Device)
2025-01-12T23:54:45.415313+00:00 virtual3 kernel: [    0.458018] ACPI: Added _OSI(Processor Device)
2025-01-12T23:54:45.415313+00:00 virtual3 kernel: [    0.458020] ACPI: Added _OSI(3.0 _SCP Extensions)
2025-01-12T23:54:45.415313+00:00 virtual3 kernel: [    0.458021] ACPI: Added _OSI(Processor Aggregator Device)
2025-01-12T23:54:45.415314+00:00 virtual3 kernel: [    0.470059] ACPI: 1 ACPI AML tables successfully acquired and loaded
2025-01-12T23:54:45.415319+00:00 virtual3 kernel: [    0.472247] ACPI: [Firmware Bug]: BIOS _OSI(Linux) query ignored
2025-01-12T23:54:45.415320+00:00 virtual3 kernel: [    0.511875] ACPI: Interpreter enabled
2025-01-12T23:54:45.415320+00:00 virtual3 kernel: [    0.511901] ACPI: PM: (supports S0 S1 S4 S5)
2025-01-12T23:54:45.415323+00:00 virtual3 kernel: [    0.511904] ACPI: Using IOAPIC for interrupt routing
2025-01-12T23:54:45.415324+00:00 virtual3 kernel: [    0.511943] PCI: Using host bridge windows from ACPI; if necessary, use "pci=nocrs" and report a bug
2025-01-12T23:54:45.415325+00:00 virtual3 kernel: [    0.511945] PCI: Using E820 reservations for host bridge windows
2025-01-12T23:54:45.415329+00:00 virtual3 kernel: [    0.512612] ACPI: Enabled 4 GPEs in block 00 to 0F
2025-01-12T23:54:45.415330+00:00 virtual3 kernel: [    0.592215] ACPI: PCI Root Bridge [PCI0] (domain 0000 [bus 00-7f])
2025-01-12T23:54:45.415331+00:00 virtual3 kernel: [    0.592238] acpi PNP0A03:00: _OSC: OS supports [ExtendedConfig ASPM ClockPM Segments MSI HPX-Type3]
2025-01-12T23:54:45.415331+00:00 virtual3 kernel: [    0.592363] acpi PNP0A03:00: _OSC: platform does not support [AER LTR]
2025-01-12T23:54:45.415331+00:00 virtual3 kernel: [    0.592768] acpi PNP0A03:00: _OSC: OS now controls [PCIeHotplug SHPCHotplug PME PCIeCapability]
2025-01-12T23:54:45.415331+00:00 virtual3 kernel: [    0.595368] PCI host bridge to bus 0000:00
2025-01-12T23:54:45.415336+00:00 virtual3 kernel: [    0.595374] pci_bus 0000:00: root bus resource [mem 0x000a0000-0x000bffff window]
2025-01-12T23:54:45.415337+00:00 virtual3 kernel: [    0.595380] pci_bus 0000:00: root bus resource [mem 0x000d0000-0x000dbfff window]
2025-01-12T23:54:45.415338+00:00 virtual3 kernel: [    0.595383] pci_bus 0000:00: root bus resource [mem 0x80000000-0xfebfffff window]
2025-01-12T23:54:45.415338+00:00 virtual3 kernel: [    0.595385] pci_bus 0000:00: root bus resource [io  0x0000-0x0cf7 window]
2025-01-12T23:54:45.415338+00:00 virtual3 kernel: [    0.595387] pci_bus 0000:00: root bus resource [io  0x0d00-0xfeff window]
2025-01-12T23:54:45.415338+00:00 virtual3 kernel: [    0.595389] pci_bus 0000:00: root bus resource [bus 00-7f]
2025-01-12T23:54:45.415339+00:00 virtual3 kernel: [    0.595696] pci 0000:00:00.0: [8086:7190] type 00 class 0x060000
2025-01-12T23:54:45.415355+00:00 virtual3 kernel: [    0.597349] pci 0000:00:01.0: [8086:7191] type 01 class 0x060400
2025-01-12T23:54:45.415357+00:00 virtual3 kernel: [    0.598768] pci 0000:00:07.0: [8086:7110] type 00 class 0x060100
2025-01-12T23:54:45.415358+00:00 virtual3 kernel: [    0.600933] pci 0000:00:07.1: [8086:7111] type 00 class 0x01018a
2025-01-12T23:54:45.415358+00:00 virtual3 kernel: [    0.600933] pci 0000:00:07.1: reg 0x20: [io  0x1060-0x106f]
2025-01-12T23:54:45.415359+00:00 virtual3 kernel: [    0.605434] pci 0000:00:07.1: legacy IDE quirk: reg 0x10: [io  0x01f0-0x01f7]
2025-01-12T23:54:45.415360+00:00 virtual3 kernel: [    0.605441] pci 0000:00:07.1: legacy IDE quirk: reg 0x14: [io  0x03f6]
2025-01-12T23:54:45.415365+00:00 virtual3 kernel: [    0.605443] pci 0000:00:07.1: legacy IDE quirk: reg 0x18: [io  0x0170-0x0177]
2025-01-12T23:54:45.415366+00:00 virtual3 kernel: [    0.605445] pci 0000:00:07.1: legacy IDE quirk: reg 0x1c: [io  0x0376]
2025-01-12T23:54:45.415367+00:00 virtual3 kernel: [    0.605921] pci 0000:00:07.3: [8086:7113] type 00 class 0x068000
2025-01-12T23:54:45.415367+00:00 virtual3 kernel: [    0.609014] pci 0000:00:07.3: quirk: [io  0x1000-0x103f] claimed by PIIX4 ACPI
2025-01-12T23:54:45.415368+00:00 virtual3 kernel: [    0.609027] pci 0000:00:07.3: quirk: [io  0x1040-0x104f] claimed by PIIX4 SMB
2025-01-12T23:54:45.415368+00:00 virtual3 kernel: [    0.609496] pci 0000:00:07.7: [15ad:0740] type 00 class 0x088000
2025-01-12T23:54:45.415373+00:00 virtual3 kernel: [    0.610021] pci 0000:00:07.7: reg 0x10: [io  0x1080-0x10bf]
2025-01-12T23:54:45.415374+00:00 virtual3 kernel: [    0.610626] pci 0000:00:07.7: reg 0x14: [mem 0xfebc0000-0xfebfffff 64bit]
2025-01-12T23:54:45.415374+00:00 virtual3 kernel: [    0.614641] pci 0000:00:0f.0: [15ad:0405] type 00 class 0x030000
2025-01-12T23:54:45.415375+00:00 virtual3 kernel: [    0.616025] pci 0000:00:0f.0: reg 0x10: [io  0x1070-0x107f]
2025-01-12T23:54:45.415375+00:00 virtual3 kernel: [    0.617087] pci 0000:00:0f.0: reg 0x14: [mem 0xe8000000-0xefffffff pref]
2025-01-12T23:54:45.415375+00:00 virtual3 kernel: [    0.618046] pci 0000:00:0f.0: reg 0x18: [mem 0xfe000000-0xfe7fffff]
2025-01-12T23:54:45.415376+00:00 virtual3 kernel: [    0.619984] pci 0000:00:0f.0: reg 0x30: [mem 0x00000000-0x00007fff pref]
2025-01-12T23:54:45.415380+00:00 virtual3 kernel: [    0.620149] pci 0000:00:0f.0: Video device with shadowed ROM at [mem 0x000c0000-0x000dffff]
2025-01-12T23:54:45.415382+00:00 virtual3 kernel: [    0.621305] pci 0000:00:10.0: [1000:0030] type 00 class 0x010000
2025-01-12T23:54:45.415382+00:00 virtual3 kernel: [    0.626147] pci 0000:00:10.0: reg 0x10: [io  0x1400-0x14ff]
2025-01-12T23:54:45.415382+00:00 virtual3 kernel: [    0.627030] pci 0000:00:10.0: reg 0x14: [mem 0xfeb80000-0xfeb9ffff 64bit]
2025-01-12T23:54:45.415383+00:00 virtual3 kernel: [    0.627961] pci 0000:00:10.0: reg 0x1c: [mem 0xfeba0000-0xfebbffff 64bit]
2025-01-12T23:54:45.415383+00:00 virtual3 kernel: [    0.628913] pci 0000:00:10.0: reg 0x30: [mem 0x00000000-0x00003fff pref]
2025-01-12T23:54:45.415387+00:00 virtual3 kernel: [    0.630029] pci 0000:00:11.0: [15ad:0790] type 01 class 0x060401
2025-01-12T23:54:45.415389+00:00 virtual3 kernel: [    0.632371] pci 0000:00:15.0: [15ad:07a0] type 01 class 0x060400
2025-01-12T23:54:45.415389+00:00 virtual3 kernel: [    0.634568] pci 0000:00:15.0: PME# supported from D0 D3hot D3cold
2025-01-12T23:54:45.415389+00:00 virtual3 kernel: [    0.635633] pci 0000:00:15.1: [15ad:07a0] type 01 class 0x060400
2025-01-12T23:54:45.415389+00:00 virtual3 kernel: [    0.637854] pci 0000:00:15.1: PME# supported from D0 D3hot D3cold
2025-01-12T23:54:45.415390+00:00 virtual3 kernel: [    0.638886] pci 0000:00:15.2: [15ad:07a0] type 01 class 0x060400
2025-01-12T23:54:45.415390+00:00 virtual3 kernel: [    0.641060] pci 0000:00:15.2: PME# supported from D0 D3hot D3cold
2025-01-12T23:54:45.415398+00:00 virtual3 kernel: [    0.642092] pci 0000:00:15.3: [15ad:07a0] type 01 class 0x060400
2025-01-12T23:54:45.415399+00:00 virtual3 kernel: [    0.644308] pci 0000:00:15.3: PME# supported from D0 D3hot D3cold
2025-01-12T23:54:45.415399+00:00 virtual3 kernel: [    0.645335] pci 0000:00:15.4: [15ad:07a0] type 01 class 0x060400
2025-01-12T23:54:45.415399+00:00 virtual3 kernel: [    0.647500] pci 0000:00:15.4: PME# supported from D0 D3hot D3cold
2025-01-12T23:54:45.415400+00:00 virtual3 kernel: [    0.648773] pci 0000:00:15.5: [15ad:07a0] type 01 class 0x060400
2025-01-12T23:54:45.415400+00:00 virtual3 kernel: [    0.651051] pci 0000:00:15.5: PME# supported from D0 D3hot D3cold
2025-01-12T23:54:45.415403+00:00 virtual3 kernel: [    0.652090] pci 0000:00:15.6: [15ad:07a0] type 01 class 0x060400
2025-01-12T23:54:45.415404+00:00 virtual3 kernel: [    0.654371] pci 0000:00:15.6: PME# supported from D0 D3hot D3cold
2025-01-12T23:54:45.415404+00:00 virtual3 kernel: [    0.655426] pci 0000:00:15.7: [15ad:07a0] type 01 class 0x060400
2025-01-12T23:54:45.415404+00:00 virtual3 kernel: [    0.657728] pci 0000:00:15.7: PME# supported from D0 D3hot D3cold
2025-01-12T23:54:45.415405+00:00 virtual3 kernel: [    0.658764] pci 0000:00:16.0: [15ad:07a0] type 01 class 0x060400
2025-01-12T23:54:45.415405+00:00 virtual3 kernel: [    0.661254] pci 0000:00:16.0: PME# supported from D0 D3hot D3cold
2025-01-12T23:54:45.415413+00:00 virtual3 kernel: [    0.662358] pci 0000:00:16.1: [15ad:07a0] type 01 class 0x060400
2025-01-12T23:54:45.415416+00:00 virtual3 kernel: [    0.664567] pci 0000:00:16.1: PME# supported from D0 D3hot D3cold
2025-01-12T23:54:45.415417+00:00 virtual3 kernel: [    0.666951] pci 0000:00:16.2: [15ad:07a0] type 01 class 0x060400
2025-01-12T23:54:45.415417+00:00 virtual3 kernel: [    0.671922] pci 0000:00:16.2: PME# supported from D0 D3hot D3cold
2025-01-12T23:54:45.415418+00:00 virtual3 kernel: [    0.674326] pci 0000:00:16.3: [15ad:07a0] type 01 class 0x060400
2025-01-12T23:54:45.415418+00:00 virtual3 kernel: [    0.676988] pci 0000:00:16.3: PME# supported from D0 D3hot D3cold
2025-01-12T23:54:45.415419+00:00 virtual3 kernel: [    0.678046] pci 0000:00:16.4: [15ad:07a0] type 01 class 0x060400
2025-01-12T23:54:45.415430+00:00 virtual3 kernel: [    0.680233] pci 0000:00:16.4: PME# supported from D0 D3hot D3cold
2025-01-12T23:54:45.415434+00:00 virtual3 kernel: [    0.681363] pci 0000:00:16.5: [15ad:07a0] type 01 class 0x060400
2025-01-12T23:54:45.415434+00:00 virtual3 kernel: [    0.683528] pci 0000:00:16.5: PME# supported from D0 D3hot D3cold
2025-01-12T23:54:45.415435+00:00 virtual3 kernel: [    0.684544] pci 0000:00:16.6: [15ad:07a0] type 01 class 0x060400
2025-01-12T23:54:45.415435+00:00 virtual3 kernel: [    0.686829] pci 0000:00:16.6: PME# supported from D0 D3hot D3cold
2025-01-12T23:54:45.415436+00:00 virtual3 kernel: [    0.687943] pci 0000:00:16.7: [15ad:07a0] type 01 class 0x060400
2025-01-12T23:54:45.415446+00:00 virtual3 kernel: [    0.690200] pci 0000:00:16.7: PME# supported from D0 D3hot D3cold
2025-01-12T23:54:45.415449+00:00 virtual3 kernel: [    0.691449] pci 0000:00:17.0: [15ad:07a0] type 01 class 0x060400
2025-01-12T23:54:45.415449+00:00 virtual3 kernel: [    0.693857] pci 0000:00:17.0: PME# supported from D0 D3hot D3cold
2025-01-12T23:54:45.415450+00:00 virtual3 kernel: [    0.694952] pci 0000:00:17.1: [15ad:07a0] type 01 class 0x060400
2025-01-12T23:54:45.415450+00:00 virtual3 kernel: [    0.698671] pci 0000:00:17.1: PME# supported from D0 D3hot D3cold
2025-01-12T23:54:45.415451+00:00 virtual3 kernel: [    0.701059] pci 0000:00:17.2: [15ad:07a0] type 01 class 0x060400
2025-01-12T23:54:45.415451+00:00 virtual3 kernel: [    0.702042] pci 0000:00:17.2: PME# supported from D0 D3hot D3cold
2025-01-12T23:54:45.415461+00:00 virtual3 kernel: [    0.703238] pci 0000:00:17.3: [15ad:07a0] type 01 class 0x060400
2025-01-12T23:54:45.415464+00:00 virtual3 kernel: [    0.705170] pci 0000:00:17.3: PME# supported from D0 D3hot D3cold
2025-01-12T23:54:45.415464+00:00 virtual3 kernel: [    0.710050] pci 0000:00:17.4: [15ad:07a0] type 01 class 0x060400
2025-01-12T23:54:45.415465+00:00 virtual3 kernel: [    0.713088] pci 0000:00:17.4: PME# supported from D0 D3hot D3cold
2025-01-12T23:54:45.415530+00:00 virtual3 kernel: [    0.715732] pci 0000:00:17.5: [15ad:07a0] type 01 class 0x060400
2025-01-12T23:54:45.415533+00:00 virtual3 kernel: [    0.718057] pci 0000:00:17.5: PME# supported from D0 D3hot D3cold
2025-01-12T23:54:45.415543+00:00 virtual3 kernel: [    0.719284] pci 0000:00:17.6: [15ad:07a0] type 01 class 0x060400
2025-01-12T23:54:45.415546+00:00 virtual3 kernel: [    0.721623] pci 0000:00:17.6: PME# supported from D0 D3hot D3cold
2025-01-12T23:54:45.415547+00:00 virtual3 kernel: [    0.722703] pci 0000:00:17.7: [15ad:07a0] type 01 class 0x060400
2025-01-12T23:54:45.415547+00:00 virtual3 kernel: [    0.724884] pci 0000:00:17.7: PME# supported from D0 D3hot D3cold
2025-01-12T23:54:45.415548+00:00 virtual3 kernel: [    0.727144] pci 0000:00:18.0: [15ad:07a0] type 01 class 0x060400
2025-01-12T23:54:45.415548+00:00 virtual3 kernel: [    0.732131] pci 0000:00:18.0: PME# supported from D0 D3hot D3cold
2025-01-12T23:54:45.415558+00:00 virtual3 kernel: [    0.734687] pci 0000:00:18.1: [15ad:07a0] type 01 class 0x060400
2025-01-12T23:54:45.415561+00:00 virtual3 kernel: [    0.737384] pci 0000:00:18.1: PME# supported from D0 D3hot D3cold
2025-01-12T23:54:45.415562+00:00 virtual3 kernel: [    0.738485] pci 0000:00:18.2: [15ad:07a0] type 01 class 0x060400
2025-01-12T23:54:45.415562+00:00 virtual3 kernel: [    0.740853] pci 0000:00:18.2: PME# supported from D0 D3hot D3cold
2025-01-12T23:54:45.415563+00:00 virtual3 kernel: [    0.742317] pci 0000:00:18.3: [15ad:07a0] type 01 class 0x060400
2025-01-12T23:54:45.415564+00:00 virtual3 kernel: [    0.745026] pci 0000:00:18.3: PME# supported from D0 D3hot D3cold
2025-01-12T23:54:45.415564+00:00 virtual3 kernel: [    0.746062] pci 0000:00:18.4: [15ad:07a0] type 01 class 0x060400
2025-01-12T23:54:45.415574+00:00 virtual3 kernel: [    0.748315] pci 0000:00:18.4: PME# supported from D0 D3hot D3cold
2025-01-12T23:54:45.415577+00:00 virtual3 kernel: [    0.749453] pci 0000:00:18.5: [15ad:07a0] type 01 class 0x060400
2025-01-12T23:54:45.415578+00:00 virtual3 kernel: [    0.751806] pci 0000:00:18.5: PME# supported from D0 D3hot D3cold
2025-01-12T23:54:45.415578+00:00 virtual3 kernel: [    0.752853] pci 0000:00:18.6: [15ad:07a0] type 01 class 0x060400
2025-01-12T23:54:45.415579+00:00 virtual3 kernel: [    0.755106] pci 0000:00:18.6: PME# supported from D0 D3hot D3cold
2025-01-12T23:54:45.415579+00:00 virtual3 kernel: [    0.756216] pci 0000:00:18.7: [15ad:07a0] type 01 class 0x060400
2025-01-12T23:54:45.415589+00:00 virtual3 kernel: [    0.758451] pci 0000:00:18.7: PME# supported from D0 D3hot D3cold
2025-01-12T23:54:45.415592+00:00 virtual3 kernel: [    0.761114] pci_bus 0000:01: extended config space not accessible
2025-01-12T23:54:45.415592+00:00 virtual3 kernel: [    0.762913] pci 0000:00:01.0: PCI bridge to [bus 01]
2025-01-12T23:54:45.415593+00:00 virtual3 kernel: [    0.764199] pci_bus 0000:02: extended config space not accessible
2025-01-12T23:54:45.415594+00:00 virtual3 kernel: [    0.764508] acpiphp: Slot [32] registered
2025-01-12T23:54:45.415595+00:00 virtual3 kernel: [    0.764541] acpiphp: Slot [33] registered
2025-01-12T23:54:45.415596+00:00 virtual3 kernel: [    0.764579] acpiphp: Slot [34] registered
2025-01-12T23:54:45.415605+00:00 virtual3 kernel: [    0.764616] acpiphp: Slot [35] registered
2025-01-12T23:54:45.415608+00:00 virtual3 kernel: [    0.764652] acpiphp: Slot [36] registered
2025-01-12T23:54:45.415609+00:00 virtual3 kernel: [    0.764691] acpiphp: Slot [37] registered
2025-01-12T23:54:45.415609+00:00 virtual3 kernel: [    0.764726] acpiphp: Slot [38] registered
2025-01-12T23:54:45.415610+00:00 virtual3 kernel: [    0.764763] acpiphp: Slot [39] registered
2025-01-12T23:54:45.415610+00:00 virtual3 kernel: [    0.764799] acpiphp: Slot [40] registered
2025-01-12T23:54:45.415620+00:00 virtual3 kernel: [    0.764836] acpiphp: Slot [41] registered
2025-01-12T23:54:45.415623+00:00 virtual3 kernel: [    0.764876] acpiphp: Slot [42] registered
2025-01-12T23:54:45.415624+00:00 virtual3 kernel: [    0.764912] acpiphp: Slot [43] registered
2025-01-12T23:54:45.415624+00:00 virtual3 kernel: [    0.764948] acpiphp: Slot [44] registered
2025-01-12T23:54:45.415625+00:00 virtual3 kernel: [    0.764983] acpiphp: Slot [45] registered
2025-01-12T23:54:45.415625+00:00 virtual3 kernel: [    0.765020] acpiphp: Slot [46] registered
2025-01-12T23:54:45.415635+00:00 virtual3 kernel: [    0.765208] acpiphp: Slot [47] registered
2025-01-12T23:54:45.415638+00:00 virtual3 kernel: [    0.765244] acpiphp: Slot [48] registered
2025-01-12T23:54:45.415639+00:00 virtual3 kernel: [    0.765279] acpiphp: Slot [49] registered
2025-01-12T23:54:45.415639+00:00 virtual3 kernel: [    0.765325] acpiphp: Slot [50] registered
2025-01-12T23:54:45.415640+00:00 virtual3 kernel: [    0.765345] acpiphp: Slot [51] registered
2025-01-12T23:54:45.415640+00:00 virtual3 kernel: [    0.765367] acpiphp: Slot [52] registered
2025-01-12T23:54:45.415641+00:00 virtual3 kernel: [    0.765403] acpiphp: Slot [53] registered
2025-01-12T23:54:45.415650+00:00 virtual3 kernel: [    0.765503] acpiphp: Slot [54] registered
2025-01-12T23:54:45.415653+00:00 virtual3 kernel: [    0.765529] acpiphp: Slot [55] registered
2025-01-12T23:54:45.415654+00:00 virtual3 kernel: [    0.765543] acpiphp: Slot [56] registered
2025-01-12T23:54:45.415655+00:00 virtual3 kernel: [    0.765557] acpiphp: Slot [57] registered
2025-01-12T23:54:45.415655+00:00 virtual3 kernel: [    0.765571] acpiphp: Slot [58] registered
2025-01-12T23:54:45.415656+00:00 virtual3 kernel: [    0.765586] acpiphp: Slot [59] registered
2025-01-12T23:54:45.415665+00:00 virtual3 kernel: [    0.765600] acpiphp: Slot [60] registered
2025-01-12T23:54:45.415668+00:00 virtual3 kernel: [    0.765615] acpiphp: Slot [61] registered
2025-01-12T23:54:45.415669+00:00 virtual3 kernel: [    0.765627] acpiphp: Slot [62] registered
2025-01-12T23:54:45.415669+00:00 virtual3 kernel: [    0.765640] acpiphp: Slot [63] registered
2025-01-12T23:54:45.415670+00:00 virtual3 kernel: [    0.765731] pci 0000:02:00.0: [15ad:0774] type 00 class 0x0c0300
2025-01-12T23:54:45.415670+00:00 virtual3 kernel: [    0.768218] pci 0000:02:00.0: reg 0x20: [io  0x2080-0x209f]
2025-01-12T23:54:45.415671+00:00 virtual3 kernel: [    0.769998] pci 0000:02:01.0: [8086:100f] type 00 class 0x020000
2025-01-12T23:54:45.415681+00:00 virtual3 kernel: [    0.770810] pci 0000:02:01.0: reg 0x10: [mem 0xfd5c0000-0xfd5dffff 64bit]
2025-01-12T23:54:45.415684+00:00 virtual3 kernel: [    0.771399] pci 0000:02:01.0: reg 0x18: [mem 0xfdff0000-0xfdffffff 64bit]
2025-01-12T23:54:45.415684+00:00 virtual3 kernel: [    0.771856] pci 0000:02:01.0: reg 0x20: [io  0x2000-0x203f]
2025-01-12T23:54:45.415685+00:00 virtual3 kernel: [    0.772762] pci 0000:02:01.0: reg 0x30: [mem 0x00000000-0x0000ffff pref]
2025-01-12T23:54:45.415685+00:00 virtual3 kernel: [    0.773737] pci 0000:02:01.0: PME# supported from D0 D3hot D3cold
2025-01-12T23:54:45.415686+00:00 virtual3 kernel: [    0.774207] pci 0000:02:02.0: [1274:1371] type 00 class 0x040100
2025-01-12T23:54:45.415695+00:00 virtual3 kernel: [    0.774940] pci 0000:02:02.0: reg 0x10: [io  0x2040-0x207f]
2025-01-12T23:54:45.415698+00:00 virtual3 kernel: [    0.779361] pci 0000:02:03.0: [15ad:0770] type 00 class 0x0c0320
2025-01-12T23:54:45.415699+00:00 virtual3 kernel: [    0.779997] pci 0000:02:03.0: reg 0x10: [mem 0xfd5ef000-0xfd5effff]
2025-01-12T23:54:45.415699+00:00 virtual3 kernel: [    0.783558] pci 0000:02:04.0: [15ad:07e0] type 00 class 0x010601
2025-01-12T23:54:45.415700+00:00 virtual3 kernel: [    0.783558] pci 0000:02:04.0: reg 0x24: [mem 0xfd5ee000-0xfd5eefff]
2025-01-12T23:54:45.415701+00:00 virtual3 kernel: [    0.783888] pci 0000:02:04.0: reg 0x30: [mem 0x00000000-0x0000ffff pref]
2025-01-12T23:54:45.415710+00:00 virtual3 kernel: [    0.784970] pci 0000:02:04.0: PME# supported from D3hot
2025-01-12T23:54:45.415713+00:00 virtual3 kernel: [    0.791084] pci 0000:00:11.0: PCI bridge to [bus 02] (subtractive decode)
2025-01-12T23:54:45.415714+00:00 virtual3 kernel: [    0.791145] pci 0000:00:11.0:   bridge window [io  0x2000-0x3fff]
2025-01-12T23:54:45.415714+00:00 virtual3 kernel: [    0.791200] pci 0000:00:11.0:   bridge window [mem 0xfd500000-0xfdffffff]
2025-01-12T23:54:45.415715+00:00 virtual3 kernel: [    0.791305] pci 0000:00:11.0:   bridge window [mem 0xe7b00000-0xe7ffffff 64bit pref]
2025-01-12T23:54:45.415715+00:00 virtual3 kernel: [    0.791309] pci 0000:00:11.0:   bridge window [mem 0x000a0000-0x000bffff window] (subtractive decode)
2025-01-12T23:54:45.415716+00:00 virtual3 kernel: [    0.791312] pci 0000:00:11.0:   bridge window [mem 0x000d0000-0x000dbfff window] (subtractive decode)
2025-01-12T23:54:45.415730+00:00 virtual3 kernel: [    0.791314] pci 0000:00:11.0:   bridge window [mem 0x80000000-0xfebfffff window] (subtractive decode)
2025-01-12T23:54:45.415732+00:00 virtual3 kernel: [    0.791316] pci 0000:00:11.0:   bridge window [io  0x0000-0x0cf7 window] (subtractive decode)
2025-01-12T23:54:45.415732+00:00 virtual3 kernel: [    0.791318] pci 0000:00:11.0:   bridge window [io  0x0d00-0xfeff window] (subtractive decode)
2025-01-12T23:54:45.415733+00:00 virtual3 kernel: [    0.792081] pci 0000:00:15.0: PCI bridge to [bus 03]
2025-01-12T23:54:45.415733+00:00 virtual3 kernel: [    0.792101] pci 0000:00:15.0:   bridge window [io  0x4000-0x4fff]
2025-01-12T23:54:45.415734+00:00 virtual3 kernel: [    0.792120] pci 0000:00:15.0:   bridge window [mem 0xfd400000-0xfd4fffff]
2025-01-12T23:54:45.415744+00:00 virtual3 kernel: [    0.792192] pci 0000:00:15.0:   bridge window [mem 0xe7a00000-0xe7afffff 64bit pref]
2025-01-12T23:54:45.415747+00:00 virtual3 kernel: [    0.793600] pci 0000:00:15.1: PCI bridge to [bus 04]
2025-01-12T23:54:45.415747+00:00 virtual3 kernel: [    0.793726] pci 0000:00:15.1:   bridge window [io  0x8000-0x8fff]
2025-01-12T23:54:45.415748+00:00 virtual3 kernel: [    0.793851] pci 0000:00:15.1:   bridge window [mem 0xfd000000-0xfd0fffff]
2025-01-12T23:54:45.415749+00:00 virtual3 kernel: [    0.794093] pci 0000:00:15.1:   bridge window [mem 0xe7600000-0xe76fffff 64bit pref]
2025-01-12T23:54:45.415749+00:00 virtual3 kernel: [    0.795441] pci 0000:00:15.2: PCI bridge to [bus 05]
2025-01-12T23:54:45.415759+00:00 virtual3 kernel: [    0.795501] pci 0000:00:15.2:   bridge window [io  0xc000-0xcfff]
2025-01-12T23:54:45.415762+00:00 virtual3 kernel: [    0.795558] pci 0000:00:15.2:   bridge window [mem 0xfcc00000-0xfccfffff]
2025-01-12T23:54:45.415763+00:00 virtual3 kernel: [    0.795664] pci 0000:00:15.2:   bridge window [mem 0xe7200000-0xe72fffff 64bit pref]
2025-01-12T23:54:45.415763+00:00 virtual3 kernel: [    0.796421] pci 0000:00:15.3: PCI bridge to [bus 06]
2025-01-12T23:54:45.415764+00:00 virtual3 kernel: [    0.796526] pci 0000:00:15.3:   bridge window [mem 0xfc800000-0xfc8fffff]
2025-01-12T23:54:45.415764+00:00 virtual3 kernel: [    0.796632] pci 0000:00:15.3:   bridge window [mem 0xe6e00000-0xe6efffff 64bit pref]
2025-01-12T23:54:45.415774+00:00 virtual3 kernel: [    0.797483] pci 0000:00:15.4: PCI bridge to [bus 07]
2025-01-12T23:54:45.415777+00:00 virtual3 kernel: [    0.797588] pci 0000:00:15.4:   bridge window [mem 0xfc400000-0xfc4fffff]
2025-01-12T23:54:45.415777+00:00 virtual3 kernel: [    0.797693] pci 0000:00:15.4:   bridge window [mem 0xe6a00000-0xe6afffff 64bit pref]
2025-01-12T23:54:45.415778+00:00 virtual3 kernel: [    0.798449] pci 0000:00:15.5: PCI bridge to [bus 08]
2025-01-12T23:54:45.415779+00:00 virtual3 kernel: [    0.798554] pci 0000:00:15.5:   bridge window [mem 0xfc000000-0xfc0fffff]
2025-01-12T23:54:45.415779+00:00 virtual3 kernel: [    0.798658] pci 0000:00:15.5:   bridge window [mem 0xe6600000-0xe66fffff 64bit pref]
2025-01-12T23:54:45.415780+00:00 virtual3 kernel: [    0.799425] pci 0000:00:15.6: PCI bridge to [bus 09]
2025-01-12T23:54:45.415789+00:00 virtual3 kernel: [    0.799531] pci 0000:00:15.6:   bridge window [mem 0xfbc00000-0xfbcfffff]
2025-01-12T23:54:45.415792+00:00 virtual3 kernel: [    0.799642] pci 0000:00:15.6:   bridge window [mem 0xe6200000-0xe62fffff 64bit pref]
2025-01-12T23:54:45.415793+00:00 virtual3 kernel: [    0.800402] pci 0000:00:15.7: PCI bridge to [bus 0a]
2025-01-12T23:54:45.415793+00:00 virtual3 kernel: [    0.800507] pci 0000:00:15.7:   bridge window [mem 0xfb800000-0xfb8fffff]
2025-01-12T23:54:45.415794+00:00 virtual3 kernel: [    0.800612] pci 0000:00:15.7:   bridge window [mem 0xe5e00000-0xe5efffff 64bit pref]
2025-01-12T23:54:45.415795+00:00 virtual3 kernel: [    0.801503] pci 0000:00:16.0: PCI bridge to [bus 0b]
2025-01-12T23:54:45.415804+00:00 virtual3 kernel: [    0.801558] pci 0000:00:16.0:   bridge window [io  0x5000-0x5fff]
2025-01-12T23:54:45.415807+00:00 virtual3 kernel: [    0.801612] pci 0000:00:16.0:   bridge window [mem 0xfd300000-0xfd3fffff]
2025-01-12T23:54:45.415808+00:00 virtual3 kernel: [    0.801717] pci 0000:00:16.0:   bridge window [mem 0xe7900000-0xe79fffff 64bit pref]
2025-01-12T23:54:45.415808+00:00 virtual3 kernel: [    0.802480] pci 0000:00:16.1: PCI bridge to [bus 0c]
2025-01-12T23:54:45.415809+00:00 virtual3 kernel: [    0.802533] pci 0000:00:16.1:   bridge window [io  0x9000-0x9fff]
2025-01-12T23:54:45.415809+00:00 virtual3 kernel: [    0.802587] pci 0000:00:16.1:   bridge window [mem 0xfcf00000-0xfcffffff]
2025-01-12T23:54:45.415810+00:00 virtual3 kernel: [    0.802692] pci 0000:00:16.1:   bridge window [mem 0xe7500000-0xe75fffff 64bit pref]
2025-01-12T23:54:45.415925+00:00 virtual3 kernel: [    0.803461] pci 0000:00:16.2: PCI bridge to [bus 0d]
2025-01-12T23:54:45.416001+00:00 virtual3 kernel: [    0.803515] pci 0000:00:16.2:   bridge window [io  0xd000-0xdfff]
2025-01-12T23:54:45.416004+00:00 virtual3 kernel: [    0.803568] pci 0000:00:16.2:   bridge window [mem 0xfcb00000-0xfcbfffff]
2025-01-12T23:54:45.416024+00:00 virtual3 kernel: [    0.803673] pci 0000:00:16.2:   bridge window [mem 0xe7100000-0xe71fffff 64bit pref]
2025-01-12T23:54:45.416027+00:00 virtual3 kernel: [    0.804423] pci 0000:00:16.3: PCI bridge to [bus 0e]
2025-01-12T23:54:45.416029+00:00 virtual3 kernel: [    0.804528] pci 0000:00:16.3:   bridge window [mem 0xfc700000-0xfc7fffff]
2025-01-12T23:54:45.416041+00:00 virtual3 kernel: [    0.804634] pci 0000:00:16.3:   bridge window [mem 0xe6d00000-0xe6dfffff 64bit pref]
2025-01-12T23:54:45.416045+00:00 virtual3 kernel: [    0.805396] pci 0000:00:16.4: PCI bridge to [bus 0f]
2025-01-12T23:54:45.416046+00:00 virtual3 kernel: [    0.805464] pci 0000:00:16.4:   bridge window [mem 0xfc300000-0xfc3fffff]
2025-01-12T23:54:45.416047+00:00 virtual3 kernel: [    0.805544] pci 0000:00:16.4:   bridge window [mem 0xe6900000-0xe69fffff 64bit pref]
2025-01-12T23:54:45.416048+00:00 virtual3 kernel: [    0.806353] pci 0000:00:16.5: PCI bridge to [bus 10]
2025-01-12T23:54:45.416049+00:00 virtual3 kernel: [    0.806463] pci 0000:00:16.5:   bridge window [mem 0xfbf00000-0xfbffffff]
2025-01-12T23:54:45.414243+00:00 virtual3 rsyslogd: [origin software="rsyslogd" swVersion="8.2302.0" x-pid="754" x-info="https://www.rsyslog.com"] start
2025-01-12T23:54:45.416060+00:00 virtual3 kernel: [    0.806577] pci 0000:00:16.5:   bridge window [mem 0xe6500000-0xe65fffff 64bit pref]
2025-01-12T23:54:45.416064+00:00 virtual3 kernel: [    0.807346] pci 0000:00:16.6: PCI bridge to [bus 11]
2025-01-12T23:54:45.416065+00:00 virtual3 kernel: [    0.807450] pci 0000:00:16.6:   bridge window [mem 0xfbb00000-0xfbbfffff]
2025-01-12T23:54:45.416066+00:00 virtual3 kernel: [    0.807555] pci 0000:00:16.6:   bridge window [mem 0xe6100000-0xe61fffff 64bit pref]
2025-01-12T23:54:45.416067+00:00 virtual3 kernel: [    0.808309] pci 0000:00:16.7: PCI bridge to [bus 12]
2025-01-12T23:54:45.416067+00:00 virtual3 kernel: [    0.808414] pci 0000:00:16.7:   bridge window [mem 0xfb700000-0xfb7fffff]
2025-01-12T23:54:45.416068+00:00 virtual3 kernel: [    0.808518] pci 0000:00:16.7:   bridge window [mem 0xe5d00000-0xe5dfffff 64bit pref]
2025-01-12T23:54:45.416078+00:00 virtual3 kernel: [    0.809288] pci 0000:00:17.0: PCI bridge to [bus 13]
2025-01-12T23:54:45.416081+00:00 virtual3 kernel: [    0.809349] pci 0000:00:17.0:   bridge window [io  0x6000-0x6fff]
2025-01-12T23:54:45.416082+00:00 virtual3 kernel: [    0.809406] pci 0000:00:17.0:   bridge window [mem 0xfd200000-0xfd2fffff]
2025-01-12T23:54:45.416083+00:00 virtual3 kernel: [    0.809513] pci 0000:00:17.0:   bridge window [mem 0xe7800000-0xe78fffff 64bit pref]
2025-01-12T23:54:45.416083+00:00 virtual3 kernel: [    0.810406] pci 0000:00:17.1: PCI bridge to [bus 14]
2025-01-12T23:54:45.416084+00:00 virtual3 kernel: [    0.810461] pci 0000:00:17.1:   bridge window [io  0xa000-0xafff]
2025-01-12T23:54:45.416094+00:00 virtual3 kernel: [    0.810515] pci 0000:00:17.1:   bridge window [mem 0xfce00000-0xfcefffff]
2025-01-12T23:54:45.416097+00:00 virtual3 kernel: [    0.810620] pci 0000:00:17.1:   bridge window [mem 0xe7400000-0xe74fffff 64bit pref]
2025-01-12T23:54:45.416097+00:00 virtual3 kernel: [    0.811383] pci 0000:00:17.2: PCI bridge to [bus 15]
2025-01-12T23:54:45.416098+00:00 virtual3 kernel: [    0.811437] pci 0000:00:17.2:   bridge window [io  0xe000-0xefff]
2025-01-12T23:54:45.416099+00:00 virtual3 kernel: [    0.811491] pci 0000:00:17.2:   bridge window [mem 0xfca00000-0xfcafffff]
2025-01-12T23:54:45.416099+00:00 virtual3 kernel: [    0.811599] pci 0000:00:17.2:   bridge window [mem 0xe7000000-0xe70fffff 64bit pref]
2025-01-12T23:54:45.416100+00:00 virtual3 kernel: [    0.812357] pci 0000:00:17.3: PCI bridge to [bus 16]
2025-01-12T23:54:45.416120+00:00 virtual3 kernel: [    0.812473] pci 0000:00:17.3:   bridge window [mem 0xfc600000-0xfc6fffff]
2025-01-12T23:54:45.416124+00:00 virtual3 kernel: [    0.812578] pci 0000:00:17.3:   bridge window [mem 0xe6c00000-0xe6cfffff 64bit pref]
2025-01-12T23:54:45.416125+00:00 virtual3 kernel: [    0.813432] pci 0000:00:17.4: PCI bridge to [bus 17]
2025-01-12T23:54:45.416125+00:00 virtual3 kernel: [    0.813540] pci 0000:00:17.4:   bridge window [mem 0xfc200000-0xfc2fffff]
2025-01-12T23:54:45.416126+00:00 virtual3 kernel: [    0.813645] pci 0000:00:17.4:   bridge window [mem 0xe6800000-0xe68fffff 64bit pref]
2025-01-12T23:54:45.416127+00:00 virtual3 kernel: [    0.814402] pci 0000:00:17.5: PCI bridge to [bus 18]
2025-01-12T23:54:45.416137+00:00 virtual3 kernel: [    0.814516] pci 0000:00:17.5:   bridge window [mem 0xfbe00000-0xfbefffff]
2025-01-12T23:54:45.416140+00:00 virtual3 kernel: [    0.814621] pci 0000:00:17.5:   bridge window [mem 0xe6400000-0xe64fffff 64bit pref]
2025-01-12T23:54:45.416141+00:00 virtual3 kernel: [    0.815397] pci 0000:00:17.6: PCI bridge to [bus 19]
2025-01-12T23:54:45.416141+00:00 virtual3 kernel: [    0.815504] pci 0000:00:17.6:   bridge window [mem 0xfba00000-0xfbafffff]
2025-01-12T23:54:45.416142+00:00 virtual3 kernel: [    0.815610] pci 0000:00:17.6:   bridge window [mem 0xe6000000-0xe60fffff 64bit pref]
2025-01-12T23:54:45.416142+00:00 virtual3 kernel: [    0.816420] pci 0000:00:17.7: PCI bridge to [bus 1a]
2025-01-12T23:54:45.416152+00:00 virtual3 kernel: [    0.816550] pci 0000:00:17.7:   bridge window [mem 0xfb600000-0xfb6fffff]
2025-01-12T23:54:45.416155+00:00 virtual3 kernel: [    0.816657] pci 0000:00:17.7:   bridge window [mem 0xe5c00000-0xe5cfffff 64bit pref]
2025-01-12T23:54:45.416156+00:00 virtual3 kernel: [    0.817404] pci 0000:00:18.0: PCI bridge to [bus 1b]
2025-01-12T23:54:45.416156+00:00 virtual3 kernel: [    0.817458] pci 0000:00:18.0:   bridge window [io  0x7000-0x7fff]
2025-01-12T23:54:45.416157+00:00 virtual3 kernel: [    0.817512] pci 0000:00:18.0:   bridge window [mem 0xfd100000-0xfd1fffff]
2025-01-12T23:54:45.416157+00:00 virtual3 kernel: [    0.817619] pci 0000:00:18.0:   bridge window [mem 0xe7700000-0xe77fffff 64bit pref]
2025-01-12T23:54:45.416158+00:00 virtual3 kernel: [    0.818323] pci 0000:00:18.1: PCI bridge to [bus 1c]
2025-01-12T23:54:45.416168+00:00 virtual3 kernel: [    0.818385] pci 0000:00:18.1:   bridge window [io  0xb000-0xbfff]
2025-01-12T23:54:45.416171+00:00 virtual3 kernel: [    0.818439] pci 0000:00:18.1:   bridge window [mem 0xfcd00000-0xfcdfffff]
2025-01-12T23:54:45.416171+00:00 virtual3 kernel: [    0.818545] pci 0000:00:18.1:   bridge window [mem 0xe7300000-0xe73fffff 64bit pref]
2025-01-12T23:54:45.416172+00:00 virtual3 kernel: [    0.819350] pci 0000:00:18.2: PCI bridge to [bus 1d]
2025-01-12T23:54:45.416173+00:00 virtual3 kernel: [    0.819455] pci 0000:00:18.2:   bridge window [mem 0xfc900000-0xfc9fffff]
2025-01-12T23:54:45.416173+00:00 virtual3 kernel: [    0.819561] pci 0000:00:18.2:   bridge window [mem 0xe6f00000-0xe6ffffff 64bit pref]
2025-01-12T23:54:45.416185+00:00 virtual3 kernel: [    0.820588] pci 0000:00:18.3: PCI bridge to [bus 1e]
2025-01-12T23:54:45.416188+00:00 virtual3 kernel: [    0.820698] pci 0000:00:18.3:   bridge window [mem 0xfc500000-0xfc5fffff]
2025-01-12T23:54:45.416189+00:00 virtual3 kernel: [    0.820804] pci 0000:00:18.3:   bridge window [mem 0xe6b00000-0xe6bfffff 64bit pref]
2025-01-12T23:54:45.416189+00:00 virtual3 kernel: [    0.821860] pci 0000:00:18.4: PCI bridge to [bus 1f]
2025-01-12T23:54:45.416190+00:00 virtual3 kernel: [    0.821971] pci 0000:00:18.4:   bridge window [mem 0xfc100000-0xfc1fffff]
2025-01-12T23:54:45.416190+00:00 virtual3 kernel: [    0.822078] pci 0000:00:18.4:   bridge window [mem 0xe6700000-0xe67fffff 64bit pref]
2025-01-12T23:54:45.416191+00:00 virtual3 kernel: [    0.822847] pci 0000:00:18.5: PCI bridge to [bus 20]
2025-01-12T23:54:45.416201+00:00 virtual3 kernel: [    0.822955] pci 0000:00:18.5:   bridge window [mem 0xfbd00000-0xfbdfffff]
2025-01-12T23:54:45.416204+00:00 virtual3 kernel: [    0.823100] pci 0000:00:18.5:   bridge window [mem 0xe6300000-0xe63fffff 64bit pref]
2025-01-12T23:54:45.416204+00:00 virtual3 kernel: [    0.823861] pci 0000:00:18.6: PCI bridge to [bus 21]
2025-01-12T23:54:45.416205+00:00 virtual3 kernel: [    0.823967] pci 0000:00:18.6:   bridge window [mem 0xfb900000-0xfb9fffff]
2025-01-12T23:54:45.416205+00:00 virtual3 kernel: [    0.824073] pci 0000:00:18.6:   bridge window [mem 0xe5f00000-0xe5ffffff 64bit pref]
2025-01-12T23:54:45.416206+00:00 virtual3 kernel: [    0.825521] pci 0000:00:18.7: PCI bridge to [bus 22]
2025-01-12T23:54:45.416216+00:00 virtual3 kernel: [    0.825644] pci 0000:00:18.7:   bridge window [mem 0xfb500000-0xfb5fffff]
2025-01-12T23:54:45.416219+00:00 virtual3 kernel: [    0.825880] pci 0000:00:18.7:   bridge window [mem 0xe5b00000-0xe5bfffff 64bit pref]
2025-01-12T23:54:45.416219+00:00 virtual3 kernel: [    0.830754] ACPI: PCI: Interrupt link LNKA configured for IRQ 9
2025-01-12T23:54:45.416220+00:00 virtual3 kernel: [    0.830904] ACPI: PCI: Interrupt link LNKB configured for IRQ 11
2025-01-12T23:54:45.416277+00:00 virtual3 kernel: [    0.831045] ACPI: PCI: Interrupt link LNKC configured for IRQ 10
2025-01-12T23:54:45.416279+00:00 virtual3 kernel: [    0.831186] ACPI: PCI: Interrupt link LNKD configured for IRQ 7
2025-01-12T23:54:45.416289+00:00 virtual3 kernel: [    0.848004] iommu: Default domain type: Translated 
2025-01-12T23:54:45.416292+00:00 virtual3 kernel: [    0.848004] iommu: DMA domain TLB invalidation policy: lazy mode 
2025-01-12T23:54:45.416293+00:00 virtual3 kernel: [    0.848004] pps_core: LinuxPPS API ver. 1 registered
2025-01-12T23:54:45.416293+00:00 virtual3 kernel: [    0.848004] pps_core: Software ver. 5.3.6 - Copyright 2005-2007 Rodolfo Giometti <giometti@linux.it>
2025-01-12T23:54:45.416294+00:00 virtual3 kernel: [    0.848004] PTP clock support registered
2025-01-12T23:54:45.416295+00:00 virtual3 kernel: [    0.848004] EDAC MC: Ver: 3.0.0
2025-01-12T23:54:45.416295+00:00 virtual3 kernel: [    0.851071] NetLabel: Initializing
2025-01-12T23:54:45.416305+00:00 virtual3 kernel: [    0.851071] NetLabel:  domain hash size = 128
2025-01-12T23:54:45.416308+00:00 virtual3 kernel: [    0.851071] NetLabel:  protocols = UNLABELED CIPSOv4 CALIPSO
2025-01-12T23:54:45.416309+00:00 virtual3 kernel: [    0.851071] NetLabel:  unlabeled traffic allowed by default
2025-01-12T23:54:45.416309+00:00 virtual3 kernel: [    0.851071] PCI: Using ACPI for IRQ routing
2025-01-12T23:54:45.416310+00:00 virtual3 kernel: [    0.922295] PCI: pci_cache_line_size set to 64 bytes
2025-01-12T23:54:45.416310+00:00 virtual3 kernel: [    0.924819] e820: reserve RAM buffer [mem 0x0009e800-0x0009ffff]
2025-01-12T23:54:45.416320+00:00 virtual3 kernel: [    0.924825] e820: reserve RAM buffer [mem 0x7fee0000-0x7fffffff]
2025-01-12T23:54:45.416323+00:00 virtual3 kernel: [    0.925348] pci 0000:00:0f.0: vgaarb: setting as boot VGA device
2025-01-12T23:54:45.416324+00:00 virtual3 kernel: [    0.925348] pci 0000:00:0f.0: vgaarb: bridge control possible
2025-01-12T23:54:45.416324+00:00 virtual3 kernel: [    0.925348] pci 0000:00:0f.0: vgaarb: VGA device added: decodes=io+mem,owns=io+mem,locks=none
2025-01-12T23:54:45.416325+00:00 virtual3 kernel: [    0.925358] vgaarb: loaded
2025-01-12T23:54:45.416326+00:00 virtual3 kernel: [    0.927766] hpet0: at MMIO 0xfed00000, IRQs 2, 8, 0, 0, 0, 0, 0, 0, 0, 0, 0, 0, 0, 0, 0, 0
2025-01-12T23:54:45.416335+00:00 virtual3 kernel: [    0.927785] hpet0: 16 comparators, 64-bit 14.318180 MHz counter
2025-01-12T23:54:45.416338+00:00 virtual3 kernel: [    0.929682] clocksource: Switched to clocksource tsc-early
2025-01-12T23:54:45.416339+00:00 virtual3 kernel: [    0.938615] VFS: Disk quotas dquot_6.6.0
2025-01-12T23:54:45.416339+00:00 virtual3 kernel: [    0.938658] VFS: Dquot-cache hash table entries: 512 (order 0, 4096 bytes)
2025-01-12T23:54:45.416340+00:00 virtual3 kernel: [    0.938841] AppArmor: AppArmor Filesystem Enabled
2025-01-12T23:54:45.416341+00:00 virtual3 kernel: [    0.938866] pnp: PnP ACPI init
2025-01-12T23:54:45.416341+00:00 virtual3 kernel: [    0.939262] system 00:00: [io  0x1000-0x103f] has been reserved
2025-01-12T23:54:45.416351+00:00 virtual3 kernel: [    0.939270] system 00:00: [io  0x1040-0x104f] has been reserved
2025-01-12T23:54:45.416354+00:00 virtual3 kernel: [    0.939274] system 00:00: [io  0x0cf0-0x0cf1] has been reserved
2025-01-12T23:54:45.416355+00:00 virtual3 kernel: [    0.940305] system 00:04: [mem 0xfed00000-0xfed003ff] has been reserved
2025-01-12T23:54:45.416355+00:00 virtual3 kernel: [    0.943798] system 00:05: [io  0xfce0-0xfcff] has been reserved
2025-01-12T23:54:45.416356+00:00 virtual3 kernel: [    0.943809] system 00:05: [mem 0xf0000000-0xf7ffffff] has been reserved
2025-01-12T23:54:45.416356+00:00 virtual3 kernel: [    0.943814] system 00:05: [mem 0xfe800000-0xfe9fffff] has been reserved
2025-01-12T23:54:45.416366+00:00 virtual3 kernel: [    0.956279] pnp: PnP ACPI: found 6 devices
2025-01-12T23:54:45.416369+00:00 virtual3 kernel: [    0.977871] clocksource: acpi_pm: mask: 0xffffff max_cycles: 0xffffff, max_idle_ns: 2085701024 ns
2025-01-12T23:54:45.416370+00:00 virtual3 kernel: [    0.978046] NET: Registered PF_INET protocol family
2025-01-12T23:54:45.416427+00:00 virtual3 kernel: [    0.978135] IP idents hash table entries: 32768 (order: 6, 262144 bytes, linear)
2025-01-12T23:54:45.416429+00:00 virtual3 kernel: [    0.979841] tcp_listen_portaddr_hash hash table entries: 1024 (order: 2, 16384 bytes, linear)
2025-01-12T23:54:45.416430+00:00 virtual3 kernel: [    0.979901] Table-perturb hash table entries: 65536 (order: 6, 262144 bytes, linear)
2025-01-12T23:54:45.416431+00:00 virtual3 kernel: [    0.980006] TCP established hash table entries: 16384 (order: 5, 131072 bytes, linear)
2025-01-12T23:54:45.416441+00:00 virtual3 kernel: [    0.980108] TCP bind hash table entries: 16384 (order: 7, 524288 bytes, linear)
2025-01-12T23:54:45.416444+00:00 virtual3 kernel: [    0.980160] TCP: Hash tables configured (established 16384 bind 16384)
2025-01-12T23:54:45.416445+00:00 virtual3 kernel: [    0.980558] MPTCP token hash table entries: 2048 (order: 3, 49152 bytes, linear)
2025-01-12T23:54:45.416445+00:00 virtual3 kernel: [    0.980596] UDP hash table entries: 1024 (order: 3, 32768 bytes, linear)
2025-01-12T23:54:45.416446+00:00 virtual3 kernel: [    0.980610] UDP-Lite hash table entries: 1024 (order: 3, 32768 bytes, linear)
2025-01-12T23:54:45.416446+00:00 virtual3 kernel: [    0.980841] NET: Registered PF_UNIX/PF_LOCAL protocol family
2025-01-12T23:54:45.416456+00:00 virtual3 kernel: [    0.980859] NET: Registered PF_XDP protocol family
2025-01-12T23:54:45.416459+00:00 virtual3 kernel: [    0.980891] pci 0000:00:15.3: bridge window [io  0x1000-0x0fff] to [bus 06] add_size 1000
2025-01-12T23:54:45.416460+00:00 virtual3 kernel: [    0.980899] pci 0000:00:15.4: bridge window [io  0x1000-0x0fff] to [bus 07] add_size 1000
2025-01-12T23:54:45.416460+00:00 virtual3 kernel: [    0.980902] pci 0000:00:15.5: bridge window [io  0x1000-0x0fff] to [bus 08] add_size 1000
2025-01-12T23:54:45.416461+00:00 virtual3 kernel: [    0.980905] pci 0000:00:15.6: bridge window [io  0x1000-0x0fff] to [bus 09] add_size 1000
2025-01-12T23:54:45.416462+00:00 virtual3 kernel: [    0.980908] pci 0000:00:15.7: bridge window [io  0x1000-0x0fff] to [bus 0a] add_size 1000
2025-01-12T23:54:45.416471+00:00 virtual3 kernel: [    0.980913] pci 0000:00:16.3: bridge window [io  0x1000-0x0fff] to [bus 0e] add_size 1000
2025-01-12T23:54:45.416501+00:00 virtual3 kernel: [    0.980915] pci 0000:00:16.4: bridge window [io  0x1000-0x0fff] to [bus 0f] add_size 1000
2025-01-12T23:54:45.416502+00:00 virtual3 kernel: [    0.980918] pci 0000:00:16.5: bridge window [io  0x1000-0x0fff] to [bus 10] add_size 1000
2025-01-12T23:54:45.416502+00:00 virtual3 kernel: [    0.980921] pci 0000:00:16.6: bridge window [io  0x1000-0x0fff] to [bus 11] add_size 1000
2025-01-12T23:54:45.416502+00:00 virtual3 kernel: [    0.980924] pci 0000:00:16.7: bridge window [io  0x1000-0x0fff] to [bus 12] add_size 1000
2025-01-12T23:54:45.416502+00:00 virtual3 kernel: [    0.980927] pci 0000:00:17.3: bridge window [io  0x1000-0x0fff] to [bus 16] add_size 1000
2025-01-12T23:54:45.416502+00:00 virtual3 kernel: [    0.980930] pci 0000:00:17.4: bridge window [io  0x1000-0x0fff] to [bus 17] add_size 1000
2025-01-12T23:54:45.416512+00:00 virtual3 kernel: [    0.980933] pci 0000:00:17.5: bridge window [io  0x1000-0x0fff] to [bus 18] add_size 1000
2025-01-12T23:54:45.416513+00:00 virtual3 kernel: [    0.980936] pci 0000:00:17.6: bridge window [io  0x1000-0x0fff] to [bus 19] add_size 1000
2025-01-12T23:54:45.416513+00:00 virtual3 kernel: [    0.980939] pci 0000:00:17.7: bridge window [io  0x1000-0x0fff] to [bus 1a] add_size 1000
2025-01-12T23:54:45.416513+00:00 virtual3 kernel: [    0.980943] pci 0000:00:18.2: bridge window [io  0x1000-0x0fff] to [bus 1d] add_size 1000
2025-01-12T23:54:45.416514+00:00 virtual3 kernel: [    0.980946] pci 0000:00:18.3: bridge window [io  0x1000-0x0fff] to [bus 1e] add_size 1000
2025-01-12T23:54:45.416514+00:00 virtual3 kernel: [    0.980949] pci 0000:00:18.4: bridge window [io  0x1000-0x0fff] to [bus 1f] add_size 1000
2025-01-12T23:54:45.416518+00:00 virtual3 kernel: [    0.980952] pci 0000:00:18.5: bridge window [io  0x1000-0x0fff] to [bus 20] add_size 1000
2025-01-12T23:54:45.416519+00:00 virtual3 kernel: [    0.980955] pci 0000:00:18.6: bridge window [io  0x1000-0x0fff] to [bus 21] add_size 1000
2025-01-12T23:54:45.416519+00:00 virtual3 kernel: [    0.980957] pci 0000:00:18.7: bridge window [io  0x1000-0x0fff] to [bus 22] add_size 1000
